09-13 23:33:54.902 15149 19164 I AmazonAppstore.PackageManagerUtils: NameNotFoundException thrown while determining if org.xbmc.kodi is offloaded
09-13 23:34:19.270   781   817 I PackageManager.DexOptimizer: Running dexopt (dexoptNeeded=1) on: /data/app/org.xbmc.kodi-BXirQMlvRaAcCSI9doqkHg==/base.apk pkg=XXX isa=arm dexoptFlags=boot_complete,profile_guided,public,enable_hidden_api_checks targetFilter=speed-profile oatDir=/data/app/org.xbmc.kodi-BXirQMlvRaAcCSI9doqkHg==/oat classLoaderContext=PCL[]
09-13 23:34:19.365 19215 19215 I dex2oat : /system/bin/dex2oat --input-vdex-fd=-1 --output-vdex-fd=17 --compiler-filter=speed-profile -j7 --classpath-dir=/data/app/org.xbmc.kodi-BXirQMlvRaAcCSI9doqkHg== --class-loader-context=PCL[] --generate-mini-debug-info --compact-dex-level=none --compilation-reason=install
09-13 23:34:22.548   781   817 I com.android.server.pm.ExternalInstallPackageManagerCallback: Installation succeeded for app org.xbmc.kodi on internal storage. Return code:1
09-13 23:34:22.554   781  1150 I NetworkPolicy: setUidFirewallRule() for uid = 10223, packageName = org.xbmc.kodi, chain = 2, uidRules = {10010=0, 10023=0, 10025=0, 10032=0, 10042=0, 10051=0, 10053=0, 10064=0, 10066=0, 10068=0, 10070=0, 10072=0, 10077=0, 10080=0, 10081=0, 10083=0, 10084=0, 10100=0, 10105=0, 10106=0, 10108=0, 10110=0, 10112=0, 10113=0, 10115=0, 10116=0, 10120=0, 10123=0, 10125=0, 10127=0, 10128=0, 10129=0, 10132=0, 10141=0, 10143=0, 10144=0, 10146=0, 10147=0, 10148=0, 10149=0, 10151=0, 10152=0, 10155=0, 10157=0, 10158=0, 10162=0, 10164=0, 10165=0, 10168=0, 10171=0, 10173=0, 10181=0, 10205=0, 10207=0, 10208=0, 10212=0, 10218=0, 10219=0, 10223=0}
09-13 23:34:22.579  2240 18784 I Vizzini_3.0.1436.0:AppCache: App not in cache, looking up in app store: org.xbmc.kodi
09-13 23:34:22.583  5391  5424 I SALE_SaleService: PackageStatusReceiver: package added: org.xbmc.kodi
09-13 23:34:22.594   781   781 I AmazonInputSwitchService: Received package installation event for org.xbmc.kodi
09-13 23:34:22.598   781   797 I PackageRecency: Install of org.xbmc.kodi
09-13 23:34:22.603 15149 17128 W AmazonAppstore.ChannelMetadataRetriever: Channel with id (org.xbmc.kodi) not found in database.
09-13 23:34:22.655  2240 18784 I Vizzini_3.0.1436.0:AppCache: No app found: org.xbmc.kodi
09-13 23:34:22.659  2240  4064 I AlexaAppAgent_4.0.11662.0_AlexaAppAgentCommon: com.amazon.alexa.android.intent.action.PACKAGE_ADDED event for package org.xbmc.kodi, isReplacing false
09-13 23:34:22.660  2240  4064 I AlexaAppAgent_4.0.11662.0_CapabilityScanPackageUpdateListener: Package org.xbmc.kodi was added.
09-13 23:34:22.674  2240  4064 I AlexaAppAgent_4.0.11662.0_ManifestCapabilityScanner: [org.xbmc.kodi] has no metadata.
09-13 23:34:23.737 15149 18829 I AmazonAppstore.LibraryItem: Using tileType: sideloaded for item: org.xbmc.kodi
09-13 23:34:23.737 15149 18829 I AmazonAppstore.LibraryItem: Using tileType: sideloaded for item: org.xbmc.kodi
09-13 23:34:29.321   781  3451 I ActivityManager: START u0 {flg=0x10000000 cmp=org.xbmc.kodi/.Splash} from uid 2000
09-13 23:34:29.385   781   800 I ActivityManager: Start proc 19245:org.xbmc.kodi/u0a223 for activity org.xbmc.kodi/.Splash
09-13 23:34:29.392 19245 19245 E org.xbmc.kodi: Not starting debugger since process cannot load the jdwp agent.
09-13 23:34:29.392 19245 19251 I org.xbmc.kodi: Bumping SignalCatcher priority from 5 to 10
09-13 23:34:29.429  2240  2240 I UICM_Service_ForegroundAppMonitor_1.0.46088.0: current foreground app: org.xbmc.kodi
09-13 23:34:29.434  2240 18784 I Vizzini_3.0.1436.0:AppCache: App not found in cache: org.xbmc.kodi
09-13 23:34:29.436  2240  2240 W AlexaFocusPackageManagerParser: Package (org.xbmc.kodi) has not declared permission (amazon.speech.permission.SEND_DATA_TO_ALEXA) for implicit focus
09-13 23:34:29.437  2240  2240 W AlexaFocusVisualChannelSet: Package (org.xbmc.kodi) has not registered a namespace; attempting clear
09-13 23:34:29.443 19245 19245 I Kodi    : XBMCProperties: Expected at /storage/emulated/0/xbmc_env.properties
09-13 23:34:29.446 19245 19245 I chatty  : uid=10223(org.xbmc.kodi) identical 3 lines
09-13 23:34:29.479 19245 19245 I Kodi    : XBMCProperties: Expected at /storage/emulated/0/xbmc_env.properties
09-13 23:34:29.776   781   806 I ActivityManager: Displayed org.xbmc.kodi/.Splash: +391ms (total +337ms)
09-13 23:34:29.776   781  1255 I LaunchTimeProcessor: cool_app_launch_time of org.xbmc.kodi is 453ms with activity = org.xbmc.kodi/.Splash, app_version = 2190700, prev_activity = com.amazon.tv.launcher/.ui.HomeActivity_vNext, isChild = false, context = S1T0A1D0I0L1E0M9999R0
09-13 23:34:29.794   781  1255 I LaunchTimeProcessor: cool_activity_launch_time of org.xbmc.kodi is 361ms with activity = org.xbmc.kodi/.Splash, app_version = 2190700, prev_activity = com.amazon.tv.launcher/.ui.HomeActivity_vNext, isChild = false, context = S1T0A1D0I0L1E0M9999R0
09-13 23:34:43.473  2240  2240 I UICM_Service_ForegroundAppMonitor_1.0.46088.0: current foreground app: org.xbmc.kodi
09-13 23:34:43.477  2240 18784 I Vizzini_3.0.1436.0:AppCache: App not found in cache: org.xbmc.kodi
09-13 23:34:43.484  2240  2240 W AlexaFocusPackageManagerParser: Package (org.xbmc.kodi) has not declared permission (amazon.speech.permission.SEND_DATA_TO_ALEXA) for implicit focus
09-13 23:34:43.485  2240  2240 W AlexaFocusVisualChannelSet: Package (org.xbmc.kodi) has not registered a namespace; attempting clear
09-13 23:34:43.628   781  1255 I LaunchTimeProcessor: warm_app_cool_transition_launch_time of com.android.packageinstaller is 147ms with activity = com.android.packageinstaller/.permission.ui.GrantPermissionsActivity, app_version = 28, prev_activity = org.xbmc.kodi/.Splash, isChild = false, context = S1T0A1D0I0L1E0M9999R0
09-13 23:34:43.630   781  1255 I LaunchTimeProcessor: cool_activity_launch_time of com.android.packageinstaller is 121ms with activity = com.android.packageinstaller/.permission.ui.GrantPermissionsActivity, app_version = 28, prev_activity = org.xbmc.kodi/.Splash, isChild = false, context = S1T0A1D0I0L1E0M9999R0
09-13 23:34:44.328   781   781 I AmazonAudioService: RECORD_AUDIO permission was revoked for : org.xbmc.kodi
09-13 23:34:44.345   781   781 I AmazonAudioService: RECORD_AUDIO permission was revoked for : org.xbmc.kodi
09-13 23:34:44.376  2240  2240 I UICM_Service_ForegroundAppMonitor_1.0.46088.0: current foreground app: org.xbmc.kodi
09-13 23:34:44.382  2240 18784 I Vizzini_3.0.1436.0:AppCache: App not found in cache: org.xbmc.kodi
09-13 23:34:44.393 19245 19245 I Kodi    : XBMCProperties: Expected at /storage/emulated/0/xbmc_env.properties
09-13 23:34:44.394 19245 19245 I Kodi    : XBMCProperties: Expected at /storage/emulated/0/xbmc_env.properties
09-13 23:34:44.395 19245 19245 I Kodi    : XBMCProperties: Expected at /storage/emulated/0/xbmc_env.properties
09-13 23:34:44.402  2240  2240 W AlexaFocusPackageManagerParser: Package (org.xbmc.kodi) has not declared permission (amazon.speech.permission.SEND_DATA_TO_ALEXA) for implicit focus
09-13 23:34:44.402  2240  2240 W AlexaFocusVisualChannelSet: Package (org.xbmc.kodi) has not registered a namespace; attempting clear
09-13 23:34:47.937   781  3450 I ActivityManager: START u0 {flg=0x11000000 cmp=org.xbmc.kodi/.Main} from uid 10223
09-13 23:34:47.969  2240  2240 I UICM_Service_ForegroundAppMonitor_1.0.46088.0: current foreground app: org.xbmc.kodi
09-13 23:34:47.977  2240 18784 I Vizzini_3.0.1436.0:AppCache: App not found in cache: org.xbmc.kodi
09-13 23:34:47.981  2240  2240 W AlexaFocusPackageManagerParser: Package (org.xbmc.kodi) has not declared permission (amazon.speech.permission.SEND_DATA_TO_ALEXA) for implicit focus
09-13 23:34:47.981  2240  2240 W AlexaFocusVisualChannelSet: Package (org.xbmc.kodi) has not registered a namespace; attempting clear
09-13 23:34:48.708   441   471 E BufferQueueProducer: [org.xbmc.kodi/org.xbmc.kodi.Splash#0] disconnect: not connected (req=1)
09-13 23:34:48.732 19245 19335 I Kodi    : 2025-09-13 23:34:48.732 T:19335    info <general>: Log level changed to "trace"
09-13 23:34:48.745 19245 19335 W Kodi    : 2025-09-13 23:34:48.745 T:19335 warning <CSettingDependencyCondition>: missing setting for dependency
09-13 23:34:48.745 19245 19335 W Kodi    : 2025-09-13 23:34:48.745 T:19335 warning <CSetting>: error reading <dependency> tag of "videoplayer.convertdovi"
09-13 23:34:48.746   781   806 I ActivityManager: Displayed org.xbmc.kodi/.Main: +778ms (total +772ms)
09-13 23:34:48.747   781  1255 I LaunchTimeProcessor: warm_app_cool_transition_launch_time of org.xbmc.kodi is 781ms with activity = org.xbmc.kodi/.Main, app_version = 2190700, prev_activity = org.xbmc.kodi/.Splash, isChild = false, context = S1T0A1D0I0L1E0M9999R0
09-13 23:34:48.748   781  1255 I LaunchTimeProcessor: cool_activity_launch_time of org.xbmc.kodi is 781ms with activity = org.xbmc.kodi/.Main, app_version = 2190700, prev_activity = org.xbmc.kodi/.Splash, isChild = false, context = S1T0A1D0I0L1E0M9999R0
09-13 23:34:48.771 19245 19335 E Kodi    : 2025-09-13 23:34:48.771 T:19335   error <general>: Rename - Error renaming file /storage/emulated/0/Android/data/org.xbmc.kodi/files/.kodi/temp/kodi.log
09-13 23:34:48.771   441   470 W SurfaceFlinger: Attempting to destroy on removed layer: AppWindowToken{e50067b token=Token{e01e0a ActivityRecord{1b0ae75 u0 org.xbmc.kodi/.Splash t53}}}#0
09-13 23:34:48.771 19245 19335 I Kodi    : 2025-09-13 23:34:48.771 T:19335    info <general>: -----------------------------------------------------------------------
09-13 23:34:48.772 19245 19335 I Kodi    : 2025-09-13 23:34:48.772 T:19335    info <general>: Starting Kodi (22.0-ALPHA1 (21.90.700) Git:20250818-93aa9b2b85). Platform: Android ARM 32-bit
09-13 23:34:48.772 19245 19335 I Kodi    : 2025-09-13 23:34:48.772 T:19335    info <general>: Using Release Kodi x32
09-13 23:34:48.772 19245 19335 I Kodi    : 2025-09-13 23:34:48.772 T:19335    info <general>: Kodi compiled 2025-08-19 by Clang 19.0.1 (https://android.googlesource.com/toolchain/llvm-project 97a699bf4812a18fb657c2779f5296a4ab2694d2) for Android ARM 32-bit API level 24 (API level 24)
09-13 23:34:48.772 19245 19335 I Kodi    : 2025-09-13 23:34:48.772 T:19335    info <general>: Running on Amazon AFTGAZL with Android TV 9.0.0 API level 28, kernel: Linux ARM 32-bit version 5.4.125-ab23
09-13 23:34:48.772 19245 19335 I Kodi    : 2025-09-13 23:34:48.772 T:19335    info <general>: FFmpeg version/source: 7.1.1-Kodi
09-13 23:34:48.772 19245 19335 I Kodi    : 2025-09-13 23:34:48.772 T:19335    info <general>: Host CPU: ARMv8 Processor rev 4 (v8l), 8 cores available
09-13 23:34:48.772 19245 19335 I Kodi    : 2025-09-13 23:34:48.772 T:19335    info <general>: Product: gazelle, Device: gazelle, Board: gazelle - Manufacturer: Amazon, Brand: Amazon, Model: AFTGAZL, Hardware: amlogic
09-13 23:34:48.775 19245 19335 I Kodi    : 2025-09-13 23:34:48.775 T:19335    info <general>: External storage path = /storage/emulated/0; status = ok; Permissions = WRITE_EXTERNAL_STORAGE
09-13 23:34:48.775 19245 19335 I Kodi    : 2025-09-13 23:34:48.775 T:19335    info <general>: ARM Features: Neon enabled
09-13 23:34:48.775 19245 19335 I Kodi    : 2025-09-13 23:34:48.775 T:19335    info <general>: special://xbmc/ is mapped to: /data/user/0/org.xbmc.kodi/cache/apk/assets
09-13 23:34:48.775 19245 19335 I Kodi    : 2025-09-13 23:34:48.775 T:19335    info <general>: special://xbmcbin/ is mapped to: /data/user/0/org.xbmc.kodi/cache/apk/assets
09-13 23:34:48.775 19245 19335 I Kodi    : 2025-09-13 23:34:48.775 T:19335    info <general>: special://xbmcbinaddons/ is mapped to: /data/user/0/org.xbmc.kodi/cache/apk/assets/addons
09-13 23:34:48.775 19245 19335 I Kodi    : 2025-09-13 23:34:48.775 T:19335    info <general>: special://masterprofile/ is mapped to: /storage/emulated/0/Android/data/org.xbmc.kodi/files/.kodi/userdata
09-13 23:34:48.775 19245 19335 I Kodi    : 2025-09-13 23:34:48.775 T:19335    info <general>: special://envhome/ is mapped to: /storage/emulated/0/Android/data/org.xbmc.kodi/files
09-13 23:34:48.775 19245 19335 I Kodi    : 2025-09-13 23:34:48.775 T:19335    info <general>: special://home/ is mapped to: /storage/emulated/0/Android/data/org.xbmc.kodi/files/.kodi
09-13 23:34:48.775 19245 19335 I Kodi    : 2025-09-13 23:34:48.775 T:19335    info <general>: special://temp/ is mapped to: /storage/emulated/0/Android/data/org.xbmc.kodi/files/.kodi/temp
09-13 23:34:48.775 19245 19335 I Kodi    : 2025-09-13 23:34:48.775 T:19335    info <general>: special://logpath/ is mapped to: /storage/emulated/0/Android/data/org.xbmc.kodi/files/.kodi/temp
09-13 23:34:48.775 19245 19335 I Kodi    : 2025-09-13 23:34:48.775 T:19335    info <general>: Webserver extra whitelist paths: 
09-13 23:34:48.775 19245 19335 I Kodi    : 2025-09-13 23:34:48.775 T:19335    info <general>: The executable running is: /data/app/org.xbmc.kodi-BXirQMlvRaAcCSI9doqkHg==/lib/arm/libkodi.so
09-13 23:34:48.776 19245 19335 I Kodi    : 2025-09-13 23:34:48.776 T:19335    info <general>: Local hostname: 192.168.1.130
09-13 23:34:48.777 19245 19335 I Kodi    : 2025-09-13 23:34:48.777 T:19335    info <general>: Log File is located: /storage/emulated/0/Android/data/org.xbmc.kodi/files/.kodi/temp/kodi.log
09-13 23:34:48.777 19245 19335 I Kodi    : 2025-09-13 23:34:48.777 T:19335    info <general>: -----------------------------------------------------------------------
09-13 23:34:48.782 19245 19335 I Kodi    : 2025-09-13 23:34:48.782 T:19335    info <general>: loading settings
09-13 23:34:48.783 19245 19335 I Kodi    : 2025-09-13 23:34:48.783 T:19335    info <general>: special://profile/ is mapped to: special://masterprofile/
09-13 23:34:48.783 19245 19335 E Kodi    : 2025-09-13 23:34:48.783 T:19335   error <general>: CSettings: unable to load settings from special://masterprofile/guisettings.xml, creating new default settings
09-13 23:34:48.809 19245 19335 I Kodi    : 2025-09-13 23:34:48.809 T:19335    info <general>: No settings file to load (special://xbmc/system/advancedsettings.xml)
09-13 23:34:48.809 19245 19335 I Kodi    : 2025-09-13 23:34:48.809 T:19335    info <general>: No settings file to load (special://masterprofile/advancedsettings.xml)
09-13 23:34:48.809 19245 19335 I Kodi    : 2025-09-13 23:34:48.809 T:19335    info <general>: Default Video Player: VideoPlayer
09-13 23:34:48.809 19245 19335 I Kodi    : 2025-09-13 23:34:48.809 T:19335    info <general>: Default Audio Player: paplayer
09-13 23:34:48.809 19245 19335 I Kodi    : 2025-09-13 23:34:48.809 T:19335    info <general>: Disabled debug logging due to GUI setting. Level 0.
09-13 23:34:48.809 19245 19335 I Kodi    : 2025-09-13 23:34:48.809 T:19335    info <general>: Log level changed to "info"
09-13 23:34:48.811 19245 19335 I Kodi    : 2025-09-13 23:34:48.811 T:19335    info <general>: New Cache GUI Settings (replacement of cache in advancedsettings.xml) are:
09-13 23:34:48.811 19245 19335 I Kodi    :                                                      Buffer Mode: 4
09-13 23:34:48.811 19245 19335 I Kodi    :                                                      Memory Size: 64 MB
09-13 23:34:48.811 19245 19335 I Kodi    :                                                      Read Factor: 0.00 x (adaptive)
09-13 23:34:48.811 19245 19335 I Kodi    :                                                      Chunk Size : 131072 bytes
09-13 23:34:48.811 19245 19335 I Kodi    : 2025-09-13 23:34:48.811 T:19335    info <general>: creating subdirectories
09-13 23:34:48.811 19245 19335 I Kodi    : 2025-09-13 23:34:48.811 T:19335    info <general>: userdata folder: special://masterprofile/
09-13 23:34:48.811 19245 19335 I Kodi    : 2025-09-13 23:34:48.811 T:19335    info <general>: recording folder: 
09-13 23:34:48.811 19245 19335 I Kodi    : 2025-09-13 23:34:48.811 T:19335    info <general>: screenshots folder: 
09-13 23:34:48.838 19245 19335 I Kodi    : 2025-09-13 23:34:48.838 T:19335    info <general>: creating version table
09-13 23:34:48.838 19245 19335 I Kodi    : 2025-09-13 23:34:48.838 T:19335    info <general>: create addons table
09-13 23:34:48.839 19245 19335 I Kodi    : 2025-09-13 23:34:48.839 T:19335    info <general>: create repo table
09-13 23:34:48.839 19245 19335 I Kodi    : 2025-09-13 23:34:48.839 T:19335    info <general>: create addonlinkrepo table
09-13 23:34:48.839 19245 19335 I Kodi    : 2025-09-13 23:34:48.839 T:19335    info <general>: create update_rules table
09-13 23:34:48.839 19245 19335 I Kodi    : 2025-09-13 23:34:48.839 T:19335    info <general>: create package table
09-13 23:34:48.839 19245 19335 I Kodi    : 2025-09-13 23:34:48.839 T:19335    info <general>: create installed table
09-13 23:34:48.839 19245 19335 I Kodi    : 2025-09-13 23:34:48.839 T:19335    info <general>: creating addon database indices
09-13 23:34:48.907   441  2951 W SurfaceFlinger: Attempting to set client state on removed layer: Splash Screen org.xbmc.kodi#0
09-13 23:34:48.907   441  2951 W SurfaceFlinger: Attempting to destroy on removed layer: Splash Screen org.xbmc.kodi#0
09-13 23:34:48.936 19245 19335 I Kodi    : 2025-09-13 23:34:48.936 T:19335    info <general>: Addon Mananger: Found addon: 'audioencoder.kodi.builtin.aac v1.0.2'
09-13 23:34:48.937 19245 19335 I Kodi    : 2025-09-13 23:34:48.937 T:19335    info <general>: Addon Mananger: Found addon: 'audioencoder.kodi.builtin.wma v1.0.2'
09-13 23:34:48.937 19245 19335 I Kodi    : 2025-09-13 23:34:48.937 T:19335    info <general>: Addon Mananger: Found addon: 'game.controller.default v1.0.45'
09-13 23:34:48.937 19245 19335 I Kodi    : 2025-09-13 23:34:48.937 T:19335    info <general>: Addon Mananger: Found addon: 'game.controller.keyboard v1.1.46'
09-13 23:34:48.938 19245 19335 I Kodi    : 2025-09-13 23:34:48.938 T:19335    info <general>: Addon Mananger: Found addon: 'game.controller.mouse v1.0.29'
09-13 23:34:48.938 19245 19335 I Kodi    : 2025-09-13 23:34:48.938 T:19335    info <general>: Addon Mananger: Found addon: 'game.controller.snes v1.0.44'
09-13 23:34:48.938 19245 19335 I Kodi    : 2025-09-13 23:34:48.938 T:19335    info <general>: Addon Mananger: Found addon: 'kodi.binary.global.audioengine v1.1.1'
09-13 23:34:48.938 19245 19335 I Kodi    : 2025-09-13 23:34:48.938 T:19335    info <general>: Addon Mananger: Found addon: 'kodi.binary.global.filesystem v1.1.9'
09-13 23:34:48.939 19245 19335 I Kodi    : 2025-09-13 23:34:48.939 T:19335    info <general>: Addon Mananger: Found addon: 'kodi.binary.global.general v1.0.5'
09-13 23:34:48.939 19245 19335 I Kodi    : 2025-09-13 23:34:48.939 T:19335    info <general>: Addon Mananger: Found addon: 'kodi.binary.global.gui v5.15.1'
09-13 23:34:48.939 19245 19335 I Kodi    : 2025-09-13 23:34:48.939 T:19335    info <general>: Addon Mananger: Found addon: 'kodi.binary.global.main v2.0.2'
09-13 23:34:48.939 19245 19335 I Kodi    : 2025-09-13 23:34:48.939 T:19335    info <general>: Addon Mananger: Found addon: 'kodi.binary.global.network v1.0.4'
09-13 23:34:48.940 19245 19335 I Kodi    : 2025-09-13 23:34:48.940 T:19335    info <general>: Addon Mananger: Found addon: 'kodi.binary.global.tools v1.0.4'
09-13 23:34:48.940 19245 19335 I Kodi    : 2025-09-13 23:34:48.940 T:19335    info <general>: Addon Mananger: Found addon: 'kodi.binary.instance.audiodecoder v4.0.0'
09-13 23:34:48.940 19245 19335 I Kodi    : 2025-09-13 23:34:48.940 T:19335    info <general>: Addon Mananger: Found addon: 'kodi.binary.instance.audioencoder v3.0.0'
09-13 23:34:48.941 19245 19335 I Kodi    : 2025-09-13 23:34:48.941 T:19335    info <general>: Addon Mananger: Found addon: 'kodi.binary.instance.game v4.1.0'
09-13 23:34:48.941 19245 19335 I Kodi    : 2025-09-13 23:34:48.941 T:19335    info <general>: Addon Mananger: Found addon: 'kodi.binary.instance.imagedecoder v3.0.1'
09-13 23:34:48.941 19245 19335 I Kodi    : 2025-09-13 23:34:48.941 T:19335    info <general>: Addon Mananger: Found addon: 'kodi.binary.instance.inputstream v3.3.0'
09-13 23:34:48.941 19245 19335 I Kodi    : 2025-09-13 23:34:48.941 T:19335    info <general>: Addon Mananger: Found addon: 'kodi.binary.instance.peripheral v3.0.2'
09-13 23:34:48.942 19245 19335 I Kodi    : 2025-09-13 23:34:48.942 T:19335    info <general>: Addon Mananger: Found addon: 'kodi.binary.instance.pvr v9.2.0'
09-13 23:34:48.942 19245 19335 I Kodi    : 2025-09-13 23:34:48.942 T:19335    info <general>: Addon Mananger: Found addon: 'kodi.binary.instance.screensaver v2.2.0'
09-13 23:34:48.942 19245 19335 I Kodi    : 2025-09-13 23:34:48.942 T:19335    info <general>: Addon Mananger: Found addon: 'kodi.binary.instance.shaderpreset v1.1.0'
09-13 23:34:48.942 19245 19335 I Kodi    : 2025-09-13 23:34:48.942 T:19335    info <general>: Addon Mananger: Found addon: 'kodi.binary.instance.vfs v3.0.1'
09-13 23:34:48.943 19245 19335 I Kodi    : 2025-09-13 23:34:48.943 T:19335    info <general>: Addon Mananger: Found addon: 'kodi.binary.instance.videocodec v2.1.0'
09-13 23:34:48.943 19245 19335 I Kodi    : 2025-09-13 23:34:48.943 T:19335    info <general>: Addon Mananger: Found addon: 'kodi.binary.instance.visualization v4.0.0'
09-13 23:34:48.943 19245 19335 I Kodi    : 2025-09-13 23:34:48.943 T:19335    info <general>: Addon Mananger: Found addon: 'kodi.resource v1.0.0'
09-13 23:34:48.944 19245 19335 I Kodi    : 2025-09-13 23:34:48.944 T:19335    info <general>: Addon Mananger: Found addon: 'metadata.album.universal v3.1.16'
09-13 23:34:48.944 19245 19335 I Kodi    : 2025-09-13 23:34:48.944 T:19335    info <general>: Addon Mananger: Found addon: 'metadata.artists.universal v4.3.18'
09-13 23:34:48.944 19245 19335 I Kodi    : 2025-09-13 23:34:48.944 T:19335    info <general>: Addon Mananger: Found addon: 'metadata.common.allmusic.com v3.2.2'
09-13 23:34:48.944 19245 19335 I Kodi    : 2025-09-13 23:34:48.944 T:19335    info <general>: Addon Mananger: Found addon: 'metadata.common.fanart.tv v3.6.4'
09-13 23:34:48.945 19245 19335 I Kodi    : 2025-09-13 23:34:48.945 T:19335    info <general>: Addon Mananger: Found addon: 'metadata.common.musicbrainz.org v2.2.4'
09-13 23:34:48.945 19245 19335 I Kodi    : 2025-09-13 23:34:48.945 T:19335    info <general>: Addon Mananger: Found addon: 'metadata.common.theaudiodb.com v2.0.3'
09-13 23:34:48.945 19245 19335 I Kodi    : 2025-09-13 23:34:48.945 T:19335    info <general>: Addon Mananger: Found addon: 'metadata.generic.albums v1.0.18'
09-13 23:34:48.946 19245 19335 I Kodi    : 2025-09-13 23:34:48.946 T:19335    info <general>: Addon Mananger: Found addon: 'metadata.generic.artists v1.0.18'
09-13 23:34:48.946 19245 19335 I Kodi    : 2025-09-13 23:34:48.946 T:19335    info <general>: Addon Mananger: Found addon: 'metadata.local v1.0.1'
09-13 23:34:48.946 19245 19335 I Kodi    : 2025-09-13 23:34:48.946 T:19335    info <general>: Addon Mananger: Found addon: 'metadata.themoviedb.org.python v3.1.1'
09-13 23:34:48.946 19245 19335 I Kodi    : 2025-09-13 23:34:48.946 T:19335    info <general>: Addon Mananger: Found addon: 'metadata.tvshows.themoviedb.org.python v1.7.3'
09-13 23:34:48.947 19245 19335 I Kodi    : 2025-09-13 23:34:48.947 T:19335    info <general>: Addon Mananger: Found addon: 'peripheral.joystick v22.0.4'
09-13 23:34:48.947 19245 19335 I Kodi    : 2025-09-13 23:34:48.947 T:19335    info <general>: Addon Mananger: Found addon: 'repository.xbmc.org v3.5.0'
09-13 23:34:48.947 19245 19335 I Kodi    : 2025-09-13 23:34:48.947 T:19335    info <general>: Addon Mananger: Found addon: 'resource.images.weathericons.default v1.1.9'
09-13 23:34:48.947 19245 19335 I Kodi    : 2025-09-13 23:34:48.947 T:19335    info <general>: Addon Mananger: Found addon: 'resource.language.en_gb v2.0.2'
09-13 23:34:48.948 19245 19335 I Kodi    : 2025-09-13 23:34:48.948 T:19335    info <general>: Addon Mananger: Found addon: 'resource.uisounds.kodi v1.0.1'
09-13 23:34:48.948 19245 19335 I Kodi    : 2025-09-13 23:34:48.948 T:19335    info <general>: Addon Mananger: Found addon: 'screensaver.xbmc.builtin.black v1.0.34'
09-13 23:34:48.948 19245 19335 I Kodi    : 2025-09-13 23:34:48.948 T:19335    info <general>: Addon Mananger: Found addon: 'screensaver.xbmc.builtin.dim v1.0.66'
09-13 23:34:48.949 19245 19335 I Kodi    : 2025-09-13 23:34:48.949 T:19335    info <general>: Addon Mananger: Found addon: 'script.module.pil v5.1.0'
09-13 23:34:48.949 19245 19335 I Kodi    : 2025-09-13 23:34:48.949 T:19335    info <general>: Addon Mananger: Found addon: 'script.module.pycryptodome v3.4.3'
09-13 23:34:48.949 19245 19335 I Kodi    : 2025-09-13 23:34:48.949 T:19335    info <general>: Addon Mananger: Found addon: 'service.xbmc.versioncheck v0.5.27+matrix.1'
09-13 23:34:48.950 19245 19335 I Kodi    : 2025-09-13 23:34:48.950 T:19335    info <general>: Addon Mananger: Found addon: 'skin.estuary v4.1.0'
09-13 23:34:48.950 19245 19335 I Kodi    : 2025-09-13 23:34:48.950 T:19335    info <general>: Addon Mananger: Found addon: 'webinterface.default v21.x-1.0.1'
09-13 23:34:48.950 19245 19335 I Kodi    : 2025-09-13 23:34:48.950 T:19335    info <general>: Addon Mananger: Found addon: 'xbmc.addon v21.90.700'
09-13 23:34:48.950 19245 19335 I Kodi    : 2025-09-13 23:34:48.950 T:19335    info <general>: Addon Mananger: Found addon: 'xbmc.core v0.1.0'
09-13 23:34:48.951 19245 19335 I Kodi    : 2025-09-13 23:34:48.951 T:19335    info <general>: Addon Mananger: Found addon: 'xbmc.gui v5.18.0'
09-13 23:34:48.951 19245 19335 I Kodi    : 2025-09-13 23:34:48.951 T:19335    info <general>: Addon Mananger: Found addon: 'xbmc.json v13.8.0'
09-13 23:34:48.951 19245 19335 I Kodi    : 2025-09-13 23:34:48.951 T:19335    info <general>: Addon Mananger: Found addon: 'xbmc.metadata v2.1.0'
09-13 23:34:48.952 19245 19335 I Kodi    : 2025-09-13 23:34:48.952 T:19335    info <general>: Addon Mananger: Found addon: 'xbmc.python v3.0.1'
09-13 23:34:48.952 19245 19335 I Kodi    : 2025-09-13 23:34:48.952 T:19335    info <general>: Addon Mananger: Found addon: 'xbmc.webinterface v1.0.0'
09-13 23:34:48.966 19245 19335 I Kodi    : 2025-09-13 23:34:48.966 T:19335    info <general>: CKeyboardLayoutManager: loading keyboard layouts from special://xbmc/system/keyboardlayouts...
09-13 23:34:49.019 19245 19335 I chatty  : uid=10223(org.xbmc.kodi) Thread-3 identical 4 lines
09-13 23:34:49.041 19245 19335 I Kodi    : 2025-09-13 23:34:49.041 T:19335    info <general>: Mediacodec decoder: OMX.google.aac.decoder
09-13 23:34:49.041 19245 19335 I Kodi    : 2025-09-13 23:34:49.041 T:19335    info <general>: Mediacodec decoder: OMX.amlogic.audio.decoder.ac3
09-13 23:34:49.041 19245 19335 I Kodi    : 2025-09-13 23:34:49.041 T:19335    info <general>: Mediacodec decoder: OMX.amlogic.audio.decoder.ac4
09-13 23:34:49.041 19245 19335 I Kodi    : 2025-09-13 23:34:49.041 T:19335    info <general>: Mediacodec decoder: OMX.google.amrnb.decoder
09-13 23:34:49.041 19245 19335 I Kodi    : 2025-09-13 23:34:49.041 T:19335    info <general>: Mediacodec decoder: OMX.amlogic.audio.decoder.eac3
09-13 23:34:49.041 19245 19335 I Kodi    : 2025-09-13 23:34:49.041 T:19335    info <general>: Mediacodec decoder: OMX.google.flac.decoder
09-13 23:34:49.041 19245 19335 I Kodi    : 2025-09-13 23:34:49.041 T:19335    info <general>: Mediacodec decoder: OMX.google.g711.alaw.decoder
09-13 23:34:49.041 19245 19335 I Kodi    : 2025-09-13 23:34:49.041 T:19335    info <general>: Mediacodec decoder: OMX.google.g711.mlaw.decoder
09-13 23:34:49.041 19245 19335 I Kodi    : 2025-09-13 23:34:49.041 T:19335    info <general>: Mediacodec decoder: OMX.google.mp3.decoder
09-13 23:34:49.041 19245 19335 I Kodi    : 2025-09-13 23:34:49.041 T:19335    info <general>: Mediacodec decoder: OMX.google.opus.decoder
09-13 23:34:49.041 19245 19335 I Kodi    : 2025-09-13 23:34:49.041 T:19335    info <general>: Mediacodec decoder: OMX.google.raw.decoder
09-13 23:34:49.042 19245 19335 I Kodi    : 2025-09-13 23:34:49.042 T:19335    info <general>: Mediacodec decoder: OMX.google.vorbis.decoder
09-13 23:34:49.042 19245 19335 I Kodi    : 2025-09-13 23:34:49.042 T:19335    info <general>: Mediacodec decoder: OMX.amlogic.av1.decoder.awesome
09-13 23:34:49.042 19245 19335 I Kodi    : 2025-09-13 23:34:49.042 T:19335    info <general>: Mediacodec decoder: OMX.amlogic.avc.decoder.awesome
09-13 23:34:49.042 19245 19335 I Kodi    : 2025-09-13 23:34:49.042 T:19335    info <general>: Mediacodec decoder: OMX.google.h264.decoder
09-13 23:34:49.042 19245 19335 I Kodi    : 2025-09-13 23:34:49.042 T:19335    info <general>: Mediacodec decoder: OMX.amlogic.dolby-vision.dvhe.decoder
09-13 23:34:49.042 19245 19335 I Kodi    : 2025-09-13 23:34:49.042 T:19335    info <general>: Mediacodec decoder: OMX.amlogic.dolby-vision.dvav.decoder
09-13 23:34:49.042 19245 19335 I Kodi    : 2025-09-13 23:34:49.042 T:19335    info <general>: Mediacodec decoder: OMX.amlogic.dolby-vision.dav1.decoder
09-13 23:34:49.042 19245 19335 I Kodi    : 2025-09-13 23:34:49.042 T:19335    info <general>: Mediacodec decoder: OMX.google.h263.decoder
09-13 23:34:49.042 19245 19335 I Kodi    : 2025-09-13 23:34:49.042 T:19335    info <general>: Mediacodec decoder: OMX.amlogic.hevc.decoder.awesome
09-13 23:34:49.042 19245 19335 I Kodi    : 2025-09-13 23:34:49.042 T:19335    info <general>: Mediacodec decoder: OMX.amlogic.mpeg2.decoder.awesome
09-13 23:34:49.042 19245 19335 I Kodi    : 2025-09-13 23:34:49.042 T:19335    info <general>: Mediacodec decoder: OMX.amlogic.mpeg4.decoder.awesome
09-13 23:34:49.042 19245 19335 I Kodi    : 2025-09-13 23:34:49.042 T:19335    info <general>: Mediacodec decoder: OMX.google.mpeg4.decoder
09-13 23:34:49.042 19245 19335 I Kodi    : 2025-09-13 23:34:49.042 T:19335    info <general>: Mediacodec decoder: OMX.google.vp8.decoder
09-13 23:34:49.042 19245 19335 I Kodi    : 2025-09-13 23:34:49.042 T:19335    info <general>: Mediacodec decoder: OMX.amlogic.vp9.decoder.awesome
09-13 23:34:49.042 19245 19335 I Kodi    : 2025-09-13 23:34:49.042 T:19335    info <general>: Mediacodec decoder: OMX.google.vp9.decoder
09-13 23:34:49.043 19245 19335 I Kodi    : 2025-09-13 23:34:49.043 T:19335    info <general>: RetroPlayer[RENDER]: Registering renderer factory for OpenGLES
09-13 23:34:49.043 19245 19335 I Kodi    : 2025-09-13 23:34:49.043 T:19335    info <general>: CAndroidUtils: window resolution: 1920x1080
09-13 23:34:49.043 19245 19335 I Kodi    : 2025-09-13 23:34:49.043 T:19335    info <general>: CAndroidUtils: Current resolution: 1920x1080 1920x1080 @ 59.940060 - Full Screen
09-13 23:34:49.043 19245 19335 I Kodi    : 2025-09-13 23:34:49.043 T:19335    info <general>: CAndroidUtils: Current resolution: 1920x1080 1920x1080 @ 59.940060 - Full Screen
09-13 23:34:49.044 19245 19335 I Kodi    : 2025-09-13 23:34:49.044 T:19335    info <general>: EGL_VERSION = 1.4 Android META-EGL
09-13 23:34:49.044 19245 19335 I Kodi    : 2025-09-13 23:34:49.044 T:19335    info <general>: EGL_VENDOR = Android
09-13 23:34:49.044 19245 19335 I Kodi    : 2025-09-13 23:34:49.044 T:19335    info <general>: EGL_EXTENSIONS = EGL_KHR_get_all_proc_addresses EGL_ANDROID_presentation_time EGL_KHR_swap_buffers_with_damage EGL_ANDROID_get_native_client_buffer EGL_ANDROID_front_buffer_auto_refresh EGL_ANDROID_get_frame_timestamps EGL_EXT_surface_SMPTE2086_metadata EGL_EXT_surface_CTA861_3_metadata EGL_KHR_image EGL_KHR_image_base EGL_EXT_image_gl_colorspace EGL_KHR_gl_colorspace EGL_KHR_gl_texture_2D_image EGL_KHR_gl_texture_cubemap_image EGL_KHR_gl_renderbuffer_image EGL_KHR_fence_sync EGL_KHR_create_context EGL_KHR_config_attribs EGL_KHR_surfaceless_context EGL_EXT_create_context_robustness EGL_ANDROID_image_native_buffer EGL_KHR_wait_sync EGL_ANDROID_recordable EGL_KHR_partial_update EGL_EXT_pixel_format_float EGL_KHR_mutable_render_buffer EGL_IMG_context_priority EGL_KHR_no_config_context 
09-13 23:34:49.044 19245 19335 I Kodi    : 2025-09-13 23:34:49.044 T:19335    info <general>: EGL_CLIENT_EXTENSIONS = NULL
09-13 23:34:49.045 19245 19335 I Kodi    : 2025-09-13 23:34:49.045 T:19335    info <general>: CApplication::CreateGUI - using the default windowing system
09-13 23:34:49.045 19245 19335 I Kodi    : 2025-09-13 23:34:49.045 T:19335    info <general>: Checking resolution 16
09-13 23:34:49.045 19245 19335 I Kodi    : 2025-09-13 23:34:49.045 T:19335    info <general>: CAndroidUtils: SetNativeResolution: 11: 1920x1080 1920x1080@59.940060
09-13 23:34:49.047 19245 19335 I Kodi    : 2025-09-13 23:34:49.047 T:19335    info <general>: GL_VENDOR = ARM
09-13 23:34:49.047 19245 19335 I Kodi    : 2025-09-13 23:34:49.047 T:19335    info <general>: GL_RENDERER = Mali-G52
09-13 23:34:49.047 19245 19335 I Kodi    : 2025-09-13 23:34:49.047 T:19335    info <general>: GL_VERSION = OpenGL ES 3.2 v1.r16p0-01rel0-9332282c8.f4b763fd52a5ea0ebb47d0b46c8a07ce
09-13 23:34:49.047 19245 19335 I Kodi    : 2025-09-13 23:34:49.047 T:19335    info <general>: GL_SHADING_LANGUAGE_VERSION = OpenGL ES GLSL ES 3.20
09-13 23:34:49.047 19245 19335 I Kodi    : 2025-09-13 23:34:49.047 T:19335    info <general>: GL_EXTENSIONS = GL_EXT_debug_marker GL_ARM_rgba8 GL_ARM_mali_shader_binary GL_OES_depth24 GL_OES_depth_texture GL_OES_depth_texture_cube_map GL_OES_packed_depth_stencil GL_OES_rgb8_rgba8 GL_EXT_read_format_bgra GL_OES_compressed_paletted_texture GL_OES_compressed_ETC1_RGB8_texture GL_OES_standard_derivatives GL_OES_EGL_image GL_OES_EGL_image_external GL_OES_EGL_image_external_essl3 GL_OES_EGL_sync GL_OES_texture_npot GL_OES_vertex_half_float GL_OES_required_internalformat GL_OES_vertex_array_object GL_OES_mapbuffer GL_EXT_texture_format_BGRA8888 GL_EXT_texture_rg GL_EXT_texture_type_2_10_10_10_REV GL_OES_fbo_render_mipmap GL_OES_element_index_uint GL_EXT_shadow_samplers GL_OES_texture_compression_astc GL_KHR_texture_compression_astc_ldr GL_KHR_texture_compression_astc_hdr GL_KHR_texture_compression_astc_sliced_3d GL_EXT_texture_compression_astc_decode_mode GL_EXT_texture_compression_astc_decode_mode_rgb9e5 GL_KHR_debug GL_EXT_occlusion_query_boolean GL_EXT_disjoint_timer_query GL_EXT_blend_minmax GL_EXT_discard_framebuffer GL_OES_get_program_binary GL_OES_texture_3D GL_EXT_texture_storage GL_EXT_multisampled_render_to_texture GL_EXT_multisampled_render_to_texture2 GL_OES_surfaceless_context GL_OES_texture_stencil8 GL_EXT_shader_pixel_local_storage GL_ARM_shader_framebuffer_fetch GL_ARM_shader_framebuffer_fetch_depth_stencil GL_ARM_mali_program_binary GL_EXT_sRGB GL_EXT_sRGB_write_control GL_EXT_texture_sRGB_decode GL_EXT_texture_sRGB_R8 GL_EXT_texture_sRGB_RG8 GL_KHR_blend_equation_advanced GL_KHR_blend_equation_advanced_coherent GL_OES_texture_storage_multisample_2d_array GL_OES_shader_image_atomic GL_EXT_robustness GL_EXT_draw_buffers_indexed GL_OES_draw_buffers_indexed GL_EXT_texture_border_clamp GL_OES_texture_border_clamp GL_EXT_texture_cube_map_array GL_OES_texture_cube_map_array GL_OES_sample_variables GL_OES_sample_shading GL_OES_shader_multisample_interpolation GL_EXT_shader_io_blocks GL_OES_shader_io_blocks GL_EXT_tessellation_shader GL_OES_tessellation_shader GL_EXT_primitive_bounding_box GL_OES_primitive_bounding_box GL_EXT_geometry_shader GL_OES_geometry_shader GL_ANDROID_extension_pack_es31a GL_EXT_gpu_shader5 GL_OES_gpu_shader5 GL_EXT_texture_buffer GL_OES_texture_buffer GL_EXT_copy_image GL_OES_copy_image GL_EXT_shader_non_constant_global_initializers GL_EXT_color_buffer_half_float GL_EXT_color_buffer_float GL_EXT_YUV_target GL_OVR_multiview GL_OVR_multiview2 GL_OVR_multiview_multisampled_render_to_texture GL_KHR_robustness GL_KHR_robust_buffer_access_behavior GL_EXT_draw_elements_base_vertex GL_OES_draw_elements_base_vertex GL_EXT_protected_textures GL_EXT_buffer_storage GL_EXT_external_buffer GL_EXT_EGL_image_array GL_EXT_texture_filter_anisotropic 
09-13 23:34:49.398   441  2951 E BufferQueueProducer: [SurfaceView - org.xbmc.kodi/org.xbmc.kodi.Main#0] disconnect: not connected (req=1)
09-13 23:34:49.398 19245 19335 I Kodi    : 2025-09-13 23:34:49.398 T:19335    info <general>: CAndroidUtils: SetNativeResolution: 11: 1920x1080 1920x1080@59.940060
09-13 23:34:49.399 19245 19335 I Kodi    : 2025-09-13 23:34:49.399 T:19335    info <general>: GLES: Maximum texture width: 8192
09-13 23:34:49.511 19245 19335 I Kodi    : 2025-09-13 23:34:49.511 T:19335    info <general>: GLES: Enabling VSYNC
09-13 23:34:49.512 19245 19335 I Kodi    : 2025-09-13 23:34:49.512 T:19335    info <general>: load keymapping
09-13 23:34:49.514 19245 19335 I Kodi    : 2025-09-13 23:34:49.514 T:19335    info <general>: Loading special://xbmc/system/keymaps/appcommand.xml
09-13 23:34:49.514 19245 19335 I Kodi    : 2025-09-13 23:34:49.514 T:19335    info <general>: Loading special://xbmc/system/keymaps/customcontroller.AppleRemote.xml
09-13 23:34:49.515 19245 19335 I Kodi    : 2025-09-13 23:34:49.515 T:19335    info <general>: Loading special://xbmc/system/keymaps/customcontroller.Harmony.xml
09-13 23:34:49.515 19245 19335 I Kodi    : 2025-09-13 23:34:49.515 T:19335    info <general>: Loading special://xbmc/system/keymaps/customcontroller.SiriRemote.xml
09-13 23:34:49.516 19245 19335 I Kodi    : 2025-09-13 23:34:49.516 T:19335    info <general>: Loading special://xbmc/system/keymaps/gamepad.xml
09-13 23:34:49.517 19245 19335 I Kodi    : 2025-09-13 23:34:49.517 T:19335    info <general>: Loading special://xbmc/system/keymaps/joystick.xml
09-13 23:34:49.518 19245 19335 I Kodi    : 2025-09-13 23:34:49.518 T:19335    info <general>: Loading special://xbmc/system/keymaps/keyboard.xml
09-13 23:34:49.520 19245 19335 I Kodi    : 2025-09-13 23:34:49.520 T:19335    info <general>: Loading special://xbmc/system/keymaps/mouse.xml
09-13 23:34:49.521 19245 19335 I Kodi    : 2025-09-13 23:34:49.521 T:19335    info <general>: Loading special://xbmc/system/keymaps/remote.xml
09-13 23:34:49.522 19245 19335 I Kodi    : 2025-09-13 23:34:49.522 T:19335    info <general>: Loading special://xbmc/system/keymaps/touchscreen.xml
09-13 23:34:49.523 19245 19335 I Kodi    : 2025-09-13 23:34:49.523 T:19335    info <general>: GUI format 1920x1080, Display 1920x1080 @ 59.940060 - Full Screen
09-13 23:34:49.528 19245 19363 I Kodi    : 2025-09-13 23:34:49.528 T:19363    info <general>: Float is supported
09-13 23:34:49.528 19245 19363 I Kodi    : 2025-09-13 23:34:49.528 T:19363    info <general>: Multi channel Float is supported
09-13 23:34:49.532 19245 19363 I Kodi    : 2025-09-13 23:34:49.532 T:19363    info <general>: Float is supported
09-13 23:34:49.532 19245 19363 I Kodi    : 2025-09-13 23:34:49.532 T:19363    info <general>: Multi channel Float is supported
09-13 23:34:49.535 19245 19363 I Kodi    : 2025-09-13 23:34:49.535 T:19363    info <general>: Found 1 Lists of Devices
09-13 23:34:49.535 19245 19363 I Kodi    : 2025-09-13 23:34:49.535 T:19363    info <general>: Enumerated AUDIOTRACK devices:
09-13 23:34:49.535 19245 19363 I Kodi    : 2025-09-13 23:34:49.535 T:19363    info <general>:     Device 1
09-13 23:34:49.535 19245 19363 I Kodi    : 2025-09-13 23:34:49.535 T:19363    info <general>:         m_deviceName      : AudioTrack (IEC)
09-13 23:34:49.535 19245 19363 I Kodi    : 2025-09-13 23:34:49.535 T:19363    info <general>:         m_displayName     : AudioTrack (IEC)
09-13 23:34:49.535 19245 19363 I Kodi    : 2025-09-13 23:34:49.535 T:19363    info <general>:         m_displayNameExtra: Kodi IEC packer (recommended)
09-13 23:34:49.535 19245 19363 I Kodi    : 2025-09-13 23:34:49.535 T:19363    info <general>:         m_deviceType      : AE_DEVTYPE_HDMI
09-13 23:34:49.535 19245 19363 I Kodi    : 2025-09-13 23:34:49.535 T:19363    info <general>:         m_channels        : FL, FR, FC, LFE, SL, SR, BL, BR, BC, BLOC, BROC
09-13 23:34:49.535 19245 19363 I Kodi    : 2025-09-13 23:34:49.535 T:19363    info <general>:         m_sampleRates     : 32000,44100,48000,88200,96000,176400,192000
09-13 23:34:49.535 19245 19363 I Kodi    : 2025-09-13 23:34:49.535 T:19363    info <general>:         m_dataFormats     : AE_FMT_S16LE,AE_FMT_FLOAT,AE_FMT_RAW,AE_FMT_RAW
09-13 23:34:49.535 19245 19363 I Kodi    : 2025-09-13 23:34:49.535 T:19363    info <general>:         m_streamTypes     : STREAM_TYPE_AC3,STREAM_TYPE_DTSHD_CORE,STREAM_TYPE_DTS_1024,STREAM_TYPE_DTS_2048,STREAM_TYPE_DTS_512,STREAM_TYPE_EAC3,STREAM_TYPE_DTSHD,STREAM_TYPE_DTSHD_MA,STREAM_TYPE_TRUEHD
09-13 23:34:49.536 19245 19363 I Kodi    : 2025-09-13 23:34:49.536 T:19363    info <general>:     Device 2
09-13 23:34:49.536 19245 19363 I Kodi    : 2025-09-13 23:34:49.536 T:19363    info <general>:         m_deviceName      : AudioTrack (RAW)
09-13 23:34:49.536 19245 19363 I Kodi    : 2025-09-13 23:34:49.536 T:19363    info <general>:         m_displayName     : AudioTrack (RAW)
09-13 23:34:49.536 19245 19363 I Kodi    : 2025-09-13 23:34:49.536 T:19363    info <general>:         m_displayNameExtra: Android IEC packer
09-13 23:34:49.536 19245 19363 I Kodi    : 2025-09-13 23:34:49.536 T:19363    info <general>:         m_deviceType      : AE_DEVTYPE_HDMI
09-13 23:34:49.536 19245 19363 I Kodi    : 2025-09-13 23:34:49.536 T:19363    info <general>:         m_channels        : FL, FR, FC, LFE, SL, SR, BL, BR, BC, BLOC, BROC
09-13 23:34:49.536 19245 19363 I Kodi    : 2025-09-13 23:34:49.536 T:19363    info <general>:         m_sampleRates     : 32000,44100,48000,88200,96000,176400,192000,32000,44100,48000,88200,96000,176400,192000
09-13 23:34:49.536 19245 19363 I Kodi    : 2025-09-13 23:34:49.536 T:19363    info <general>:         m_dataFormats     : AE_FMT_S16LE,AE_FMT_FLOAT,AE_FMT_RAW,AE_FMT_RAW,AE_FMT_S16LE,AE_FMT_FLOAT,AE_FMT_RAW
09-13 23:34:49.536 19245 19363 I Kodi    : 2025-09-13 23:34:49.536 T:19363    info <general>:         m_streamTypes     : STREAM_TYPE_AC3,STREAM_TYPE_EAC3,STREAM_TYPE_DTSHD_CORE,STREAM_TYPE_DTS_1024,STREAM_TYPE_DTS_2048,STREAM_TYPE_DTS_512,STREAM_TYPE_DTSHD,STREAM_TYPE_DTSHD_MA,STREAM_TYPE_TRUEHD
09-13 23:34:49.536 19245 19363 W Kodi    : 2025-09-13 23:34:49.536 T:19363 warning <general>: void ActiveAE::CActiveAE::ValidateOutputDevices(bool): audio output device setting has been updated from 'Default' to 'AUDIOTRACK:AudioTrack (IEC)|Kodi IEC packer (recommended)'
09-13 23:34:49.536 19245 19363 W Kodi    : 2025-09-13 23:34:49.536 T:19363 warning <general>: void ActiveAE::CActiveAE::ValidateOutputDevices(bool): passthrough output device setting has been updated from 'Default' to 'AUDIOTRACK:AudioTrack (IEC)|Kodi IEC packer (recommended)'
09-13 23:34:49.536 19245 19364 I Kodi    : 2025-09-13 23:34:49.536 T:19364    info <general>: CActiveAESink::OpenSink - initialize sink
09-13 23:34:49.537 19245 19364 I Kodi    : 2025-09-13 23:34:49.537 T:19364    info <general>: Trying to open: samplerate: 44100, channelMask: 12, encoding: 4
09-13 23:34:49.537 19245 19364 I Kodi    : 2025-09-13 23:34:49.537 T:19364    info <general>: Minimum size we need for stream: 22640 Bytes
09-13 23:34:49.537 19245 19364 I Kodi    : 2025-09-13 23:34:49.537 T:19364    info <general>: Audiotrack buffer params are: period time = 32.086 ms, period size = 11320 bytes, num periods = 4
09-13 23:34:49.537 19245 19364 I Kodi    : 2025-09-13 23:34:49.537 T:19364    info <general>: Created Audiotrackbuffer with playing time of 128.344671 ms min buffer size: 45280 bytes
09-13 23:34:49.551 19245 19364 I Kodi    : 2025-09-13 23:34:49.551 T:19364    info <general>: CAESinkAUDIOTRACK::Initializing with: m_sampleRate: 44100 format: AE_FMT_FLOAT (AE) method: PCM stream-type: PCM-STREAM min_buffer_size: 45280 m_frames: 1415 m_frameSize: 8 channels: 2
09-13 23:34:49.553 19245 19335 I Kodi    : 2025-09-13 23:34:49.553 T:19335    info <general>: CLangInfo: loading resource.language.en_gb language information...
09-13 23:34:49.558 19245 19335 I Kodi    : 2025-09-13 23:34:49.558 T:19335    info <general>: global locale set to en_US.UTF-8
09-13 23:34:49.558 19245 19335 I Kodi    : 2025-09-13 23:34:49.558 T:19335    info <general>: CLangInfo: loading resource.language.en_gb language strings...
09-13 23:34:49.583 19245 19367 I Kodi    : 2025-09-13 23:34:49.583 T:19367    info <general>: Running database version Addons33
09-13 23:34:49.598 19245 19367 I Kodi    : 2025-09-13 23:34:49.598 T:19367    info <general>: creating version table
09-13 23:34:49.599 19245 19367 I Kodi    : 2025-09-13 23:34:49.599 T:19367    info <general>: create view table
09-13 23:34:49.599 19245 19367 I Kodi    : 2025-09-13 23:34:49.599 T:19367    info <general>: CreateAnalytics - creating indices
09-13 23:34:49.619 19245 19367 I Kodi    : 2025-09-13 23:34:49.619 T:19367    info <general>: creating version table
09-13 23:34:49.620 19245 19367 I Kodi    : 2025-09-13 23:34:49.620 T:19367    info <general>: create texture table
09-13 23:34:49.620 19245 19367 I Kodi    : 2025-09-13 23:34:49.620 T:19367    info <general>: create sizes table, index,  and trigger
09-13 23:34:49.621 19245 19367 I Kodi    : 2025-09-13 23:34:49.621 T:19367    info <general>: create path table
09-13 23:34:49.621 19245 19367 I Kodi    : 2025-09-13 23:34:49.621 T:19367    info <general>: CreateAnalytics creating indices
09-13 23:34:49.621 19245 19367 I Kodi    : 2025-09-13 23:34:49.621 T:19367    info <general>: CreateAnalytics creating triggers
09-13 23:34:49.648 19245 19367 I Kodi    : 2025-09-13 23:34:49.648 T:19367    info <general>: creating version table
09-13 23:34:49.648 19245 19367 I Kodi    : 2025-09-13 23:34:49.648 T:19367    info <general>: create artist table
09-13 23:34:49.649 19245 19367 I Kodi    : 2025-09-13 23:34:49.649 T:19367    info <general>: create album table
09-13 23:34:49.649 19245 19367 I Kodi    : 2025-09-13 23:34:49.649 T:19367    info <general>: create audiobook table
09-13 23:34:49.649 19245 19367 I Kodi    : 2025-09-13 23:34:49.649 T:19367    info <general>: create album_artist table
09-13 23:34:49.649 19245 19367 I Kodi    : 2025-09-13 23:34:49.649 T:19367    info <general>: create album_source table
09-13 23:34:49.650 19245 19367 I Kodi    : 2025-09-13 23:34:49.650 T:19367    info <general>: create genre table
09-13 23:34:49.650 19245 19367 I Kodi    : 2025-09-13 23:34:49.650 T:19367    info <general>: create path table
09-13 23:34:49.650 19245 19367 I Kodi    : 2025-09-13 23:34:49.650 T:19367    info <general>: create source table
09-13 23:34:49.650 19245 19367 I Kodi    : 2025-09-13 23:34:49.650 T:19367    info <general>: create source_path table
09-13 23:34:49.650 19245 19367 I Kodi    : 2025-09-13 23:34:49.650 T:19367    info <general>: create song table
09-13 23:34:49.651 19245 19367 I Kodi    : 2025-09-13 23:34:49.651 T:19367    info <general>: create song_artist table
09-13 23:34:49.651 19245 19367 I Kodi    : 2025-09-13 23:34:49.651 T:19367    info <general>: create song_genre table
09-13 23:34:49.651 19245 19367 I Kodi    : 2025-09-13 23:34:49.651 T:19367    info <general>: create role table
09-13 23:34:49.651 19245 19367 I Kodi    : 2025-09-13 23:34:49.651 T:19367    info <general>: create infosetting table
09-13 23:34:49.651 19245 19367 I Kodi    : 2025-09-13 23:34:49.651 T:19367    info <general>: create discography table
09-13 23:34:49.651 19245 19367 I Kodi    : 2025-09-13 23:34:49.651 T:19367    info <general>: create art table
09-13 23:34:49.652 19245 19367 I Kodi    : 2025-09-13 23:34:49.652 T:19367    info <general>: create versiontagscan table
09-13 23:34:49.652 19245 19367 I Kodi    : 2025-09-13 23:34:49.652 T:19367    info <general>: create removed_link table
09-13 23:34:49.652 19245 19367 I Kodi    : 2025-09-13 23:34:49.652 T:19367    info <general>: creating indices
09-13 23:34:49.656 19245 19367 I Kodi    : 2025-09-13 23:34:49.656 T:19367    info <general>: create triggers
09-13 23:34:49.658 19245 19367 I Kodi    : 2025-09-13 23:34:49.658 T:19367    info <general>: create song view
09-13 23:34:49.659 19245 19367 I Kodi    : 2025-09-13 23:34:49.659 T:19367    info <general>: create album view
09-13 23:34:49.659 19245 19367 I Kodi    : 2025-09-13 23:34:49.659 T:19367    info <general>: create artist view
09-13 23:34:49.660 19245 19367 I Kodi    : 2025-09-13 23:34:49.660 T:19367    info <general>: create albumartist view
09-13 23:34:49.660 19245 19367 I Kodi    : 2025-09-13 23:34:49.660 T:19367    info <general>: create songartist view
09-13 23:34:49.697 19245 19367 I Kodi    : 2025-09-13 23:34:49.697 T:19367    info <general>: creating version table
09-13 23:34:49.698 19245 19367 I Kodi    : 2025-09-13 23:34:49.698 T:19367    info <general>: create bookmark table
09-13 23:34:49.698 19245 19367 I Kodi    : 2025-09-13 23:34:49.698 T:19367    info <general>: create settings table
09-13 23:34:49.698 19245 19367 I Kodi    : 2025-09-13 23:34:49.698 T:19367    info <general>: create stacktimes table
09-13 23:34:49.698 19245 19367 I Kodi    : 2025-09-13 23:34:49.698 T:19367    info <general>: create genre table
09-13 23:34:49.699 19245 19367 I Kodi    : 2025-09-13 23:34:49.699 T:19367    info <general>: create country table
09-13 23:34:49.699 19245 19367 I Kodi    : 2025-09-13 23:34:49.699 T:19367    info <general>: create movie table
09-13 23:34:49.699 19245 19367 I Kodi    : 2025-09-13 23:34:49.699 T:19367    info <general>: create actor table
09-13 23:34:49.700 19245 19367 I Kodi    : 2025-09-13 23:34:49.700 T:19367    info <general>: create path table
09-13 23:34:49.700 19245 19367 I Kodi    : 2025-09-13 23:34:49.700 T:19367    info <general>: create files table
09-13 23:34:49.700 19245 19367 I Kodi    : 2025-09-13 23:34:49.700 T:19367    info <general>: create tvshow table
09-13 23:34:49.701 19245 19367 I Kodi    : 2025-09-13 23:34:49.701 T:19367    info <general>: create episode table
09-13 23:34:49.701 19245 19367 I Kodi    : 2025-09-13 23:34:49.701 T:19367    info <general>: create tvshowlinkpath table
09-13 23:34:49.701 19245 19367 I Kodi    : 2025-09-13 23:34:49.701 T:19367    info <general>: create movielinktvshow table
09-13 23:34:49.701 19245 19367 I Kodi    : 2025-09-13 23:34:49.701 T:19367    info <general>: create studio table
09-13 23:34:49.701 19245 19367 I Kodi    : 2025-09-13 23:34:49.701 T:19367    info <general>: create musicvideo table
09-13 23:34:49.702 19245 19367 I Kodi    : 2025-09-13 23:34:49.702 T:19367    info <general>: create streaminfo table
09-13 23:34:49.702 19245 19367 I Kodi    : 2025-09-13 23:34:49.702 T:19367    info <general>: create sets table
