09-13 23:53:35.598 20750 20776 I Kodi    : 2025-09-13 23:53:35.598 T:20776    info <general>: special://xbmc/ is mapped to: /data/user/0/org.xbmc.kodi/cache/apk/assets
09-13 23:53:35.598 20750 20776 I Kodi    : 2025-09-13 23:53:35.598 T:20776    info <general>: special://xbmcbin/ is mapped to: /data/user/0/org.xbmc.kodi/cache/apk/assets
09-13 23:53:35.598 20750 20776 I Kodi    : 2025-09-13 23:53:35.598 T:20776    info <general>: special://xbmcbinaddons/ is mapped to: /data/user/0/org.xbmc.kodi/cache/apk/assets/addons
09-13 23:53:35.598 20750 20776 I Kodi    : 2025-09-13 23:53:35.598 T:20776    info <general>: special://masterprofile/ is mapped to: /storage/emulated/0/Android/data/org.xbmc.kodi/files/.kodi/userdata
09-13 23:53:35.598 20750 20776 I Kodi    : 2025-09-13 23:53:35.598 T:20776    info <general>: special://envhome/ is mapped to: /storage/emulated/0/Android/data/org.xbmc.kodi/files
09-13 23:53:35.598 20750 20776 I Kodi    : 2025-09-13 23:53:35.598 T:20776    info <general>: special://home/ is mapped to: /storage/emulated/0/Android/data/org.xbmc.kodi/files/.kodi
09-13 23:53:35.598 20750 20776 I Kodi    : 2025-09-13 23:53:35.598 T:20776    info <general>: special://temp/ is mapped to: /storage/emulated/0/Android/data/org.xbmc.kodi/files/.kodi/temp
09-13 23:53:35.598 20750 20776 I Kodi    : 2025-09-13 23:53:35.598 T:20776    info <general>: special://logpath/ is mapped to: /storage/emulated/0/Android/data/org.xbmc.kodi/files/.kodi/temp
09-13 23:53:35.598 20750 20776 I Kodi    : 2025-09-13 23:53:35.598 T:20776    info <general>: Webserver extra whitelist paths: 
09-13 23:53:35.598 20750 20776 I Kodi    : 2025-09-13 23:53:35.598 T:20776    info <general>: The executable running is: /data/app/org.xbmc.kodi-BXirQMlvRaAcCSI9doqkHg==/lib/arm/libkodi.so
09-13 23:53:35.600 20750 20776 I Kodi    : 2025-09-13 23:53:35.600 T:20776    info <general>: Local hostname: 192.168.1.130
09-13 23:53:35.600 20750 20776 I Kodi    : 2025-09-13 23:53:35.600 T:20776    info <general>: Log File is located: /storage/emulated/0/Android/data/org.xbmc.kodi/files/.kodi/temp/kodi.log
09-13 23:53:35.600 20750 20776 I Kodi    : 2025-09-13 23:53:35.600 T:20776    info <general>: -----------------------------------------------------------------------
09-13 23:53:35.600 20750 20776 I Kodi    : 2025-09-13 23:53:35.600 T:20776    info <general>: loading settings
09-13 23:53:35.601 20750 20776 I Kodi    : 2025-09-13 23:53:35.601 T:20776    info <general>: special://profile/ is mapped to: special://masterprofile/
09-13 23:53:35.603   781   806 I ActivityManager: Displayed org.xbmc.kodi/.Main: +122ms (total +117ms)
09-13 23:53:35.604   781  1255 I LaunchTimeProcessor: cool_app_launch_time of org.xbmc.kodi is 126ms with activity = org.xbmc.kodi/.Main, app_version = 2190700, prev_activity = org.xbmc.kodi/.Splash, isChild = false, context = S1T0A1D0I0L1E0M9999R5
09-13 23:53:35.606   781  1255 I LaunchTimeProcessor: cool_activity_launch_time of org.xbmc.kodi is 126ms with activity = org.xbmc.kodi/.Main, app_version = 2190700, prev_activity = org.xbmc.kodi/.Splash, isChild = false, context = S1T0A1D0I0L1E0M9999R5
09-13 23:53:35.619 20750 20776 I Kodi    : 2025-09-13 23:53:35.619 T:20776    info <general>: No settings file to load (special://xbmc/system/advancedsettings.xml)
09-13 23:53:35.619 20750 20776 I Kodi    : 2025-09-13 23:53:35.619 T:20776    info <general>: No settings file to load (special://masterprofile/advancedsettings.xml)
09-13 23:53:35.619 20750 20776 I Kodi    : 2025-09-13 23:53:35.619 T:20776    info <general>: Default Video Player: VideoPlayer
09-13 23:53:35.619 20750 20776 I Kodi    : 2025-09-13 23:53:35.619 T:20776    info <general>: Default Audio Player: paplayer
09-13 23:53:35.619 20750 20776 I Kodi    : 2025-09-13 23:53:35.619 T:20776    info <general>: Disabled debug logging due to GUI setting. Level 0.
09-13 23:53:35.619 20750 20776 I Kodi    : 2025-09-13 23:53:35.619 T:20776    info <general>: Log level changed to "info"
09-13 23:53:35.621 20750 20776 I Kodi    : 2025-09-13 23:53:35.621 T:20776    info <general>: New Cache GUI Settings (replacement of cache in advancedsettings.xml) are:
09-13 23:53:35.621 20750 20776 I Kodi    :                                                      Buffer Mode: 4
09-13 23:53:35.621 20750 20776 I Kodi    :                                                      Memory Size: 64 MB
09-13 23:53:35.621 20750 20776 I Kodi    :                                                      Read Factor: 0.00 x (adaptive)
09-13 23:53:35.621 20750 20776 I Kodi    :                                                      Chunk Size : 131072 bytes
09-13 23:53:35.621 20750 20776 I Kodi    : 2025-09-13 23:53:35.621 T:20776    info <general>: creating subdirectories
09-13 23:53:35.621 20750 20776 I Kodi    : 2025-09-13 23:53:35.621 T:20776    info <general>: userdata folder: special://masterprofile/
09-13 23:53:35.621 20750 20776 I Kodi    : 2025-09-13 23:53:35.621 T:20776    info <general>: recording folder: 
09-13 23:53:35.621 20750 20776 I Kodi    : 2025-09-13 23:53:35.621 T:20776    info <general>: screenshots folder: 
09-13 23:53:35.626 20750 20776 I Kodi    : 2025-09-13 23:53:35.626 T:20776    info <general>: Running database version Addons33
09-13 23:53:35.631   441   776 W SurfaceFlinger: Attempting to destroy on removed layer: AppWindowToken{a428a16 token=Token{b605331 ActivityRecord{23f73d8 u0 org.xbmc.kodi/.Splash t65}}}#0
09-13 23:53:35.662 20750 20776 I Kodi    : 2025-09-13 23:53:35.662 T:20776    info <general>: Addon Mananger: Found addon: 'audioencoder.kodi.builtin.aac v1.0.2'
09-13 23:53:35.663 20750 20776 I Kodi    : 2025-09-13 23:53:35.663 T:20776    info <general>: Addon Mananger: Found addon: 'audioencoder.kodi.builtin.wma v1.0.2'
09-13 23:53:35.663 20750 20776 I Kodi    : 2025-09-13 23:53:35.663 T:20776    info <general>: Addon Mananger: Found addon: 'game.controller.default v1.0.45'
09-13 23:53:35.663 20750 20776 I Kodi    : 2025-09-13 23:53:35.663 T:20776    info <general>: Addon Mananger: Found addon: 'game.controller.keyboard v1.1.46'
09-13 23:53:35.664 20750 20776 I Kodi    : 2025-09-13 23:53:35.664 T:20776    info <general>: Addon Mananger: Found addon: 'game.controller.mouse v1.0.29'
09-13 23:53:35.664 20750 20776 I Kodi    : 2025-09-13 23:53:35.664 T:20776    info <general>: Addon Mananger: Found addon: 'game.controller.snes v1.0.44'
09-13 23:53:35.664 20750 20776 I Kodi    : 2025-09-13 23:53:35.664 T:20776    info <general>: Addon Mananger: Found addon: 'kodi.binary.global.audioengine v1.1.1'
09-13 23:53:35.664 20750 20776 I Kodi    : 2025-09-13 23:53:35.664 T:20776    info <general>: Addon Mananger: Found addon: 'kodi.binary.global.filesystem v1.1.9'
09-13 23:53:35.665 20750 20776 I Kodi    : 2025-09-13 23:53:35.665 T:20776    info <general>: Addon Mananger: Found addon: 'kodi.binary.global.general v1.0.5'
09-13 23:53:35.665 20750 20776 I Kodi    : 2025-09-13 23:53:35.665 T:20776    info <general>: Addon Mananger: Found addon: 'kodi.binary.global.gui v5.15.1'
09-13 23:53:35.665 20750 20776 I Kodi    : 2025-09-13 23:53:35.665 T:20776    info <general>: Addon Mananger: Found addon: 'kodi.binary.global.main v2.0.2'
09-13 23:53:35.665 20750 20776 I Kodi    : 2025-09-13 23:53:35.665 T:20776    info <general>: Addon Mananger: Found addon: 'kodi.binary.global.network v1.0.4'
09-13 23:53:35.665 20750 20776 I Kodi    : 2025-09-13 23:53:35.665 T:20776    info <general>: Addon Mananger: Found addon: 'kodi.binary.global.tools v1.0.4'
09-13 23:53:35.665 20750 20776 I Kodi    : 2025-09-13 23:53:35.665 T:20776    info <general>: Addon Mananger: Found addon: 'kodi.binary.instance.audiodecoder v4.0.0'
09-13 23:53:35.665 20750 20776 I Kodi    : 2025-09-13 23:53:35.665 T:20776    info <general>: Addon Mananger: Found addon: 'kodi.binary.instance.audioencoder v3.0.0'
09-13 23:53:35.666 20750 20776 I Kodi    : 2025-09-13 23:53:35.666 T:20776    info <general>: Addon Mananger: Found addon: 'kodi.binary.instance.game v4.1.0'
09-13 23:53:35.666 20750 20776 I Kodi    : 2025-09-13 23:53:35.666 T:20776    info <general>: Addon Mananger: Found addon: 'kodi.binary.instance.imagedecoder v3.0.1'
09-13 23:53:35.666 20750 20776 I Kodi    : 2025-09-13 23:53:35.666 T:20776    info <general>: Addon Mananger: Found addon: 'kodi.binary.instance.inputstream v3.3.0'
09-13 23:53:35.666 20750 20776 I Kodi    : 2025-09-13 23:53:35.666 T:20776    info <general>: Addon Mananger: Found addon: 'kodi.binary.instance.peripheral v3.0.2'
09-13 23:53:35.666 20750 20776 I Kodi    : 2025-09-13 23:53:35.666 T:20776    info <general>: Addon Mananger: Found addon: 'kodi.binary.instance.pvr v9.2.0'
09-13 23:53:35.666 20750 20776 I Kodi    : 2025-09-13 23:53:35.666 T:20776    info <general>: Addon Mananger: Found addon: 'kodi.binary.instance.screensaver v2.2.0'
09-13 23:53:35.667 20750 20776 I Kodi    : 2025-09-13 23:53:35.667 T:20776    info <general>: Addon Mananger: Found addon: 'kodi.binary.instance.shaderpreset v1.1.0'
09-13 23:53:35.667 20750 20776 I Kodi    : 2025-09-13 23:53:35.667 T:20776    info <general>: Addon Mananger: Found addon: 'kodi.binary.instance.vfs v3.0.1'
09-13 23:53:35.667 20750 20776 I Kodi    : 2025-09-13 23:53:35.667 T:20776    info <general>: Addon Mananger: Found addon: 'kodi.binary.instance.videocodec v2.1.0'
09-13 23:53:35.667 20750 20776 I Kodi    : 2025-09-13 23:53:35.667 T:20776    info <general>: Addon Mananger: Found addon: 'kodi.binary.instance.visualization v4.0.0'
09-13 23:53:35.667 20750 20776 I Kodi    : 2025-09-13 23:53:35.667 T:20776    info <general>: Addon Mananger: Found addon: 'kodi.resource v1.0.0'
09-13 23:53:35.667 20750 20776 I Kodi    : 2025-09-13 23:53:35.667 T:20776    info <general>: Addon Mananger: Found addon: 'metadata.album.universal v3.1.16'
09-13 23:53:35.668 20750 20776 I Kodi    : 2025-09-13 23:53:35.668 T:20776    info <general>: Addon Mananger: Found addon: 'metadata.artists.universal v4.3.18'
09-13 23:53:35.668 20750 20776 I Kodi    : 2025-09-13 23:53:35.668 T:20776    info <general>: Addon Mananger: Found addon: 'metadata.common.allmusic.com v3.2.2'
09-13 23:53:35.668 20750 20776 I Kodi    : 2025-09-13 23:53:35.668 T:20776    info <general>: Addon Mananger: Found addon: 'metadata.common.fanart.tv v3.6.4'
09-13 23:53:35.668 20750 20776 I Kodi    : 2025-09-13 23:53:35.668 T:20776    info <general>: Addon Mananger: Found addon: 'metadata.common.musicbrainz.org v2.2.4'
09-13 23:53:35.668 20750 20776 I Kodi    : 2025-09-13 23:53:35.668 T:20776    info <general>: Addon Mananger: Found addon: 'metadata.common.theaudiodb.com v2.0.3'
09-13 23:53:35.669 20750 20776 I Kodi    : 2025-09-13 23:53:35.669 T:20776    info <general>: Addon Mananger: Found addon: 'metadata.generic.albums v1.0.18'
09-13 23:53:35.669 20750 20776 I Kodi    : 2025-09-13 23:53:35.669 T:20776    info <general>: Addon Mananger: Found addon: 'metadata.generic.artists v1.0.18'
09-13 23:53:35.669 20750 20776 I Kodi    : 2025-09-13 23:53:35.669 T:20776    info <general>: Addon Mananger: Found addon: 'metadata.local v1.0.1'
09-13 23:53:35.669 20750 20776 I Kodi    : 2025-09-13 23:53:35.669 T:20776    info <general>: Addon Mananger: Found addon: 'metadata.themoviedb.org.python v3.1.1'
09-13 23:53:35.670 20750 20776 I Kodi    : 2025-09-13 23:53:35.670 T:20776    info <general>: Addon Mananger: Found addon: 'metadata.tvshows.themoviedb.org.python v1.7.3'
09-13 23:53:35.670 20750 20776 I Kodi    : 2025-09-13 23:53:35.670 T:20776    info <general>: Addon Mananger: Found addon: 'peripheral.joystick v22.0.4'
09-13 23:53:35.670 20750 20776 I Kodi    : 2025-09-13 23:53:35.670 T:20776    info <general>: Addon Mananger: Found addon: 'plugin.video.pigeonhole.test v1.0.0'
09-13 23:53:35.670 20750 20776 I Kodi    : 2025-09-13 23:53:35.670 T:20776    info <general>: Addon Mananger: Found addon: 'plugin.video.tempest v1.0.0'
09-13 23:53:35.671 20750 20776 I Kodi    : 2025-09-13 23:53:35.671 T:20776    info <general>: Addon Mananger: Found addon: 'plugin.video.thecrew v1.6.7'
09-13 23:53:35.671 20750 20776 I Kodi    : 2025-09-13 23:53:35.671 T:20776    info <general>: Addon Mananger: Found addon: 'repository.simplycaz v1.0.0'
09-13 23:53:35.671 20750 20776 I Kodi    : 2025-09-13 23:53:35.671 T:20776    info <general>: Addon Mananger: Found addon: 'repository.tempest v1.0.0'
09-13 23:53:35.671 20750 20776 I Kodi    : 2025-09-13 23:53:35.671 T:20776    info <general>: Addon Mananger: Found addon: 'repository.thecrew v1.0.5'
09-13 23:53:35.671 20750 20776 I Kodi    : 2025-09-13 23:53:35.671 T:20776    info <general>: Addon Mananger: Found addon: 'repository.xbmc.org v3.5.0'
09-13 23:53:35.672 20750 20776 I Kodi    : 2025-09-13 23:53:35.672 T:20776    info <general>: Addon Mananger: Found addon: 'resource.images.weathericons.default v1.1.9'
09-13 23:53:35.672 20750 20776 I Kodi    : 2025-09-13 23:53:35.672 T:20776    info <general>: Addon Mananger: Found addon: 'resource.language.en_gb v2.0.2'
09-13 23:53:35.672 20750 20776 I Kodi    : 2025-09-13 23:53:35.672 T:20776    info <general>: Addon Mananger: Found addon: 'resource.uisounds.kodi v1.0.1'
09-13 23:53:35.672 20750 20776 I Kodi    : 2025-09-13 23:53:35.672 T:20776    info <general>: Addon Mananger: Found addon: 'screensaver.xbmc.builtin.black v1.0.34'
09-13 23:53:35.672 20750 20776 I Kodi    : 2025-09-13 23:53:35.672 T:20776    info <general>: Addon Mananger: Found addon: 'screensaver.xbmc.builtin.dim v1.0.66'
09-13 23:53:35.672 20750 20776 I Kodi    : 2025-09-13 23:53:35.672 T:20776    info <general>: Addon Mananger: Found addon: 'script.module.pil v5.1.0'
09-13 23:53:35.673 20750 20776 I Kodi    : 2025-09-13 23:53:35.673 T:20776    info <general>: Addon Mananger: Found addon: 'script.module.pycryptodome v3.4.3'
09-13 23:53:35.673 20750 20776 I Kodi    : 2025-09-13 23:53:35.673 T:20776    info <general>: Addon Mananger: Found addon: 'script.module.resolveurl v5.1.156'
09-13 23:53:35.673 20750 20776 I Kodi    : 2025-09-13 23:53:35.673 T:20776    info <general>: Addon Mananger: Found addon: 'service.xbmc.versioncheck v0.5.27+matrix.1'
09-13 23:53:35.673 20750 20776 I Kodi    : 2025-09-13 23:53:35.673 T:20776    info <general>: Addon Mananger: Found addon: 'skin.arctic.zephyr.pigeonhole v2.0.5'
09-13 23:53:35.673 20750 20776 I Kodi    : 2025-09-13 23:53:35.673 T:20776    info <general>: Addon Mananger: Found addon: 'skin.estuary v4.1.0'
09-13 23:53:35.673 20750 20776 I Kodi    : 2025-09-13 23:53:35.673 T:20776    info <general>: Addon Mananger: Found addon: 'webinterface.default v21.x-1.0.1'
09-13 23:53:35.674 20750 20776 I Kodi    : 2025-09-13 23:53:35.674 T:20776    info <general>: Addon Mananger: Found addon: 'xbmc.addon v21.90.700'
09-13 23:53:35.674 20750 20776 I Kodi    : 2025-09-13 23:53:35.674 T:20776    info <general>: Addon Mananger: Found addon: 'xbmc.core v0.1.0'
09-13 23:53:35.674 20750 20776 I Kodi    : 2025-09-13 23:53:35.674 T:20776    info <general>: Addon Mananger: Found addon: 'xbmc.gui v5.18.0'
09-13 23:53:35.674 20750 20776 I Kodi    : 2025-09-13 23:53:35.674 T:20776    info <general>: Addon Mananger: Found addon: 'xbmc.json v13.8.0'
09-13 23:53:35.674 20750 20776 I Kodi    : 2025-09-13 23:53:35.674 T:20776    info <general>: Addon Mananger: Found addon: 'xbmc.metadata v2.1.0'
09-13 23:53:35.675 20750 20776 I Kodi    : 2025-09-13 23:53:35.675 T:20776    info <general>: Addon Mananger: Found addon: 'xbmc.python v3.0.1'
09-13 23:53:35.675 20750 20776 I Kodi    : 2025-09-13 23:53:35.675 T:20776    info <general>: Addon Mananger: Found addon: 'xbmc.webinterface v1.0.0'
09-13 23:53:35.676 20750 20776 E Kodi    : 2025-09-13 23:53:35.676 T:20776   error <general>: bool CFavouritesURL::Parse(CFavouritesURL::Action, const std::vector<std::string> &): Missing parameter
09-13 23:53:35.676 20750 20776 I chatty  : uid=10223(org.xbmc.kodi) Thread-3 identical 15 lines
09-13 23:53:35.676 20750 20776 E Kodi    : 2025-09-13 23:53:35.676 T:20776   error <general>: bool CFavouritesURL::Parse(CFavouritesURL::Action, const std::vector<std::string> &): Missing parameter
09-13 23:53:35.677 20750 20776 E Kodi    : 2025-09-13 23:53:35.677 T:20776   error <general>: bool CFavouritesURL::Parse(CFavouritesURL::Action, const std::vector<std::string> &): Missing parameter
09-13 23:53:35.677 20750 20776 I chatty  : uid=10223(org.xbmc.kodi) Thread-3 identical 6 lines
09-13 23:53:35.677 20750 20776 E Kodi    : 2025-09-13 23:53:35.677 T:20776   error <general>: bool CFavouritesURL::Parse(CFavouritesURL::Action, const std::vector<std::string> &): Missing parameter
09-13 23:53:35.683 20750 20776 I Kodi    : 2025-09-13 23:53:35.683 T:20776    info <general>: CKeyboardLayoutManager: loading keyboard layouts from special://xbmc/system/keyboardlayouts...
09-13 23:53:35.696 20750 20776 I Kodi    : 2025-09-13 23:53:35.696 T:20776    info <general>: bool CDecoderFilterManager::Load(): loading filters from special://masterprofile/decoderfilter.xml
09-13 23:53:35.725 20750 20776 I chatty  : uid=10223(org.xbmc.kodi) Thread-3 identical 4 lines
09-13 23:53:35.746 20750 20776 I Kodi    : 2025-09-13 23:53:35.746 T:20776    info <general>: Mediacodec decoder: OMX.google.aac.decoder
09-13 23:53:35.746 20750 20776 I Kodi    : 2025-09-13 23:53:35.746 T:20776    info <general>: Mediacodec decoder: OMX.amlogic.audio.decoder.ac3
09-13 23:53:35.746 20750 20776 I Kodi    : 2025-09-13 23:53:35.746 T:20776    info <general>: Mediacodec decoder: OMX.amlogic.audio.decoder.ac4
09-13 23:53:35.746 20750 20776 I Kodi    : 2025-09-13 23:53:35.746 T:20776    info <general>: Mediacodec decoder: OMX.google.amrnb.decoder
09-13 23:53:35.746 20750 20776 I Kodi    : 2025-09-13 23:53:35.746 T:20776    info <general>: Mediacodec decoder: OMX.amlogic.audio.decoder.eac3
09-13 23:53:35.747 20750 20776 I Kodi    : 2025-09-13 23:53:35.747 T:20776    info <general>: Mediacodec decoder: OMX.google.flac.decoder
09-13 23:53:35.747 20750 20776 I Kodi    : 2025-09-13 23:53:35.747 T:20776    info <general>: Mediacodec decoder: OMX.google.g711.alaw.decoder
09-13 23:53:35.747 20750 20776 I Kodi    : 2025-09-13 23:53:35.747 T:20776    info <general>: Mediacodec decoder: OMX.google.g711.mlaw.decoder
09-13 23:53:35.747 20750 20776 I Kodi    : 2025-09-13 23:53:35.747 T:20776    info <general>: Mediacodec decoder: OMX.google.mp3.decoder
09-13 23:53:35.747 20750 20776 I Kodi    : 2025-09-13 23:53:35.747 T:20776    info <general>: Mediacodec decoder: OMX.google.opus.decoder
09-13 23:53:35.747 20750 20776 I Kodi    : 2025-09-13 23:53:35.747 T:20776    info <general>: Mediacodec decoder: OMX.google.raw.decoder
09-13 23:53:35.747 20750 20776 I Kodi    : 2025-09-13 23:53:35.747 T:20776    info <general>: Mediacodec decoder: OMX.google.vorbis.decoder
09-13 23:53:35.747 20750 20776 I Kodi    : 2025-09-13 23:53:35.747 T:20776    info <general>: Mediacodec decoder: OMX.amlogic.av1.decoder.awesome
09-13 23:53:35.747 20750 20776 I Kodi    : 2025-09-13 23:53:35.747 T:20776    info <general>: Mediacodec decoder: OMX.amlogic.avc.decoder.awesome
09-13 23:53:35.747 20750 20776 I Kodi    : 2025-09-13 23:53:35.747 T:20776    info <general>: Mediacodec decoder: OMX.google.h264.decoder
09-13 23:53:35.747 20750 20776 I Kodi    : 2025-09-13 23:53:35.747 T:20776    info <general>: Mediacodec decoder: OMX.amlogic.dolby-vision.dvhe.decoder
09-13 23:53:35.747 20750 20776 I Kodi    : 2025-09-13 23:53:35.747 T:20776    info <general>: Mediacodec decoder: OMX.amlogic.dolby-vision.dvav.decoder
09-13 23:53:35.747 20750 20776 I Kodi    : 2025-09-13 23:53:35.747 T:20776    info <general>: Mediacodec decoder: OMX.amlogic.dolby-vision.dav1.decoder
09-13 23:53:35.748 20750 20776 I Kodi    : 2025-09-13 23:53:35.748 T:20776    info <general>: Mediacodec decoder: OMX.google.h263.decoder
09-13 23:53:35.748 20750 20776 I Kodi    : 2025-09-13 23:53:35.748 T:20776    info <general>: Mediacodec decoder: OMX.amlogic.hevc.decoder.awesome
09-13 23:53:35.748 20750 20776 I Kodi    : 2025-09-13 23:53:35.748 T:20776    info <general>: Mediacodec decoder: OMX.amlogic.mpeg2.decoder.awesome
09-13 23:53:35.748 20750 20776 I Kodi    : 2025-09-13 23:53:35.748 T:20776    info <general>: Mediacodec decoder: OMX.amlogic.mpeg4.decoder.awesome
09-13 23:53:35.748 20750 20776 I Kodi    : 2025-09-13 23:53:35.748 T:20776    info <general>: Mediacodec decoder: OMX.google.mpeg4.decoder
09-13 23:53:35.748 20750 20776 I Kodi    : 2025-09-13 23:53:35.748 T:20776    info <general>: Mediacodec decoder: OMX.google.vp8.decoder
09-13 23:53:35.748 20750 20776 I Kodi    : 2025-09-13 23:53:35.748 T:20776    info <general>: Mediacodec decoder: OMX.amlogic.vp9.decoder.awesome
09-13 23:53:35.748 20750 20776 I Kodi    : 2025-09-13 23:53:35.748 T:20776    info <general>: Mediacodec decoder: OMX.google.vp9.decoder
09-13 23:53:35.748 20750 20776 I Kodi    : 2025-09-13 23:53:35.748 T:20776    info <general>: RetroPlayer[RENDER]: Registering renderer factory for OpenGLES
09-13 23:53:35.748 20750 20776 I Kodi    : 2025-09-13 23:53:35.748 T:20776    info <general>: CAndroidUtils: window resolution: 1920x1080
09-13 23:53:35.748 20750 20776 I Kodi    : 2025-09-13 23:53:35.748 T:20776    info <general>: CAndroidUtils: Current resolution: 1920x1080 1920x1080 @ 59.940060 - Full Screen
09-13 23:53:35.748 20750 20776 I Kodi    : 2025-09-13 23:53:35.748 T:20776    info <general>: CAndroidUtils: Current resolution: 1920x1080 1920x1080 @ 59.940060 - Full Screen
09-13 23:53:35.749 20750 20776 I Kodi    : 2025-09-13 23:53:35.749 T:20776    info <general>: EGL_VERSION = 1.4 Android META-EGL
09-13 23:53:35.749 20750 20776 I Kodi    : 2025-09-13 23:53:35.749 T:20776    info <general>: EGL_VENDOR = Android
09-13 23:53:35.749 20750 20776 I Kodi    : 2025-09-13 23:53:35.749 T:20776    info <general>: EGL_EXTENSIONS = EGL_KHR_get_all_proc_addresses EGL_ANDROID_presentation_time EGL_KHR_swap_buffers_with_damage EGL_ANDROID_get_native_client_buffer EGL_ANDROID_front_buffer_auto_refresh EGL_ANDROID_get_frame_timestamps EGL_EXT_surface_SMPTE2086_metadata EGL_EXT_surface_CTA861_3_metadata EGL_KHR_image EGL_KHR_image_base EGL_EXT_image_gl_colorspace EGL_KHR_gl_colorspace EGL_KHR_gl_texture_2D_image EGL_KHR_gl_texture_cubemap_image EGL_KHR_gl_renderbuffer_image EGL_KHR_fence_sync EGL_KHR_create_context EGL_KHR_config_attribs EGL_KHR_surfaceless_context EGL_EXT_create_context_robustness EGL_ANDROID_image_native_buffer EGL_KHR_wait_sync EGL_ANDROID_recordable EGL_KHR_partial_update EGL_EXT_pixel_format_float EGL_KHR_mutable_render_buffer EGL_IMG_context_priority EGL_KHR_no_config_context 
09-13 23:53:35.749 20750 20776 I Kodi    : 2025-09-13 23:53:35.749 T:20776    info <general>: EGL_CLIENT_EXTENSIONS = NULL
09-13 23:53:35.750 20750 20776 I Kodi    : 2025-09-13 23:53:35.750 T:20776    info <general>: CApplication::CreateGUI - using the default windowing system
09-13 23:53:35.751 20750 20776 I Kodi    : 2025-09-13 23:53:35.751 T:20776    info <general>: Checking resolution 16
09-13 23:53:35.751 20750 20776 I Kodi    : 2025-09-13 23:53:35.751 T:20776    info <general>: CAndroidUtils: SetNativeResolution: 11: 1920x1080 1920x1080@59.940060
09-13 23:53:35.752 20750 20776 I Kodi    : 2025-09-13 23:53:35.752 T:20776    info <general>: GL_VENDOR = ARM
09-13 23:53:35.752 20750 20776 I Kodi    : 2025-09-13 23:53:35.752 T:20776    info <general>: GL_RENDERER = Mali-G52
09-13 23:53:35.752 20750 20776 I Kodi    : 2025-09-13 23:53:35.752 T:20776    info <general>: GL_VERSION = OpenGL ES 3.2 v1.r16p0-01rel0-9332282c8.f4b763fd52a5ea0ebb47d0b46c8a07ce
09-13 23:53:35.753 20750 20776 I Kodi    : 2025-09-13 23:53:35.752 T:20776    info <general>: GL_SHADING_LANGUAGE_VERSION = OpenGL ES GLSL ES 3.20
09-13 23:53:35.753 20750 20776 I Kodi    : 2025-09-13 23:53:35.753 T:20776    info <general>: GL_EXTENSIONS = GL_EXT_debug_marker GL_ARM_rgba8 GL_ARM_mali_shader_binary GL_OES_depth24 GL_OES_depth_texture GL_OES_depth_texture_cube_map GL_OES_packed_depth_stencil GL_OES_rgb8_rgba8 GL_EXT_read_format_bgra GL_OES_compressed_paletted_texture GL_OES_compressed_ETC1_RGB8_texture GL_OES_standard_derivatives GL_OES_EGL_image GL_OES_EGL_image_external GL_OES_EGL_image_external_essl3 GL_OES_EGL_sync GL_OES_texture_npot GL_OES_vertex_half_float GL_OES_required_internalformat GL_OES_vertex_array_object GL_OES_mapbuffer GL_EXT_texture_format_BGRA8888 GL_EXT_texture_rg GL_EXT_texture_type_2_10_10_10_REV GL_OES_fbo_render_mipmap GL_OES_element_index_uint GL_EXT_shadow_samplers GL_OES_texture_compression_astc GL_KHR_texture_compression_astc_ldr GL_KHR_texture_compression_astc_hdr GL_KHR_texture_compression_astc_sliced_3d GL_EXT_texture_compression_astc_decode_mode GL_EXT_texture_compression_astc_decode_mode_rgb9e5 GL_KHR_debug GL_EXT_occlusion_query_boolean GL_EXT_disjoint_timer_query GL_EXT_blend_minmax GL_EXT_discard_framebuffer GL_OES_get_program_binary GL_OES_texture_3D GL_EXT_texture_storage GL_EXT_multisampled_render_to_texture GL_EXT_multisampled_render_to_texture2 GL_OES_surfaceless_context GL_OES_texture_stencil8 GL_EXT_shader_pixel_local_storage GL_ARM_shader_framebuffer_fetch GL_ARM_shader_framebuffer_fetch_depth_stencil GL_ARM_mali_program_binary GL_EXT_sRGB GL_EXT_sRGB_write_control GL_EXT_texture_sRGB_decode GL_EXT_texture_sRGB_R8 GL_EXT_texture_sRGB_RG8 GL_KHR_blend_equation_advanced GL_KHR_blend_equation_advanced_coherent GL_OES_texture_storage_multisample_2d_array GL_OES_shader_image_atomic GL_EXT_robustness GL_EXT_draw_buffers_indexed GL_OES_draw_buffers_indexed GL_EXT_texture_border_clamp GL_OES_texture_border_clamp GL_EXT_texture_cube_map_array GL_OES_texture_cube_map_array GL_OES_sample_variables GL_OES_sample_shading GL_OES_shader_multisample_interpolation GL_EXT_shader_io_blocks GL_OES_shader_io_blocks GL_EXT_tessellation_shader GL_OES_tessellation_shader GL_EXT_primitive_bounding_box GL_OES_primitive_bounding_box GL_EXT_geometry_shader GL_OES_geometry_shader GL_ANDROID_extension_pack_es31a GL_EXT_gpu_shader5 GL_OES_gpu_shader5 GL_EXT_texture_buffer GL_OES_texture_buffer GL_EXT_copy_image GL_OES_copy_image GL_EXT_shader_non_constant_global_initializers GL_EXT_color_buffer_half_float GL_EXT_color_buffer_float GL_EXT_YUV_target GL_OVR_multiview GL_OVR_multiview2 GL_OVR_multiview_multisampled_render_to_texture GL_KHR_robustness GL_KHR_robust_buffer_access_behavior GL_EXT_draw_elements_base_vertex GL_OES_draw_elements_base_vertex GL_EXT_protected_textures GL_EXT_buffer_storage GL_EXT_external_buffer GL_EXT_EGL_image_array GL_EXT_texture_filter_anisotropic 
09-13 23:53:35.767   441   776 E BufferQueueProducer: [SurfaceView - org.xbmc.kodi/org.xbmc.kodi.Main#0] disconnect: not connected (req=1)
09-13 23:53:35.767 20750 20776 I Kodi    : 2025-09-13 23:53:35.767 T:20776    info <general>: CAndroidUtils: SetNativeResolution: 11: 1920x1080 1920x1080@59.940060
09-13 23:53:35.767   441   776 W SurfaceFlinger: Attempting to set client state on removed layer: Splash Screen org.xbmc.kodi#1
09-13 23:53:35.768   441   776 W SurfaceFlinger: Attempting to destroy on removed layer: Splash Screen org.xbmc.kodi#1
09-13 23:53:35.769 20750 20776 I Kodi    : 2025-09-13 23:53:35.769 T:20776    info <general>: GLES: Maximum texture width: 8192
09-13 23:53:35.839 20750 20776 I Kodi    : 2025-09-13 23:53:35.839 T:20776    info <general>: GLES: Enabling VSYNC
09-13 23:53:35.841 20750 20776 I Kodi    : 2025-09-13 23:53:35.841 T:20776    info <general>: load keymapping
09-13 23:53:35.844 20750 20776 I Kodi    : 2025-09-13 23:53:35.844 T:20776    info <general>: Loading special://xbmc/system/keymaps/appcommand.xml
09-13 23:53:35.845 20750 20776 I Kodi    : 2025-09-13 23:53:35.845 T:20776    info <general>: Loading special://xbmc/system/keymaps/customcontroller.AppleRemote.xml
09-13 23:53:35.845 20750 20776 I Kodi    : 2025-09-13 23:53:35.845 T:20776    info <general>: Loading special://xbmc/system/keymaps/customcontroller.Harmony.xml
09-13 23:53:35.846 20750 20776 I Kodi    : 2025-09-13 23:53:35.846 T:20776    info <general>: Loading special://xbmc/system/keymaps/customcontroller.SiriRemote.xml
09-13 23:53:35.847 20750 20776 I Kodi    : 2025-09-13 23:53:35.846 T:20776    info <general>: Loading special://xbmc/system/keymaps/gamepad.xml
09-13 23:53:35.848 20750 20776 I Kodi    : 2025-09-13 23:53:35.848 T:20776    info <general>: Loading special://xbmc/system/keymaps/joystick.xml
09-13 23:53:35.849 20750 20776 I Kodi    : 2025-09-13 23:53:35.849 T:20776    info <general>: Loading special://xbmc/system/keymaps/keyboard.xml
09-13 23:53:35.851 20750 20776 I Kodi    : 2025-09-13 23:53:35.851 T:20776    info <general>: Loading special://xbmc/system/keymaps/mouse.xml
09-13 23:53:35.851 20750 20776 I Kodi    : 2025-09-13 23:53:35.851 T:20776    info <general>: Loading special://xbmc/system/keymaps/remote.xml
09-13 23:53:35.853 20750 20776 I Kodi    : 2025-09-13 23:53:35.853 T:20776    info <general>: Loading special://xbmc/system/keymaps/touchscreen.xml
09-13 23:53:35.854 20750 20776 I Kodi    : 2025-09-13 23:53:35.854 T:20776    info <general>: GUI format 1920x1080, Display 1920x1080 @ 59.940060 - Full Screen
09-13 23:53:35.857 20750 20802 I Kodi    : 2025-09-13 23:53:35.857 T:20802    info <general>: Float is supported
09-13 23:53:35.857 20750 20802 I Kodi    : 2025-09-13 23:53:35.857 T:20802    info <general>: Multi channel Float is supported
09-13 23:53:35.863 20750 20802 I Kodi    : 2025-09-13 23:53:35.863 T:20802    info <general>: Float is supported
09-13 23:53:35.863 20750 20802 I Kodi    : 2025-09-13 23:53:35.863 T:20802    info <general>: Multi channel Float is supported
09-13 23:53:35.868 20750 20802 I Kodi    : 2025-09-13 23:53:35.868 T:20802    info <general>: Found 1 Lists of Devices
09-13 23:53:35.868 20750 20802 I Kodi    : 2025-09-13 23:53:35.868 T:20802    info <general>: Enumerated AUDIOTRACK devices:
09-13 23:53:35.868 20750 20802 I Kodi    : 2025-09-13 23:53:35.868 T:20802    info <general>:     Device 1
09-13 23:53:35.868 20750 20802 I Kodi    : 2025-09-13 23:53:35.868 T:20802    info <general>:         m_deviceName      : AudioTrack (IEC)
09-13 23:53:35.868 20750 20802 I Kodi    : 2025-09-13 23:53:35.868 T:20802    info <general>:         m_displayName     : AudioTrack (IEC)
09-13 23:53:35.868 20750 20802 I Kodi    : 2025-09-13 23:53:35.868 T:20802    info <general>:         m_displayNameExtra: Kodi IEC packer (recommended)
09-13 23:53:35.868 20750 20802 I Kodi    : 2025-09-13 23:53:35.868 T:20802    info <general>:         m_deviceType      : AE_DEVTYPE_HDMI
09-13 23:53:35.868 20750 20802 I Kodi    : 2025-09-13 23:53:35.868 T:20802    info <general>:         m_channels        : FL, FR, FC, LFE, SL, SR, BL, BR, BC, BLOC, BROC
09-13 23:53:35.868 20750 20802 I Kodi    : 2025-09-13 23:53:35.868 T:20802    info <general>:         m_sampleRates     : 32000,44100,48000,88200,96000,176400,192000
09-13 23:53:35.868 20750 20802 I Kodi    : 2025-09-13 23:53:35.868 T:20802    info <general>:         m_dataFormats     : AE_FMT_S16LE,AE_FMT_FLOAT,AE_FMT_RAW,AE_FMT_RAW
09-13 23:53:35.868 20750 20802 I Kodi    : 2025-09-13 23:53:35.868 T:20802    info <general>:         m_streamTypes     : STREAM_TYPE_AC3,STREAM_TYPE_DTSHD_CORE,STREAM_TYPE_DTS_1024,STREAM_TYPE_DTS_2048,STREAM_TYPE_DTS_512,STREAM_TYPE_EAC3,STREAM_TYPE_DTSHD,STREAM_TYPE_DTSHD_MA,STREAM_TYPE_TRUEHD
09-13 23:53:35.868 20750 20802 I Kodi    : 2025-09-13 23:53:35.868 T:20802    info <general>:     Device 2
09-13 23:53:35.868 20750 20802 I Kodi    : 2025-09-13 23:53:35.868 T:20802    info <general>:         m_deviceName      : AudioTrack (RAW)
09-13 23:53:35.868 20750 20802 I Kodi    : 2025-09-13 23:53:35.868 T:20802    info <general>:         m_displayName     : AudioTrack (RAW)
09-13 23:53:35.868 20750 20802 I Kodi    : 2025-09-13 23:53:35.868 T:20802    info <general>:         m_displayNameExtra: Android IEC packer
09-13 23:53:35.868 20750 20802 I Kodi    : 2025-09-13 23:53:35.868 T:20802    info <general>:         m_deviceType      : AE_DEVTYPE_HDMI
09-13 23:53:35.868 20750 20802 I Kodi    : 2025-09-13 23:53:35.868 T:20802    info <general>:         m_channels        : FL, FR, FC, LFE, SL, SR, BL, BR, BC, BLOC, BROC
09-13 23:53:35.868 20750 20802 I Kodi    : 2025-09-13 23:53:35.868 T:20802    info <general>:         m_sampleRates     : 32000,44100,48000,88200,96000,176400,192000,32000,44100,48000,88200,96000,176400,192000
09-13 23:53:35.868 20750 20802 I Kodi    : 2025-09-13 23:53:35.868 T:20802    info <general>:         m_dataFormats     : AE_FMT_S16LE,AE_FMT_FLOAT,AE_FMT_RAW,AE_FMT_RAW,AE_FMT_S16LE,AE_FMT_FLOAT,AE_FMT_RAW
09-13 23:53:35.868 20750 20802 I Kodi    : 2025-09-13 23:53:35.868 T:20802    info <general>:         m_streamTypes     : STREAM_TYPE_AC3,STREAM_TYPE_EAC3,STREAM_TYPE_DTSHD_CORE,STREAM_TYPE_DTS_1024,STREAM_TYPE_DTS_2048,STREAM_TYPE_DTS_512,STREAM_TYPE_DTSHD,STREAM_TYPE_DTSHD_MA,STREAM_TYPE_TRUEHD
09-13 23:53:35.869 20750 20802 W Kodi    : 2025-09-13 23:53:35.869 T:20802 warning <general>: void ActiveAE::CActiveAE::ValidateOutputDevices(bool): audio output device setting has been updated from 'Default' to 'AUDIOTRACK:AudioTrack (IEC)|Kodi IEC packer (recommended)'
09-13 23:53:35.869 20750 20802 W Kodi    : 2025-09-13 23:53:35.869 T:20802 warning <general>: void ActiveAE::CActiveAE::ValidateOutputDevices(bool): passthrough output device setting has been updated from 'Default' to 'AUDIOTRACK:AudioTrack (IEC)|Kodi IEC packer (recommended)'
09-13 23:53:35.869 20750 20803 I Kodi    : 2025-09-13 23:53:35.869 T:20803    info <general>: CActiveAESink::OpenSink - initialize sink
09-13 23:53:35.869 20750 20803 I Kodi    : 2025-09-13 23:53:35.869 T:20803    info <general>: Trying to open: samplerate: 44100, channelMask: 12, encoding: 4
09-13 23:53:35.870 20750 20803 I Kodi    : 2025-09-13 23:53:35.870 T:20803    info <general>: Minimum size we need for stream: 22640 Bytes
09-13 23:53:35.870 20750 20803 I Kodi    : 2025-09-13 23:53:35.870 T:20803    info <general>: Audiotrack buffer params are: period time = 32.086 ms, period size = 11320 bytes, num periods = 4
09-13 23:53:35.870 20750 20803 I Kodi    : 2025-09-13 23:53:35.870 T:20803    info <general>: Created Audiotrackbuffer with playing time of 128.344671 ms min buffer size: 45280 bytes
09-13 23:53:35.878 20750 20803 I Kodi    : 2025-09-13 23:53:35.878 T:20803    info <general>: CAESinkAUDIOTRACK::Initializing with: m_sampleRate: 44100 format: AE_FMT_FLOAT (AE) method: PCM stream-type: PCM-STREAM min_buffer_size: 45280 m_frames: 1415 m_frameSize: 8 channels: 2
09-13 23:53:35.881 20750 20776 I Kodi    : 2025-09-13 23:53:35.881 T:20776    info <general>: CLangInfo: loading resource.language.en_gb language information...
09-13 23:53:35.882 20750 20776 I Kodi    : 2025-09-13 23:53:35.882 T:20776    info <general>: global locale set to en_US.UTF-8
09-13 23:53:35.882 20750 20776 I Kodi    : 2025-09-13 23:53:35.882 T:20776    info <general>: CLangInfo: loading resource.language.en_gb language strings...
09-13 23:53:35.910 20750 20805 I Kodi    : 2025-09-13 23:53:35.910 T:20805    info <general>: Running database version Addons33
09-13 23:53:35.912 20750 20805 I Kodi    : 2025-09-13 23:53:35.912 T:20805    info <general>: Running database version ViewModes6
09-13 23:53:35.913 20750 20805 I Kodi    : 2025-09-13 23:53:35.913 T:20805    info <general>: Running database version Textures14
09-13 23:53:35.918 20750 20805 I Kodi    : 2025-09-13 23:53:35.918 T:20805    info <general>: Running database version MyMusic83
09-13 23:53:35.927 20750 20805 I Kodi    : 2025-09-13 23:53:35.927 T:20805    info <general>: Running database version MyVideos137
09-13 23:53:35.930 20750 20805 I Kodi    : 2025-09-13 23:53:35.930 T:20805    info <general>: Running database version TV47
09-13 23:53:35.932 20750 20805 I Kodi    : 2025-09-13 23:53:35.932 T:20805    info <general>: Running database version Epg20
09-13 23:53:36.016 20750 20776 I Kodi    : 2025-09-13 23:53:36.016 T:20776    info <general>: Unloaded skin
09-13 23:53:36.017 20750 20776 I Kodi    : 2025-09-13 23:53:36.017 T:20776    info <general>:   load skin from: /data/user/0/org.xbmc.kodi/cache/apk/assets/addons/skin.estuary/ (version: 4.1.0)
09-13 23:53:36.017 20750 20776 I Kodi    : 2025-09-13 23:53:36.017 T:20776    info <general>:   load fonts for skin...
09-13 23:53:36.018 20750 20776 I Kodi    : 2025-09-13 23:53:36.018 T:20776    info <general>: Loading skin includes from /data/user/0/org.xbmc.kodi/cache/apk/assets/addons/skin.estuary/xml/Includes.xml
09-13 23:53:36.074 20750 20776 I Kodi    : 2025-09-13 23:53:36.074 T:20776    info <general>: bool GUIFontManager::LoadFontsFromFile(const std::string &, const std::string &, std::string &): Loading <fontset> with name 'Default' from '/data/user/0/org.xbmc.kodi/cache/apk/assets/addons/skin.estuary/xml/Font.xml'
09-13 23:53:36.079 20750 20776 I Kodi    : 2025-09-13 23:53:36.079 T:20776    info <general>: void ADDON::CSkinInfo::LoadTimers(): Trying to load skin timers from /data/user/0/org.xbmc.kodi/cache/apk/assets/addons/skin.estuary/xml/Timers.xml
09-13 23:53:36.079 20750 20776 I Kodi    : 2025-09-13 23:53:36.079 T:20776    info <general>:   load new skin...
09-13 23:53:36.079 20750 20776 I Kodi    : 2025-09-13 23:53:36.079 T:20776    info <general>: Loading custom window XMLs from skin path /data/user/0/org.xbmc.kodi/cache/apk/assets/addons/skin.estuary/xml
09-13 23:53:36.087 20750 20776 I Kodi    : 2025-09-13 23:53:36.087 T:20776    info <general>:   initialize new skin...
09-13 23:53:36.087 20750 20776 I Kodi    : 2025-09-13 23:53:36.087 T:20776    info <general>: Loading skin file: DialogBusy.xml, load type: LOAD_ON_GUI_INIT
09-13 23:53:36.088 20750 20776 I Kodi    : 2025-09-13 23:53:36.088 T:20776    info <general>: Loading skin file: DialogBusy.xml, load type: LOAD_ON_GUI_INIT
09-13 23:53:36.089 20750 20776 I Kodi    : 2025-09-13 23:53:36.089 T:20776    info <general>: Loading skin file: DialogNotification.xml, load type: LOAD_ON_GUI_INIT
09-13 23:53:36.090 20750 20776 I Kodi    : 2025-09-13 23:53:36.090 T:20776    info <general>: Loading skin file: DialogVolumeBar.xml, load type: LOAD_ON_GUI_INIT
09-13 23:53:36.093 20750 20776 I Kodi    : 2025-09-13 23:53:36.093 T:20776    info <general>: Loading skin file: DialogExtendedProgressBar.xml, load type: LOAD_ON_GUI_INIT
09-13 23:53:36.095 20750 20776 I Kodi    : 2025-09-13 23:53:36.095 T:20776    info <general>: Loading skin file: Pointer.xml, load type: LOAD_ON_GUI_INIT
09-13 23:53:36.096 20750 20776 I Kodi    : 2025-09-13 23:53:36.096 T:20776    info <general>: Loading skin file: DialogSeekBar.xml, load type: LOAD_ON_GUI_INIT
09-13 23:53:36.121 20750 20776 I Kodi    : 2025-09-13 23:53:36.121 T:20776    info <general>: Loading skin file: Custom_1109_TopBarOverlay.xml, load type: LOAD_ON_GUI_INIT
09-13 23:53:36.131 20750 20776 I Kodi    : 2025-09-13 23:53:36.131 T:20776    info <general>: Loading resource://resource.uisounds.kodi/sounds.xml
09-13 23:53:36.167 20750 20776 I Kodi    : 2025-09-13 23:53:36.167 T:20776    info <general>:   skin loaded...
09-13 23:53:36.167 20750 20776 I Kodi    : 2025-09-13 23:53:36.167 T:20776    info <general>: Loading skin file: Startup.xml, load type: LOAD_EVERY_TIME
09-13 23:53:36.168 20750 20776 I Kodi    : 2025-09-13 23:53:36.168 T:20776    info <general>: Loading skin file: Home.xml, load type: KEEP_IN_MEMORY
09-13 23:53:36.264 20750 20808 E Kodi    : 2025-09-13 23:53:36.264 T:20808   error <general>: CFavouritesURL::CFavouritesURL(const std::string &): Invalid protocol
09-13 23:53:36.275 20750 20776 W Kodi    : 2025-09-13 23:53:36.275 T:20776 warning <general>: JSONRPC: Could not parse type "Setting.Details.SettingList"
09-13 23:53:36.275 20750 20776 I Kodi    : 2025-09-13 23:53:36.275 T:20776    info <general>: JSONRPC: Adding type "Setting.Details.SettingList" to list of incomplete definitions (waiting for "Setting.Details.Setting")
09-13 23:53:36.275 20750 20776 I Kodi    : 2025-09-13 23:53:36.275 T:20776    info <general>: JSONRPC: Resolving incomplete types/methods referencing Setting.Details.Setting
09-13 23:53:36.304 20750 20776 I Kodi    : 2025-09-13 23:53:36.304 T:20776    info <general>: JSONRPC v13.8.0: Successfully initialized
09-13 23:53:36.308 20750 20776 I Kodi    : 2025-09-13 23:53:36.308 T:20776    info <general>: CPeripheralBusAndroid: scanning for input devices...
09-13 23:53:36.323 20750 20776 I Kodi    : 2025-09-13 23:53:36.323 T:20776    info <general>: Loading controller layout: /data/user/0/org.xbmc.kodi/cache/apk/assets/addons/game.controller.keyboard/resources/layout.xml
09-13 23:53:36.324 20750 20776 I Kodi    : 2025-09-13 23:53:36.324 T:20776    info <general>: Register - new keyboard device registered on application->keyboard: Keyboard (0000:0000)
09-13 23:53:36.325 20750 20776 I Kodi    : 2025-09-13 23:53:36.325 T:20776    info <general>: Loading controller layout: /data/user/0/org.xbmc.kodi/cache/apk/assets/addons/game.controller.mouse/resources/layout.xml
09-13 23:53:36.325 20750 20776 I Kodi    : 2025-09-13 23:53:36.325 T:20776    info <general>: Register - new mouse device registered on application->mouse: Mouse (0000:0000)
09-13 23:53:36.326 20750 20776 I Kodi    : 2025-09-13 23:53:36.326 T:20776    info <general>: Loading player core factory settings from special://xbmc/system/playercorefactory.xml.
09-13 23:53:36.326 20750 20776 I Kodi    : 2025-09-13 23:53:36.326 T:20776    info <general>: Loaded playercorefactory configuration
09-13 23:53:36.326 20750 20776 I Kodi    : 2025-09-13 23:53:36.326 T:20776    info <general>: Loading player core factory settings from special://masterprofile/playercorefactory.xml.
09-13 23:53:36.326 20750 20776 I Kodi    : 2025-09-13 23:53:36.326 T:20776    info <general>: special://masterprofile/playercorefactory.xml does not exist. Skipping.
09-13 23:53:36.326 20750 20776 I Kodi    : 2025-09-13 23:53:36.326 T:20776    info <general>: removing tempfiles
09-13 23:53:36.329 20750 20776 I Kodi    : 2025-09-13 23:53:36.329 T:20776    info <general>: initialize done
09-13 23:53:36.329 20750 20776 I Kodi    : 2025-09-13 23:53:36.329 T:20776    info <general>: Running the application...
09-13 23:53:36.333 20750 20776 I Kodi    : 2025-09-13 23:53:36.333 T:20776    info <general>: starting zeroconf publishing
09-13 23:53:36.333 20750 20815 I Kodi    : 2025-09-13 23:53:36.333 T:20815    info <general>: ES: Starting UDP Event server on port 9777
09-13 23:53:36.333 20750 20815 I Kodi    : 2025-09-13 23:53:36.333 T:20815    info <general>: UDP: Listening on port 9777 (ipv6 : false)
09-13 23:53:36.334 20750 20776 I Kodi    : 2025-09-13 23:53:36.334 T:20776    info <general>: JSONRPC Server: Successfully initialized
09-13 23:53:36.335 20750 20776 I Kodi    : 2025-09-13 23:53:36.335 T:20776    info <general>: CWSDiscoveryListenerUDP::Start - Started
09-13 23:53:36.578 20750 20807 W org.xbmc.kodi: Unknown chunk type '200'.
09-13 23:53:36.578 20750 20807 W org.xbmc.kodi: resources.arsc in APK '/system/priv-app/DeviceClientPlatformContractsFramework/DeviceClientPlatformContractsFramework.apk' is compressed.
09-13 23:53:37.072 20750 20814 I Kodi    : 2025-09-13 23:53:37.072 T:20814    info <general>: ZeroconfAndroid: Kodi (192.168.1.130) jsonrpc-tcp. now registered and active
09-13 23:53:37.072 20750 20814 I Kodi    : 2025-09-13 23:53:37.072 T:20814    info <general>: ZeroconfAndroid: Kodi (192.168.1.130) eventserver. now registered and active
09-13 23:54:34.588 20750 20750 I Kodi    : 2025-09-13 23:54:34.588 T:20750    info <general>: CAndroidUtils: Current resolution: 1920x1080 1920x1080 @ 59.940060 - Full Screen
09-13 23:54:34.650 20750 20776 I Kodi    : 2025-09-13 23:54:34.650 T:20776    info <general>: CWinSystemAndroid::DestroyWindow
09-13 23:54:34.654 20750 20750 W Kodi    : 2025-09-13 23:54:34.654 T:20750 warning <general>: CPeripheralBusAndroid: failed to update input device with ID 8 because it couldn't be found
09-13 23:54:34.656 20750 20750 W Kodi    : 2025-09-13 23:54:34.656 T:20750 warning <general>: CPeripheralBusAndroid: failed to update input device with ID 11 because it couldn't be found
09-13 23:54:34.695 20750 20750 I Kodi    : 2025-09-13 23:54:34.695 T:20750    info <general>: Ignore MEDIA_BUTTON intent: no media playing
09-13 23:54:34.796 20750 20750 W Kodi    : 2025-09-13 23:54:34.796 T:20750 warning <general>: CPeripheralBusAndroid: failed to remove input device with ID 18 because it couldn't be found
09-13 23:54:34.838  2240  2240 I AlexaFocusInFocusChannel: Releasing all system focus for org.xbmc.kodi with client null
09-13 23:54:34.838  2240  2240 I AlexaFocusInFocusChannel: No system focus to release for org.xbmc.kodi with client null
09-13 23:54:34.926 20750 20750 I Kodi    : 2025-09-13 23:54:34.926 T:20750    info <general>: Got device sleep intent
09-13 23:54:35.340 20750 20776 I Kodi    : 2025-09-13 23:54:35.340 T:20776    info <general>: OnSleep: Running sleep jobs
09-13 23:54:35.342 20750 20776 I Kodi    : 2025-09-13 23:54:35.342 T:20776    info <general>: PumpPowerEvents: OnSleep called
09-13 23:56:43.599   781  3555 I ActivityManager: Force stopping org.xbmc.kodi appid=10223 user=0: from pid 20949
09-13 23:56:43.599   781  3555 I ActivityManager: Killing 20750:org.xbmc.kodi/u0a223 (adj 0): stop org.xbmc.kodi
09-13 23:56:43.600   781  3555 W ActivityManager: Force removing ActivityRecord{94ab0ab u0 org.xbmc.kodi/.Main t66}: app died, no saved state
09-13 23:56:43.655   781  3555 I ActivityManager: START u0 {flg=0x10000000 cmp=org.xbmc.kodi/.Splash} from uid 2000
09-13 23:56:43.695   781   800 I ActivityManager: Start proc 20957:org.xbmc.kodi/u0a223 for activity org.xbmc.kodi/.Splash
09-13 23:56:43.703 20957 20957 E org.xbmc.kodi: Not starting debugger since process cannot load the jdwp agent.
09-13 23:56:43.703 20957 20963 I org.xbmc.kodi: Bumping SignalCatcher priority from 5 to 10
09-13 23:56:43.727  2240  2240 I UICM_Service_ForegroundAppMonitor_1.0.46088.0: current foreground app: org.xbmc.kodi
09-13 23:56:43.731  2240 20941 I Vizzini_3.0.1436.0:AppCache: App not found in cache: org.xbmc.kodi
09-13 23:56:43.734  2240  2240 W AlexaFocusPackageManagerParser: Package (org.xbmc.kodi) has not declared permission (amazon.speech.permission.SEND_DATA_TO_ALEXA) for implicit focus
09-13 23:56:43.734  2240  2240 W AlexaFocusVisualChannelSet: Package (org.xbmc.kodi) has not registered a namespace; attempting clear
09-13 23:56:43.761 20957 20957 I Kodi    : XBMCProperties: Expected at /storage/emulated/0/xbmc_env.properties
09-13 23:56:43.795   781  3555 I ActivityManager: START u0 {flg=0x11000000 cmp=org.xbmc.kodi/.Main} from uid 10223
09-13 23:56:43.794 20957 20957 I chatty  : uid=10223(org.xbmc.kodi) identical 6 lines
09-13 23:56:43.794 20957 20957 I Kodi    : XBMCProperties: Expected at /storage/emulated/0/xbmc_env.properties
09-13 23:56:43.844  2240  2240 I UICM_Service_ForegroundAppMonitor_1.0.46088.0: current foreground app: org.xbmc.kodi
09-13 23:56:43.848  2240 20941 I Vizzini_3.0.1436.0:AppCache: App not found in cache: org.xbmc.kodi
09-13 23:56:43.851  2240  2240 W AlexaFocusPackageManagerParser: Package (org.xbmc.kodi) has not declared permission (amazon.speech.permission.SEND_DATA_TO_ALEXA) for implicit focus
09-13 23:56:43.851  2240  2240 W AlexaFocusVisualChannelSet: Package (org.xbmc.kodi) has not registered a namespace; attempting clear
09-13 23:56:43.986 20957 20979 I Kodi    : 2025-09-13 23:56:43.986 T:20979    info <general>: Log level changed to "trace"
09-13 23:56:44.012 20957 20957 F libc    : Fatal signal 11 (SIGSEGV), code 1 (SEGV_MAPERR), fault addr 0x44 in tid 20957 (org.xbmc.kodi), pid 20957 (org.xbmc.kodi)
09-13 23:56:44.035 20957 20979 W Kodi    : 2025-09-13 23:56:44.035 T:20979 warning <CSettingDependencyCondition>: missing setting for dependency
09-13 23:56:44.035 20957 20979 W Kodi    : 2025-09-13 23:56:44.035 T:20979 warning <CSetting>: error reading <dependency> tag of "videoplayer.convertdovi"
09-13 23:56:44.130 20957 20979 I Kodi    : 2025-09-13 23:56:44.130 T:20979    info <general>: -----------------------------------------------------------------------
09-13 23:56:44.131 20957 20979 I Kodi    : 2025-09-13 23:56:44.131 T:20979    info <general>: Starting Kodi (22.0-ALPHA1 (21.90.700) Git:20250818-93aa9b2b85). Platform: Android ARM 32-bit
09-13 23:56:44.131 20957 20979 I Kodi    : 2025-09-13 23:56:44.131 T:20979    info <general>: Using Release Kodi x32
09-13 23:56:44.131 20957 20979 I Kodi    : 2025-09-13 23:56:44.131 T:20979    info <general>: Kodi compiled 2025-08-19 by Clang 19.0.1 (https://android.googlesource.com/toolchain/llvm-project 97a699bf4812a18fb657c2779f5296a4ab2694d2) for Android ARM 32-bit API level 24 (API level 24)
09-13 23:56:44.131 20957 20979 I Kodi    : 2025-09-13 23:56:44.131 T:20979    info <general>: Running on Amazon AFTGAZL with Android TV 9.0.0 API level 28, kernel: Linux ARM 32-bit version 5.4.125-ab23
09-13 23:56:44.131 20957 20979 I Kodi    : 2025-09-13 23:56:44.131 T:20979    info <general>: FFmpeg version/source: 7.1.1-Kodi
09-13 23:56:44.131 20957 20979 I Kodi    : 2025-09-13 23:56:44.131 T:20979    info <general>: Host CPU: ARMv8 Processor rev 4 (v8l), 8 cores available
09-13 23:56:44.131 20957 20979 I Kodi    : 2025-09-13 23:56:44.131 T:20979    info <general>: Product: gazelle, Device: gazelle, Board: gazelle - Manufacturer: Amazon, Brand: Amazon, Model: AFTGAZL, Hardware: amlogic
09-13 23:56:44.135 20957 20979 I Kodi    : 2025-09-13 23:56:44.135 T:20979    info <general>: External storage path = /storage/emulated/0; status = ok; Permissions = WRITE_EXTERNAL_STORAGE
09-13 23:56:44.135 20957 20979 I Kodi    : 2025-09-13 23:56:44.135 T:20979    info <general>: ARM Features: Neon enabled
09-13 23:56:44.135 20957 20979 I Kodi    : 2025-09-13 23:56:44.135 T:20979    info <general>: special://xbmc/ is mapped to: /data/user/0/org.xbmc.kodi/cache/apk/assets
09-13 23:56:44.136 20957 20979 I Kodi    : 2025-09-13 23:56:44.136 T:20979    info <general>: special://xbmcbin/ is mapped to: /data/user/0/org.xbmc.kodi/cache/apk/assets
09-13 23:56:44.136 20957 20979 I Kodi    : 2025-09-13 23:56:44.136 T:20979    info <general>: special://xbmcbinaddons/ is mapped to: /data/user/0/org.xbmc.kodi/cache/apk/assets/addons
