09-13 23:45:27.881   781  3171 I MediaFocusControl: requestAudioFocus() from uid/pid 10223/19941 clientId=com.amazon.media.AmazonAudioManager@7642ee2org.xbmc.kodi.interfaces.XBMCAudioManagerOnAudioFocusChangeListener@bd0273 callingPack=org.xbmc.kodi req=1 flags=0x3 sdk=36
09-13 23:45:27.983 19941 20167 I Kodi    : 2025-09-13 23:45:27.983 T:20167    info <general>: Creating InputStream
09-13 23:45:28.240 19941 20171 W org.xbmc.kodi: Unknown chunk type '200'.
09-13 23:45:28.240 19941 20171 W org.xbmc.kodi: resources.arsc in APK '/system/priv-app/DeviceClientPlatformContractsFramework/DeviceClientPlatformContractsFramework.apk' is compressed.
09-13 23:45:28.287 19941 20170 E Kodi    : 2025-09-13 23:45:28.287 T:20170   error <general>: DoWork - Direct texture file loading failed for androidapp://sources/apps/com.amazon.ftv.screensaver.png
09-13 23:45:28.883 19941 20167 E Kodi    : 2025-09-13 23:45:28.883 T:20167   error <general>: CCurlFile::Open - <http://fenlightanonymouse.github.io/packages/plugin.video.fenlight/plugin.video.fenlight-2.1.38.zip> Failed with code 404:
09-13 23:45:28.883 19941 20167 E Kodi    :                                                    
09-13 23:45:29.029 19941 20167 E Kodi    : 2025-09-13 23:45:29.029 T:20167   error <general>: CCurlFile::Open - <http://fenlightanonymouse.github.io/packages/plugin.video.fenlight/plugin.video.fenlight-2.1.38.zip> Failed with code 404:
09-13 23:45:29.029 19941 20167 E Kodi    :                                                    
09-13 23:45:29.029 19941 20167 E Kodi    : 2025-09-13 23:45:29.029 T:20167   error <general>: CVideoPlayer::OpenInputStream - error opening [http://fenlightanonymouse.github.io/packages/plugin.video.fenlight/plugin.video.fenlight-2.1.38.zip]
09-13 23:45:29.029 19941 20167 I Kodi    : 2025-09-13 23:45:29.029 T:20167    info <general>: CVideoPlayer::OnExit()
09-13 23:45:29.044 19941 19961 I Kodi    : 2025-09-13 23:45:29.044 T:19961    info <general>: Loading skin file: DialogConfirm.xml, load type: KEEP_IN_MEMORY
09-13 23:45:29.052 19941 19961 I Kodi    : 2025-09-13 23:45:29.052 T:19961    info <general>: CVideoPlayer::CloseFile()
09-13 23:45:29.053 19941 19961 I Kodi    : 2025-09-13 23:45:29.053 T:19961    info <general>: VideoPlayer: waiting for threads to exit
09-13 23:45:29.053 19941 19961 I Kodi    : 2025-09-13 23:45:29.053 T:19961    info <general>: VideoPlayer: finished waiting
09-13 23:45:29.062   781  1466 I MediaFocusControl: abandonAudioFocus() from uid/pid 10223/19941 clientId=com.amazon.media.AmazonAudioManager@7642ee2org.xbmc.kodi.interfaces.XBMCAudioManagerOnAudioFocusChangeListener@bd0273
09-13 23:45:29.085 19941 20170 E Kodi    : 2025-09-13 23:45:29.085 T:20170   error <general>: DoWork - Direct texture file loading failed for androidapp://sources/apps/com.amazon.ftv.screensaver.png
09-13 23:47:06.241 19941 19988 I Kodi    : 2025-09-13 23:47:06.241 T:19988    info <general>: CActiveAESink::OpenSink - initialize sink
09-13 23:47:06.242 19941 19988 I Kodi    : 2025-09-13 23:47:06.242 T:19988    info <general>: Trying to open: samplerate: 44100, channelMask: 12, encoding: 4
09-13 23:47:06.242 19941 19988 I Kodi    : 2025-09-13 23:47:06.242 T:19988    info <general>: Minimum size we need for stream: 22640 Bytes
09-13 23:47:06.242 19941 19988 I Kodi    : 2025-09-13 23:47:06.242 T:19988    info <general>: Audiotrack buffer params are: period time = 32.086 ms, period size = 11320 bytes, num periods = 4
09-13 23:47:06.242 19941 19988 I Kodi    : 2025-09-13 23:47:06.242 T:19988    info <general>: Created Audiotrackbuffer with playing time of 128.344671 ms min buffer size: 45280 bytes
09-13 23:47:06.249 19941 19988 I Kodi    : 2025-09-13 23:47:06.249 T:19988    info <general>: CAESinkAUDIOTRACK::Initializing with: m_sampleRate: 44100 format: AE_FMT_FLOAT (AE) method: PCM stream-type: PCM-STREAM min_buffer_size: 45280 m_frames: 1415 m_frameSize: 8 channels: 2
09-13 23:47:34.380   781  3540 I ActivityManager: Force stopping org.xbmc.kodi appid=10223 user=0: from pid 20209
09-13 23:47:34.381   781  3540 I ActivityManager: Killing 19941:org.xbmc.kodi/u0a223 (adj 0): stop org.xbmc.kodi
09-13 23:47:34.381   781  3540 W ActivityManager: Force removing ActivityRecord{1aa1b91 u0 org.xbmc.kodi/.Main t58}: app died, no saved state
09-13 23:47:34.395   441  2951 W SurfaceFlinger: Attempting to destroy on removed layer: AppWindowToken{af89ef7 token=Token{cfa1af6 ActivityRecord{1aa1b91 u0 org.xbmc.kodi/.Main t58}}}#0
09-13 23:47:34.464   781  3553 I ActivityManager: START u0 {flg=0x10000000 cmp=org.xbmc.kodi/.Splash} from uid 2000
09-13 23:47:34.539   781   800 I ActivityManager: Start proc 20221:org.xbmc.kodi/u0a223 for activity org.xbmc.kodi/.Splash
09-13 23:47:34.541 20221 20221 E org.xbmc.kodi: Not starting debugger since process cannot load the jdwp agent.
09-13 23:47:34.541 20221 20227 I org.xbmc.kodi: Bumping SignalCatcher priority from 5 to 10
09-13 23:47:34.571  2240  2240 I UICM_Service_ForegroundAppMonitor_1.0.46088.0: current foreground app: org.xbmc.kodi
09-13 23:47:34.577  2240 20178 I Vizzini_3.0.1436.0:AppCache: App not found in cache: org.xbmc.kodi
09-13 23:47:34.578  2240  2240 W AlexaFocusPackageManagerParser: Package (org.xbmc.kodi) has not declared permission (amazon.speech.permission.SEND_DATA_TO_ALEXA) for implicit focus
09-13 23:47:34.579  2240  2240 W AlexaFocusVisualChannelSet: Package (org.xbmc.kodi) has not registered a namespace; attempting clear
09-13 23:47:34.593 20221 20221 I Kodi    : XBMCProperties: Expected at /storage/emulated/0/xbmc_env.properties
09-13 23:47:34.622   781  3532 I ActivityManager: START u0 {flg=0x11000000 cmp=org.xbmc.kodi/.Main} from uid 10223
09-13 23:47:34.620 20221 20221 I chatty  : uid=10223(org.xbmc.kodi) identical 6 lines
09-13 23:47:34.621 20221 20221 I Kodi    : XBMCProperties: Expected at /storage/emulated/0/xbmc_env.properties
09-13 23:47:34.650  2240  2240 I UICM_Service_ForegroundAppMonitor_1.0.46088.0: current foreground app: org.xbmc.kodi
09-13 23:47:34.655  2240 20178 I Vizzini_3.0.1436.0:AppCache: App not found in cache: org.xbmc.kodi
09-13 23:47:34.666  2240  2240 W AlexaFocusPackageManagerParser: Package (org.xbmc.kodi) has not declared permission (amazon.speech.permission.SEND_DATA_TO_ALEXA) for implicit focus
09-13 23:47:34.666  2240  2240 W AlexaFocusVisualChannelSet: Package (org.xbmc.kodi) has not registered a namespace; attempting clear
09-13 23:47:34.679   441   470 W SurfaceFlinger: Attempting to set client state on removed layer: Splash Screen org.xbmc.kodi#0
09-13 23:47:34.679   441   470 W SurfaceFlinger: Attempting to destroy on removed layer: Splash Screen org.xbmc.kodi#0
09-13 23:47:34.737 20221 20244 I Kodi    : 2025-09-13 23:47:34.737 T:20244    info <general>: Log level changed to "trace"
09-13 23:47:34.748 20221 20244 W Kodi    : 2025-09-13 23:47:34.748 T:20244 warning <CSettingDependencyCondition>: missing setting for dependency
09-13 23:47:34.748 20221 20244 W Kodi    : 2025-09-13 23:47:34.748 T:20244 warning <CSetting>: error reading <dependency> tag of "videoplayer.convertdovi"
09-13 23:47:34.768 20221 20244 I Kodi    : 2025-09-13 23:47:34.768 T:20244    info <general>: -----------------------------------------------------------------------
09-13 23:47:34.768 20221 20244 I Kodi    : 2025-09-13 23:47:34.768 T:20244    info <general>: Starting Kodi (22.0-ALPHA1 (21.90.700) Git:20250818-93aa9b2b85). Platform: Android ARM 32-bit
09-13 23:47:34.768 20221 20244 I Kodi    : 2025-09-13 23:47:34.768 T:20244    info <general>: Using Release Kodi x32
09-13 23:47:34.768 20221 20244 I Kodi    : 2025-09-13 23:47:34.768 T:20244    info <general>: Kodi compiled 2025-08-19 by Clang 19.0.1 (https://android.googlesource.com/toolchain/llvm-project 97a699bf4812a18fb657c2779f5296a4ab2694d2) for Android ARM 32-bit API level 24 (API level 24)
09-13 23:47:34.768 20221 20244 I Kodi    : 2025-09-13 23:47:34.768 T:20244    info <general>: Running on Amazon AFTGAZL with Android TV 9.0.0 API level 28, kernel: Linux ARM 32-bit version 5.4.125-ab23
09-13 23:47:34.768 20221 20244 I Kodi    : 2025-09-13 23:47:34.768 T:20244    info <general>: FFmpeg version/source: 7.1.1-Kodi
09-13 23:47:34.768 20221 20244 I Kodi    : 2025-09-13 23:47:34.768 T:20244    info <general>: Host CPU: ARMv8 Processor rev 4 (v8l), 8 cores available
09-13 23:47:34.768 20221 20244 I Kodi    : 2025-09-13 23:47:34.768 T:20244    info <general>: Product: gazelle, Device: gazelle, Board: gazelle - Manufacturer: Amazon, Brand: Amazon, Model: AFTGAZL, Hardware: amlogic
09-13 23:47:34.771 20221 20244 I Kodi    : 2025-09-13 23:47:34.771 T:20244    info <general>: External storage path = /storage/emulated/0; status = ok; Permissions = WRITE_EXTERNAL_STORAGE
09-13 23:47:34.771 20221 20244 I Kodi    : 2025-09-13 23:47:34.771 T:20244    info <general>: ARM Features: Neon enabled
09-13 23:47:34.771 20221 20244 I Kodi    : 2025-09-13 23:47:34.771 T:20244    info <general>: special://xbmc/ is mapped to: /data/user/0/org.xbmc.kodi/cache/apk/assets
09-13 23:47:34.771 20221 20244 I Kodi    : 2025-09-13 23:47:34.771 T:20244    info <general>: special://xbmcbin/ is mapped to: /data/user/0/org.xbmc.kodi/cache/apk/assets
09-13 23:47:34.771 20221 20244 I Kodi    : 2025-09-13 23:47:34.771 T:20244    info <general>: special://xbmcbinaddons/ is mapped to: /data/user/0/org.xbmc.kodi/cache/apk/assets/addons
09-13 23:47:34.771 20221 20244 I Kodi    : 2025-09-13 23:47:34.771 T:20244    info <general>: special://masterprofile/ is mapped to: /storage/emulated/0/Android/data/org.xbmc.kodi/files/.kodi/userdata
09-13 23:47:34.771 20221 20244 I Kodi    : 2025-09-13 23:47:34.771 T:20244    info <general>: special://envhome/ is mapped to: /storage/emulated/0/Android/data/org.xbmc.kodi/files
09-13 23:47:34.771 20221 20244 I Kodi    : 2025-09-13 23:47:34.771 T:20244    info <general>: special://home/ is mapped to: /storage/emulated/0/Android/data/org.xbmc.kodi/files/.kodi
09-13 23:47:34.771 20221 20244 I Kodi    : 2025-09-13 23:47:34.771 T:20244    info <general>: special://temp/ is mapped to: /storage/emulated/0/Android/data/org.xbmc.kodi/files/.kodi/temp
09-13 23:47:34.771 20221 20244 I Kodi    : 2025-09-13 23:47:34.771 T:20244    info <general>: special://logpath/ is mapped to: /storage/emulated/0/Android/data/org.xbmc.kodi/files/.kodi/temp
09-13 23:47:34.771 20221 20244 I Kodi    : 2025-09-13 23:47:34.771 T:20244    info <general>: Webserver extra whitelist paths: 
09-13 23:47:34.771 20221 20244 I Kodi    : 2025-09-13 23:47:34.771 T:20244    info <general>: The executable running is: /data/app/org.xbmc.kodi-BXirQMlvRaAcCSI9doqkHg==/lib/arm/libkodi.so
09-13 23:47:34.773 20221 20244 I Kodi    : 2025-09-13 23:47:34.773 T:20244    info <general>: Local hostname: 192.168.1.130
09-13 23:47:34.773 20221 20244 I Kodi    : 2025-09-13 23:47:34.773 T:20244    info <general>: Log File is located: /storage/emulated/0/Android/data/org.xbmc.kodi/files/.kodi/temp/kodi.log
09-13 23:47:34.773 20221 20244 I Kodi    : 2025-09-13 23:47:34.773 T:20244    info <general>: -----------------------------------------------------------------------
09-13 23:47:34.774 20221 20244 I Kodi    : 2025-09-13 23:47:34.774 T:20244    info <general>: loading settings
09-13 23:47:34.774 20221 20244 I Kodi    : 2025-09-13 23:47:34.774 T:20244    info <general>: special://profile/ is mapped to: special://masterprofile/
09-13 23:47:34.785   781   806 I ActivityManager: Displayed org.xbmc.kodi/.Main: +131ms (total +126ms)
09-13 23:47:34.786   781  1255 I LaunchTimeProcessor: cool_app_launch_time of org.xbmc.kodi is 137ms with activity = org.xbmc.kodi/.Main, app_version = 2190700, prev_activity = org.xbmc.kodi/.Splash, isChild = false, context = S1T0A1D0I0L1E0M9999R5
09-13 23:47:34.789   781  1255 I LaunchTimeProcessor: cool_activity_launch_time of org.xbmc.kodi is 137ms with activity = org.xbmc.kodi/.Main, app_version = 2190700, prev_activity = org.xbmc.kodi/.Splash, isChild = false, context = S1T0A1D0I0L1E0M9999R5
09-13 23:47:34.792 20221 20244 I Kodi    : 2025-09-13 23:47:34.792 T:20244    info <general>: No settings file to load (special://xbmc/system/advancedsettings.xml)
09-13 23:47:34.792 20221 20244 I Kodi    : 2025-09-13 23:47:34.792 T:20244    info <general>: No settings file to load (special://masterprofile/advancedsettings.xml)
09-13 23:47:34.792 20221 20244 I Kodi    : 2025-09-13 23:47:34.792 T:20244    info <general>: Default Video Player: VideoPlayer
09-13 23:47:34.792 20221 20244 I Kodi    : 2025-09-13 23:47:34.792 T:20244    info <general>: Default Audio Player: paplayer
09-13 23:47:34.793 20221 20244 I Kodi    : 2025-09-13 23:47:34.793 T:20244    info <general>: Disabled debug logging due to GUI setting. Level 0.
09-13 23:47:34.793 20221 20244 I Kodi    : 2025-09-13 23:47:34.793 T:20244    info <general>: Log level changed to "info"
09-13 23:47:34.795 20221 20244 I Kodi    : 2025-09-13 23:47:34.795 T:20244    info <general>: New Cache GUI Settings (replacement of cache in advancedsettings.xml) are:
09-13 23:47:34.795 20221 20244 I Kodi    :                                                      Buffer Mode: 4
09-13 23:47:34.795 20221 20244 I Kodi    :                                                      Memory Size: 64 MB
09-13 23:47:34.795 20221 20244 I Kodi    :                                                      Read Factor: 0.00 x (adaptive)
09-13 23:47:34.795 20221 20244 I Kodi    :                                                      Chunk Size : 131072 bytes
09-13 23:47:34.795 20221 20244 I Kodi    : 2025-09-13 23:47:34.795 T:20244    info <general>: creating subdirectories
09-13 23:47:34.795 20221 20244 I Kodi    : 2025-09-13 23:47:34.795 T:20244    info <general>: userdata folder: special://masterprofile/
09-13 23:47:34.795 20221 20244 I Kodi    : 2025-09-13 23:47:34.795 T:20244    info <general>: recording folder: 
09-13 23:47:34.795 20221 20244 I Kodi    : 2025-09-13 23:47:34.795 T:20244    info <general>: screenshots folder: 
09-13 23:47:34.800 20221 20244 I Kodi    : 2025-09-13 23:47:34.800 T:20244    info <general>: Running database version Addons33
09-13 23:47:34.819   441  2951 W SurfaceFlinger: Attempting to destroy on removed layer: AppWindowToken{3b43284 token=Token{652c097 ActivityRecord{1073f16 u0 org.xbmc.kodi/.Splash t59}}}#0
09-13 23:47:34.863 20221 20244 I Kodi    : 2025-09-13 23:47:34.863 T:20244    info <general>: Addon Mananger: Found addon: 'audioencoder.kodi.builtin.aac v1.0.2'
09-13 23:47:34.863 20221 20244 I Kodi    : 2025-09-13 23:47:34.863 T:20244    info <general>: Addon Mananger: Found addon: 'audioencoder.kodi.builtin.wma v1.0.2'
09-13 23:47:34.863 20221 20244 I Kodi    : 2025-09-13 23:47:34.863 T:20244    info <general>: Addon Mananger: Found addon: 'game.controller.default v1.0.45'
09-13 23:47:34.864 20221 20244 I Kodi    : 2025-09-13 23:47:34.864 T:20244    info <general>: Addon Mananger: Found addon: 'game.controller.keyboard v1.1.46'
09-13 23:47:34.864 20221 20244 I Kodi    : 2025-09-13 23:47:34.864 T:20244    info <general>: Addon Mananger: Found addon: 'game.controller.mouse v1.0.29'
09-13 23:47:34.864 20221 20244 I Kodi    : 2025-09-13 23:47:34.864 T:20244    info <general>: Addon Mananger: Found addon: 'game.controller.snes v1.0.44'
09-13 23:47:34.864 20221 20244 I Kodi    : 2025-09-13 23:47:34.864 T:20244    info <general>: Addon Mananger: Found addon: 'kodi.binary.global.audioengine v1.1.1'
09-13 23:47:34.865 20221 20244 I Kodi    : 2025-09-13 23:47:34.865 T:20244    info <general>: Addon Mananger: Found addon: 'kodi.binary.global.filesystem v1.1.9'
09-13 23:47:34.865 20221 20244 I Kodi    : 2025-09-13 23:47:34.865 T:20244    info <general>: Addon Mananger: Found addon: 'kodi.binary.global.general v1.0.5'
09-13 23:47:34.865 20221 20244 I Kodi    : 2025-09-13 23:47:34.865 T:20244    info <general>: Addon Mananger: Found addon: 'kodi.binary.global.gui v5.15.1'
09-13 23:47:34.865 20221 20244 I Kodi    : 2025-09-13 23:47:34.865 T:20244    info <general>: Addon Mananger: Found addon: 'kodi.binary.global.main v2.0.2'
09-13 23:47:34.865 20221 20244 I Kodi    : 2025-09-13 23:47:34.865 T:20244    info <general>: Addon Mananger: Found addon: 'kodi.binary.global.network v1.0.4'
09-13 23:47:34.866 20221 20244 I Kodi    : 2025-09-13 23:47:34.866 T:20244    info <general>: Addon Mananger: Found addon: 'kodi.binary.global.tools v1.0.4'
09-13 23:47:34.866 20221 20244 I Kodi    : 2025-09-13 23:47:34.866 T:20244    info <general>: Addon Mananger: Found addon: 'kodi.binary.instance.audiodecoder v4.0.0'
09-13 23:47:34.866 20221 20244 I Kodi    : 2025-09-13 23:47:34.866 T:20244    info <general>: Addon Mananger: Found addon: 'kodi.binary.instance.audioencoder v3.0.0'
09-13 23:47:34.866 20221 20244 I Kodi    : 2025-09-13 23:47:34.866 T:20244    info <general>: Addon Mananger: Found addon: 'kodi.binary.instance.game v4.1.0'
09-13 23:47:34.866 20221 20244 I Kodi    : 2025-09-13 23:47:34.866 T:20244    info <general>: Addon Mananger: Found addon: 'kodi.binary.instance.imagedecoder v3.0.1'
09-13 23:47:34.867 20221 20244 I Kodi    : 2025-09-13 23:47:34.867 T:20244    info <general>: Addon Mananger: Found addon: 'kodi.binary.instance.inputstream v3.3.0'
09-13 23:47:34.867 20221 20244 I Kodi    : 2025-09-13 23:47:34.867 T:20244    info <general>: Addon Mananger: Found addon: 'kodi.binary.instance.peripheral v3.0.2'
09-13 23:47:34.867 20221 20244 I Kodi    : 2025-09-13 23:47:34.867 T:20244    info <general>: Addon Mananger: Found addon: 'kodi.binary.instance.pvr v9.2.0'
09-13 23:47:34.867 20221 20244 I Kodi    : 2025-09-13 23:47:34.867 T:20244    info <general>: Addon Mananger: Found addon: 'kodi.binary.instance.screensaver v2.2.0'
09-13 23:47:34.867 20221 20244 I Kodi    : 2025-09-13 23:47:34.867 T:20244    info <general>: Addon Mananger: Found addon: 'kodi.binary.instance.shaderpreset v1.1.0'
09-13 23:47:34.868 20221 20244 I Kodi    : 2025-09-13 23:47:34.868 T:20244    info <general>: Addon Mananger: Found addon: 'kodi.binary.instance.vfs v3.0.1'
09-13 23:47:34.868 20221 20244 I Kodi    : 2025-09-13 23:47:34.868 T:20244    info <general>: Addon Mananger: Found addon: 'kodi.binary.instance.videocodec v2.1.0'
09-13 23:47:34.868 20221 20244 I Kodi    : 2025-09-13 23:47:34.868 T:20244    info <general>: Addon Mananger: Found addon: 'kodi.binary.instance.visualization v4.0.0'
09-13 23:47:34.869 20221 20244 I Kodi    : 2025-09-13 23:47:34.869 T:20244    info <general>: Addon Mananger: Found addon: 'kodi.resource v1.0.0'
09-13 23:47:34.869 20221 20244 I Kodi    : 2025-09-13 23:47:34.869 T:20244    info <general>: Addon Mananger: Found addon: 'metadata.album.universal v3.1.16'
09-13 23:47:34.870 20221 20244 I Kodi    : 2025-09-13 23:47:34.870 T:20244    info <general>: Addon Mananger: Found addon: 'metadata.artists.universal v4.3.18'
09-13 23:47:34.870 20221 20244 I Kodi    : 2025-09-13 23:47:34.870 T:20244    info <general>: Addon Mananger: Found addon: 'metadata.common.allmusic.com v3.2.2'
09-13 23:47:34.871 20221 20244 I Kodi    : 2025-09-13 23:47:34.871 T:20244    info <general>: Addon Mananger: Found addon: 'metadata.common.fanart.tv v3.6.4'
09-13 23:47:34.871 20221 20244 I Kodi    : 2025-09-13 23:47:34.871 T:20244    info <general>: Addon Mananger: Found addon: 'metadata.common.musicbrainz.org v2.2.4'
09-13 23:47:34.872 20221 20244 I Kodi    : 2025-09-13 23:47:34.872 T:20244    info <general>: Addon Mananger: Found addon: 'metadata.common.theaudiodb.com v2.0.3'
09-13 23:47:34.872 20221 20244 I Kodi    : 2025-09-13 23:47:34.872 T:20244    info <general>: Addon Mananger: Found addon: 'metadata.generic.albums v1.0.18'
09-13 23:47:34.872 20221 20244 I Kodi    : 2025-09-13 23:47:34.872 T:20244    info <general>: Addon Mananger: Found addon: 'metadata.generic.artists v1.0.18'
09-13 23:47:34.872 20221 20244 I Kodi    : 2025-09-13 23:47:34.872 T:20244    info <general>: Addon Mananger: Found addon: 'metadata.local v1.0.1'
09-13 23:47:34.873 20221 20244 I Kodi    : 2025-09-13 23:47:34.873 T:20244    info <general>: Addon Mananger: Found addon: 'metadata.themoviedb.org.python v3.1.1'
09-13 23:47:34.873 20221 20244 I Kodi    : 2025-09-13 23:47:34.873 T:20244    info <general>: Addon Mananger: Found addon: 'metadata.tvshows.themoviedb.org.python v1.7.3'
09-13 23:47:34.873 20221 20244 I Kodi    : 2025-09-13 23:47:34.873 T:20244    info <general>: Addon Mananger: Found addon: 'peripheral.joystick v22.0.4'
09-13 23:47:34.873 20221 20244 I Kodi    : 2025-09-13 23:47:34.873 T:20244    info <general>: Addon Mananger: Found addon: 'repository.xbmc.org v3.5.0'
09-13 23:47:34.873 20221 20244 I Kodi    : 2025-09-13 23:47:34.873 T:20244    info <general>: Addon Mananger: Found addon: 'resource.images.weathericons.default v1.1.9'
09-13 23:47:34.873 20221 20244 I Kodi    : 2025-09-13 23:47:34.873 T:20244    info <general>: Addon Mananger: Found addon: 'resource.language.en_gb v2.0.2'
09-13 23:47:34.874 20221 20244 I Kodi    : 2025-09-13 23:47:34.874 T:20244    info <general>: Addon Mananger: Found addon: 'resource.uisounds.kodi v1.0.1'
09-13 23:47:34.874 20221 20244 I Kodi    : 2025-09-13 23:47:34.874 T:20244    info <general>: Addon Mananger: Found addon: 'screensaver.xbmc.builtin.black v1.0.34'
09-13 23:47:34.874 20221 20244 I Kodi    : 2025-09-13 23:47:34.874 T:20244    info <general>: Addon Mananger: Found addon: 'screensaver.xbmc.builtin.dim v1.0.66'
09-13 23:47:34.874 20221 20244 I Kodi    : 2025-09-13 23:47:34.874 T:20244    info <general>: Addon Mananger: Found addon: 'script.module.pil v5.1.0'
09-13 23:47:34.874 20221 20244 I Kodi    : 2025-09-13 23:47:34.874 T:20244    info <general>: Addon Mananger: Found addon: 'script.module.pycryptodome v3.4.3'
09-13 23:47:34.874 20221 20244 I Kodi    : 2025-09-13 23:47:34.874 T:20244    info <general>: Addon Mananger: Found addon: 'service.xbmc.versioncheck v0.5.27+matrix.1'
09-13 23:47:34.875 20221 20244 I Kodi    : 2025-09-13 23:47:34.875 T:20244    info <general>: Addon Mananger: Found addon: 'skin.arctic.zephyr.pigeonhole v2.0.5'
09-13 23:47:34.875 20221 20244 I Kodi    : 2025-09-13 23:47:34.875 T:20244    info <general>: Addon Mananger: Found addon: 'skin.estuary v4.1.0'
09-13 23:47:34.875 20221 20244 I Kodi    : 2025-09-13 23:47:34.875 T:20244    info <general>: Addon Mananger: Found addon: 'webinterface.default v21.x-1.0.1'
09-13 23:47:34.875 20221 20244 I Kodi    : 2025-09-13 23:47:34.875 T:20244    info <general>: Addon Mananger: Found addon: 'xbmc.addon v21.90.700'
09-13 23:47:34.875 20221 20244 I Kodi    : 2025-09-13 23:47:34.875 T:20244    info <general>: Addon Mananger: Found addon: 'xbmc.core v0.1.0'
09-13 23:47:34.875 20221 20244 I Kodi    : 2025-09-13 23:47:34.875 T:20244    info <general>: Addon Mananger: Found addon: 'xbmc.gui v5.18.0'
09-13 23:47:34.876 20221 20244 I Kodi    : 2025-09-13 23:47:34.876 T:20244    info <general>: Addon Mananger: Found addon: 'xbmc.json v13.8.0'
09-13 23:47:34.876 20221 20244 I Kodi    : 2025-09-13 23:47:34.876 T:20244    info <general>: Addon Mananger: Found addon: 'xbmc.metadata v2.1.0'
09-13 23:47:34.876 20221 20244 I Kodi    : 2025-09-13 23:47:34.876 T:20244    info <general>: Addon Mananger: Found addon: 'xbmc.python v3.0.1'
09-13 23:47:34.876 20221 20244 I Kodi    : 2025-09-13 23:47:34.876 T:20244    info <general>: Addon Mananger: Found addon: 'xbmc.webinterface v1.0.0'
09-13 23:47:34.878 20221 20244 E Kodi    : 2025-09-13 23:47:34.878 T:20244   error <general>: bool CFavouritesURL::Parse(CFavouritesURL::Action, const std::vector<std::string> &): Missing parameter
09-13 23:47:34.878 20221 20244 I chatty  : uid=10223(org.xbmc.kodi) Thread-3 identical 23 lines
09-13 23:47:34.878 20221 20244 E Kodi    : 2025-09-13 23:47:34.878 T:20244   error <general>: bool CFavouritesURL::Parse(CFavouritesURL::Action, const std::vector<std::string> &): Missing parameter
09-13 23:47:34.883 20221 20244 I Kodi    : 2025-09-13 23:47:34.883 T:20244    info <general>: CKeyboardLayoutManager: loading keyboard layouts from special://xbmc/system/keyboardlayouts...
09-13 23:47:34.898 20221 20244 I Kodi    : 2025-09-13 23:47:34.898 T:20244    info <general>: bool CDecoderFilterManager::Load(): loading filters from special://masterprofile/decoderfilter.xml
09-13 23:47:34.926 20221 20244 I chatty  : uid=10223(org.xbmc.kodi) Thread-3 identical 4 lines
09-13 23:47:34.939   441   776 W SurfaceFlinger: Attempting to set client state on removed layer: Splash Screen org.xbmc.kodi#1
09-13 23:47:34.939   441   776 W SurfaceFlinger: Attempting to destroy on removed layer: Splash Screen org.xbmc.kodi#1
09-13 23:47:34.947 20221 20244 I Kodi    : 2025-09-13 23:47:34.947 T:20244    info <general>: Mediacodec decoder: OMX.google.aac.decoder
09-13 23:47:34.947 20221 20244 I Kodi    : 2025-09-13 23:47:34.947 T:20244    info <general>: Mediacodec decoder: OMX.amlogic.audio.decoder.ac3
09-13 23:47:34.947 20221 20244 I Kodi    : 2025-09-13 23:47:34.947 T:20244    info <general>: Mediacodec decoder: OMX.amlogic.audio.decoder.ac4
09-13 23:47:34.947 20221 20244 I Kodi    : 2025-09-13 23:47:34.947 T:20244    info <general>: Mediacodec decoder: OMX.google.amrnb.decoder
09-13 23:47:34.947 20221 20244 I Kodi    : 2025-09-13 23:47:34.947 T:20244    info <general>: Mediacodec decoder: OMX.amlogic.audio.decoder.eac3
09-13 23:47:34.947 20221 20244 I Kodi    : 2025-09-13 23:47:34.947 T:20244    info <general>: Mediacodec decoder: OMX.google.flac.decoder
09-13 23:47:34.947 20221 20244 I Kodi    : 2025-09-13 23:47:34.947 T:20244    info <general>: Mediacodec decoder: OMX.google.g711.alaw.decoder
09-13 23:47:34.947 20221 20244 I Kodi    : 2025-09-13 23:47:34.947 T:20244    info <general>: Mediacodec decoder: OMX.google.g711.mlaw.decoder
09-13 23:47:34.947 20221 20244 I Kodi    : 2025-09-13 23:47:34.947 T:20244    info <general>: Mediacodec decoder: OMX.google.mp3.decoder
09-13 23:47:34.947 20221 20244 I Kodi    : 2025-09-13 23:47:34.947 T:20244    info <general>: Mediacodec decoder: OMX.google.opus.decoder
09-13 23:47:34.947 20221 20244 I Kodi    : 2025-09-13 23:47:34.947 T:20244    info <general>: Mediacodec decoder: OMX.google.raw.decoder
09-13 23:47:34.947 20221 20244 I Kodi    : 2025-09-13 23:47:34.947 T:20244    info <general>: Mediacodec decoder: OMX.google.vorbis.decoder
09-13 23:47:34.947 20221 20244 I Kodi    : 2025-09-13 23:47:34.947 T:20244    info <general>: Mediacodec decoder: OMX.amlogic.av1.decoder.awesome
09-13 23:47:34.947 20221 20244 I Kodi    : 2025-09-13 23:47:34.947 T:20244    info <general>: Mediacodec decoder: OMX.amlogic.avc.decoder.awesome
09-13 23:47:34.947 20221 20244 I Kodi    : 2025-09-13 23:47:34.947 T:20244    info <general>: Mediacodec decoder: OMX.google.h264.decoder
09-13 23:47:34.947 20221 20244 I Kodi    : 2025-09-13 23:47:34.947 T:20244    info <general>: Mediacodec decoder: OMX.amlogic.dolby-vision.dvhe.decoder
09-13 23:47:34.947 20221 20244 I Kodi    : 2025-09-13 23:47:34.947 T:20244    info <general>: Mediacodec decoder: OMX.amlogic.dolby-vision.dvav.decoder
09-13 23:47:34.948 20221 20244 I Kodi    : 2025-09-13 23:47:34.948 T:20244    info <general>: Mediacodec decoder: OMX.amlogic.dolby-vision.dav1.decoder
09-13 23:47:34.948 20221 20244 I Kodi    : 2025-09-13 23:47:34.948 T:20244    info <general>: Mediacodec decoder: OMX.google.h263.decoder
09-13 23:47:34.948 20221 20244 I Kodi    : 2025-09-13 23:47:34.948 T:20244    info <general>: Mediacodec decoder: OMX.amlogic.hevc.decoder.awesome
09-13 23:47:34.948 20221 20244 I Kodi    : 2025-09-13 23:47:34.948 T:20244    info <general>: Mediacodec decoder: OMX.amlogic.mpeg2.decoder.awesome
09-13 23:47:34.948 20221 20244 I Kodi    : 2025-09-13 23:47:34.948 T:20244    info <general>: Mediacodec decoder: OMX.amlogic.mpeg4.decoder.awesome
09-13 23:47:34.948 20221 20244 I Kodi    : 2025-09-13 23:47:34.948 T:20244    info <general>: Mediacodec decoder: OMX.google.mpeg4.decoder
09-13 23:47:34.948 20221 20244 I Kodi    : 2025-09-13 23:47:34.948 T:20244    info <general>: Mediacodec decoder: OMX.google.vp8.decoder
09-13 23:47:34.948 20221 20244 I Kodi    : 2025-09-13 23:47:34.948 T:20244    info <general>: Mediacodec decoder: OMX.amlogic.vp9.decoder.awesome
09-13 23:47:34.948 20221 20244 I Kodi    : 2025-09-13 23:47:34.948 T:20244    info <general>: Mediacodec decoder: OMX.google.vp9.decoder
09-13 23:47:34.948 20221 20244 I Kodi    : 2025-09-13 23:47:34.948 T:20244    info <general>: RetroPlayer[RENDER]: Registering renderer factory for OpenGLES
09-13 23:47:34.948 20221 20244 I Kodi    : 2025-09-13 23:47:34.948 T:20244    info <general>: CAndroidUtils: window resolution: 1920x1080
09-13 23:47:34.948 20221 20244 I Kodi    : 2025-09-13 23:47:34.948 T:20244    info <general>: CAndroidUtils: Current resolution: 1920x1080 1920x1080 @ 59.940060 - Full Screen
09-13 23:47:34.948 20221 20244 I Kodi    : 2025-09-13 23:47:34.948 T:20244    info <general>: CAndroidUtils: Current resolution: 1920x1080 1920x1080 @ 59.940060 - Full Screen
09-13 23:47:34.948 20221 20244 I Kodi    : 2025-09-13 23:47:34.948 T:20244    info <general>: EGL_VERSION = 1.4 Android META-EGL
09-13 23:47:34.948 20221 20244 I Kodi    : 2025-09-13 23:47:34.948 T:20244    info <general>: EGL_VENDOR = Android
09-13 23:47:34.948 20221 20244 I Kodi    : 2025-09-13 23:47:34.948 T:20244    info <general>: EGL_EXTENSIONS = EGL_KHR_get_all_proc_addresses EGL_ANDROID_presentation_time EGL_KHR_swap_buffers_with_damage EGL_ANDROID_get_native_client_buffer EGL_ANDROID_front_buffer_auto_refresh EGL_ANDROID_get_frame_timestamps EGL_EXT_surface_SMPTE2086_metadata EGL_EXT_surface_CTA861_3_metadata EGL_KHR_image EGL_KHR_image_base EGL_EXT_image_gl_colorspace EGL_KHR_gl_colorspace EGL_KHR_gl_texture_2D_image EGL_KHR_gl_texture_cubemap_image EGL_KHR_gl_renderbuffer_image EGL_KHR_fence_sync EGL_KHR_create_context EGL_KHR_config_attribs EGL_KHR_surfaceless_context EGL_EXT_create_context_robustness EGL_ANDROID_image_native_buffer EGL_KHR_wait_sync EGL_ANDROID_recordable EGL_KHR_partial_update EGL_EXT_pixel_format_float EGL_KHR_mutable_render_buffer EGL_IMG_context_priority EGL_KHR_no_config_context 
09-13 23:47:34.948 20221 20244 I Kodi    : 2025-09-13 23:47:34.948 T:20244    info <general>: EGL_CLIENT_EXTENSIONS = NULL
09-13 23:47:34.950 20221 20244 I Kodi    : 2025-09-13 23:47:34.950 T:20244    info <general>: CApplication::CreateGUI - using the default windowing system
09-13 23:47:34.950 20221 20244 I Kodi    : 2025-09-13 23:47:34.950 T:20244    info <general>: Checking resolution 16
09-13 23:47:34.950 20221 20244 I Kodi    : 2025-09-13 23:47:34.950 T:20244    info <general>: CAndroidUtils: SetNativeResolution: 11: 1920x1080 1920x1080@59.940060
09-13 23:47:34.951 20221 20244 I Kodi    : 2025-09-13 23:47:34.951 T:20244    info <general>: GL_VENDOR = ARM
09-13 23:47:34.951 20221 20244 I Kodi    : 2025-09-13 23:47:34.951 T:20244    info <general>: GL_RENDERER = Mali-G52
09-13 23:47:34.952 20221 20244 I Kodi    : 2025-09-13 23:47:34.952 T:20244    info <general>: GL_VERSION = OpenGL ES 3.2 v1.r16p0-01rel0-9332282c8.f4b763fd52a5ea0ebb47d0b46c8a07ce
09-13 23:47:34.952 20221 20244 I Kodi    : 2025-09-13 23:47:34.952 T:20244    info <general>: GL_SHADING_LANGUAGE_VERSION = OpenGL ES GLSL ES 3.20
09-13 23:47:34.952 20221 20244 I Kodi    : 2025-09-13 23:47:34.952 T:20244    info <general>: GL_EXTENSIONS = GL_EXT_debug_marker GL_ARM_rgba8 GL_ARM_mali_shader_binary GL_OES_depth24 GL_OES_depth_texture GL_OES_depth_texture_cube_map GL_OES_packed_depth_stencil GL_OES_rgb8_rgba8 GL_EXT_read_format_bgra GL_OES_compressed_paletted_texture GL_OES_compressed_ETC1_RGB8_texture GL_OES_standard_derivatives GL_OES_EGL_image GL_OES_EGL_image_external GL_OES_EGL_image_external_essl3 GL_OES_EGL_sync GL_OES_texture_npot GL_OES_vertex_half_float GL_OES_required_internalformat GL_OES_vertex_array_object GL_OES_mapbuffer GL_EXT_texture_format_BGRA8888 GL_EXT_texture_rg GL_EXT_texture_type_2_10_10_10_REV GL_OES_fbo_render_mipmap GL_OES_element_index_uint GL_EXT_shadow_samplers GL_OES_texture_compression_astc GL_KHR_texture_compression_astc_ldr GL_KHR_texture_compression_astc_hdr GL_KHR_texture_compression_astc_sliced_3d GL_EXT_texture_compression_astc_decode_mode GL_EXT_texture_compression_astc_decode_mode_rgb9e5 GL_KHR_debug GL_EXT_occlusion_query_boolean GL_EXT_disjoint_timer_query GL_EXT_blend_minmax GL_EXT_discard_framebuffer GL_OES_get_program_binary GL_OES_texture_3D GL_EXT_texture_storage GL_EXT_multisampled_render_to_texture GL_EXT_multisampled_render_to_texture2 GL_OES_surfaceless_context GL_OES_texture_stencil8 GL_EXT_shader_pixel_local_storage GL_ARM_shader_framebuffer_fetch GL_ARM_shader_framebuffer_fetch_depth_stencil GL_ARM_mali_program_binary GL_EXT_sRGB GL_EXT_sRGB_write_control GL_EXT_texture_sRGB_decode GL_EXT_texture_sRGB_R8 GL_EXT_texture_sRGB_RG8 GL_KHR_blend_equation_advanced GL_KHR_blend_equation_advanced_coherent GL_OES_texture_storage_multisample_2d_array GL_OES_shader_image_atomic GL_EXT_robustness GL_EXT_draw_buffers_indexed GL_OES_draw_buffers_indexed GL_EXT_texture_border_clamp GL_OES_texture_border_clamp GL_EXT_texture_cube_map_array GL_OES_texture_cube_map_array GL_OES_sample_variables GL_OES_sample_shading GL_OES_shader_multisample_interpolation GL_EXT_shader_io_blocks GL_OES_shader_io_blocks GL_EXT_tessellation_shader GL_OES_tessellation_shader GL_EXT_primitive_bounding_box GL_OES_primitive_bounding_box GL_EXT_geometry_shader GL_OES_geometry_shader GL_ANDROID_extension_pack_es31a GL_EXT_gpu_shader5 GL_OES_gpu_shader5 GL_EXT_texture_buffer GL_OES_texture_buffer GL_EXT_copy_image GL_OES_copy_image GL_EXT_shader_non_constant_global_initializers GL_EXT_color_buffer_half_float GL_EXT_color_buffer_float GL_EXT_YUV_target GL_OVR_multiview GL_OVR_multiview2 GL_OVR_multiview_multisampled_render_to_texture GL_KHR_robustness GL_KHR_robust_buffer_access_behavior GL_EXT_draw_elements_base_vertex GL_OES_draw_elements_base_vertex GL_EXT_protected_textures GL_EXT_buffer_storage GL_EXT_external_buffer GL_EXT_EGL_image_array GL_EXT_texture_filter_anisotropic 
09-13 23:47:34.964   441   776 E BufferQueueProducer: [SurfaceView - org.xbmc.kodi/org.xbmc.kodi.Main#0] disconnect: not connected (req=1)
09-13 23:47:34.964 20221 20244 I Kodi    : 2025-09-13 23:47:34.964 T:20244    info <general>: CAndroidUtils: SetNativeResolution: 11: 1920x1080 1920x1080@59.940060
09-13 23:47:34.965 20221 20244 I Kodi    : 2025-09-13 23:47:34.965 T:20244    info <general>: GLES: Maximum texture width: 8192
09-13 23:47:35.033 20221 20244 I Kodi    : 2025-09-13 23:47:35.033 T:20244    info <general>: GLES: Enabling VSYNC
09-13 23:47:35.034 20221 20244 I Kodi    : 2025-09-13 23:47:35.034 T:20244    info <general>: load keymapping
09-13 23:47:35.036 20221 20244 I Kodi    : 2025-09-13 23:47:35.036 T:20244    info <general>: Loading special://xbmc/system/keymaps/appcommand.xml
09-13 23:47:35.036 20221 20244 I Kodi    : 2025-09-13 23:47:35.036 T:20244    info <general>: Loading special://xbmc/system/keymaps/customcontroller.AppleRemote.xml
09-13 23:47:35.037 20221 20244 I Kodi    : 2025-09-13 23:47:35.037 T:20244    info <general>: Loading special://xbmc/system/keymaps/customcontroller.Harmony.xml
09-13 23:47:35.038 20221 20244 I Kodi    : 2025-09-13 23:47:35.038 T:20244    info <general>: Loading special://xbmc/system/keymaps/customcontroller.SiriRemote.xml
09-13 23:47:35.038 20221 20244 I Kodi    : 2025-09-13 23:47:35.038 T:20244    info <general>: Loading special://xbmc/system/keymaps/gamepad.xml
09-13 23:47:35.039 20221 20244 I Kodi    : 2025-09-13 23:47:35.039 T:20244    info <general>: Loading special://xbmc/system/keymaps/joystick.xml
09-13 23:47:35.040 20221 20244 I Kodi    : 2025-09-13 23:47:35.040 T:20244    info <general>: Loading special://xbmc/system/keymaps/keyboard.xml
09-13 23:47:35.043 20221 20244 I Kodi    : 2025-09-13 23:47:35.043 T:20244    info <general>: Loading special://xbmc/system/keymaps/mouse.xml
09-13 23:47:35.043 20221 20244 I Kodi    : 2025-09-13 23:47:35.043 T:20244    info <general>: Loading special://xbmc/system/keymaps/remote.xml
09-13 23:47:35.045 20221 20244 I Kodi    : 2025-09-13 23:47:35.045 T:20244    info <general>: Loading special://xbmc/system/keymaps/touchscreen.xml
09-13 23:47:35.046 20221 20244 I Kodi    : 2025-09-13 23:47:35.046 T:20244    info <general>: GUI format 1920x1080, Display 1920x1080 @ 59.940060 - Full Screen
09-13 23:47:35.049 20221 20271 I Kodi    : 2025-09-13 23:47:35.049 T:20271    info <general>: Float is supported
09-13 23:47:35.049 20221 20271 I Kodi    : 2025-09-13 23:47:35.049 T:20271    info <general>: Multi channel Float is supported
09-13 23:47:35.052 20221 20271 I Kodi    : 2025-09-13 23:47:35.052 T:20271    info <general>: Float is supported
09-13 23:47:35.052 20221 20271 I Kodi    : 2025-09-13 23:47:35.052 T:20271    info <general>: Multi channel Float is supported
09-13 23:47:35.057 20221 20271 I Kodi    : 2025-09-13 23:47:35.057 T:20271    info <general>: Found 1 Lists of Devices
09-13 23:47:35.057 20221 20271 I Kodi    : 2025-09-13 23:47:35.057 T:20271    info <general>: Enumerated AUDIOTRACK devices:
09-13 23:47:35.057 20221 20271 I Kodi    : 2025-09-13 23:47:35.057 T:20271    info <general>:     Device 1
09-13 23:47:35.057 20221 20271 I Kodi    : 2025-09-13 23:47:35.057 T:20271    info <general>:         m_deviceName      : AudioTrack (IEC)
09-13 23:47:35.057 20221 20271 I Kodi    : 2025-09-13 23:47:35.057 T:20271    info <general>:         m_displayName     : AudioTrack (IEC)
09-13 23:47:35.057 20221 20271 I Kodi    : 2025-09-13 23:47:35.057 T:20271    info <general>:         m_displayNameExtra: Kodi IEC packer (recommended)
09-13 23:47:35.057 20221 20271 I Kodi    : 2025-09-13 23:47:35.057 T:20271    info <general>:         m_deviceType      : AE_DEVTYPE_HDMI
09-13 23:47:35.057 20221 20271 I Kodi    : 2025-09-13 23:47:35.057 T:20271    info <general>:         m_channels        : FL, FR, FC, LFE, SL, SR, BL, BR, BC, BLOC, BROC
09-13 23:47:35.057 20221 20271 I Kodi    : 2025-09-13 23:47:35.057 T:20271    info <general>:         m_sampleRates     : 32000,44100,48000,88200,96000,176400,192000
09-13 23:47:35.057 20221 20271 I Kodi    : 2025-09-13 23:47:35.057 T:20271    info <general>:         m_dataFormats     : AE_FMT_S16LE,AE_FMT_FLOAT,AE_FMT_RAW,AE_FMT_RAW
09-13 23:47:35.057 20221 20271 I Kodi    : 2025-09-13 23:47:35.057 T:20271    info <general>:         m_streamTypes     : STREAM_TYPE_AC3,STREAM_TYPE_DTSHD_CORE,STREAM_TYPE_DTS_1024,STREAM_TYPE_DTS_2048,STREAM_TYPE_DTS_512,STREAM_TYPE_EAC3,STREAM_TYPE_DTSHD,STREAM_TYPE_DTSHD_MA,STREAM_TYPE_TRUEHD
09-13 23:47:35.057 20221 20271 I Kodi    : 2025-09-13 23:47:35.057 T:20271    info <general>:     Device 2
09-13 23:47:35.057 20221 20271 I Kodi    : 2025-09-13 23:47:35.057 T:20271    info <general>:         m_deviceName      : AudioTrack (RAW)
09-13 23:47:35.057 20221 20271 I Kodi    : 2025-09-13 23:47:35.057 T:20271    info <general>:         m_displayName     : AudioTrack (RAW)
09-13 23:47:35.057 20221 20271 I Kodi    : 2025-09-13 23:47:35.057 T:20271    info <general>:         m_displayNameExtra: Android IEC packer
09-13 23:47:35.057 20221 20271 I Kodi    : 2025-09-13 23:47:35.057 T:20271    info <general>:         m_deviceType      : AE_DEVTYPE_HDMI
09-13 23:47:35.057 20221 20271 I Kodi    : 2025-09-13 23:47:35.057 T:20271    info <general>:         m_channels        : FL, FR, FC, LFE, SL, SR, BL, BR, BC, BLOC, BROC
09-13 23:47:35.057 20221 20271 I Kodi    : 2025-09-13 23:47:35.057 T:20271    info <general>:         m_sampleRates     : 32000,44100,48000,88200,96000,176400,192000,32000,44100,48000,88200,96000,176400,192000
09-13 23:47:35.057 20221 20271 I Kodi    : 2025-09-13 23:47:35.057 T:20271    info <general>:         m_dataFormats     : AE_FMT_S16LE,AE_FMT_FLOAT,AE_FMT_RAW,AE_FMT_RAW,AE_FMT_S16LE,AE_FMT_FLOAT,AE_FMT_RAW
09-13 23:47:35.057 20221 20271 I Kodi    : 2025-09-13 23:47:35.057 T:20271    info <general>:         m_streamTypes     : STREAM_TYPE_AC3,STREAM_TYPE_EAC3,STREAM_TYPE_DTSHD_CORE,STREAM_TYPE_DTS_1024,STREAM_TYPE_DTS_2048,STREAM_TYPE_DTS_512,STREAM_TYPE_DTSHD,STREAM_TYPE_DTSHD_MA,STREAM_TYPE_TRUEHD
09-13 23:47:35.057 20221 20271 W Kodi    : 2025-09-13 23:47:35.057 T:20271 warning <general>: void ActiveAE::CActiveAE::ValidateOutputDevices(bool): audio output device setting has been updated from 'Default' to 'AUDIOTRACK:AudioTrack (IEC)|Kodi IEC packer (recommended)'
09-13 23:47:35.057 20221 20271 W Kodi    : 2025-09-13 23:47:35.057 T:20271 warning <general>: void ActiveAE::CActiveAE::ValidateOutputDevices(bool): passthrough output device setting has been updated from 'Default' to 'AUDIOTRACK:AudioTrack (IEC)|Kodi IEC packer (recommended)'
09-13 23:47:35.058 20221 20272 I Kodi    : 2025-09-13 23:47:35.058 T:20272    info <general>: CActiveAESink::OpenSink - initialize sink
09-13 23:47:35.058 20221 20272 I Kodi    : 2025-09-13 23:47:35.058 T:20272    info <general>: Trying to open: samplerate: 44100, channelMask: 12, encoding: 4
09-13 23:47:35.058 20221 20272 I Kodi    : 2025-09-13 23:47:35.058 T:20272    info <general>: Minimum size we need for stream: 22640 Bytes
09-13 23:47:35.058 20221 20272 I Kodi    : 2025-09-13 23:47:35.058 T:20272    info <general>: Audiotrack buffer params are: period time = 32.086 ms, period size = 11320 bytes, num periods = 4
09-13 23:47:35.058 20221 20272 I Kodi    : 2025-09-13 23:47:35.058 T:20272    info <general>: Created Audiotrackbuffer with playing time of 128.344671 ms min buffer size: 45280 bytes
09-13 23:47:35.066 20221 20272 I Kodi    : 2025-09-13 23:47:35.066 T:20272    info <general>: CAESinkAUDIOTRACK::Initializing with: m_sampleRate: 44100 format: AE_FMT_FLOAT (AE) method: PCM stream-type: PCM-STREAM min_buffer_size: 45280 m_frames: 1415 m_frameSize: 8 channels: 2
09-13 23:47:35.066 20221 20244 I Kodi    : 2025-09-13 23:47:35.066 T:20244    info <general>: CLangInfo: loading resource.language.en_gb language information...
09-13 23:47:35.069 20221 20244 I Kodi    : 2025-09-13 23:47:35.069 T:20244    info <general>: global locale set to en_US.UTF-8
09-13 23:47:35.069 20221 20244 I Kodi    : 2025-09-13 23:47:35.069 T:20244    info <general>: CLangInfo: loading resource.language.en_gb language strings...
09-13 23:47:35.115 20221 20274 I Kodi    : 2025-09-13 23:47:35.115 T:20274    info <general>: Running database version Addons33
09-13 23:47:35.116 20221 20274 I Kodi    : 2025-09-13 23:47:35.116 T:20274    info <general>: Running database version ViewModes6
09-13 23:47:35.117 20221 20274 I Kodi    : 2025-09-13 23:47:35.117 T:20274    info <general>: Running database version Textures14
09-13 23:47:35.121 20221 20274 I Kodi    : 2025-09-13 23:47:35.121 T:20274    info <general>: Running database version MyMusic83
09-13 23:47:35.124 20221 20274 I Kodi    : 2025-09-13 23:47:35.124 T:20274    info <general>: Running database version MyVideos137
09-13 23:47:35.126 20221 20274 I Kodi    : 2025-09-13 23:47:35.126 T:20274    info <general>: Running database version TV47
09-13 23:47:35.127 20221 20274 I Kodi    : 2025-09-13 23:47:35.127 T:20274    info <general>: Running database version Epg20
09-13 23:47:35.187 20221 20244 I Kodi    : 2025-09-13 23:47:35.187 T:20244    info <general>: Unloaded skin
09-13 23:47:35.188 20221 20244 I Kodi    : 2025-09-13 23:47:35.188 T:20244    info <general>:   load skin from: /data/user/0/org.xbmc.kodi/cache/apk/assets/addons/skin.estuary/ (version: 4.1.0)
09-13 23:47:35.188 20221 20244 I Kodi    : 2025-09-13 23:47:35.188 T:20244    info <general>:   load fonts for skin...
09-13 23:47:35.189 20221 20244 I Kodi    : 2025-09-13 23:47:35.189 T:20244    info <general>: Loading skin includes from /data/user/0/org.xbmc.kodi/cache/apk/assets/addons/skin.estuary/xml/Includes.xml
09-13 23:47:35.251 20221 20244 I Kodi    : 2025-09-13 23:47:35.251 T:20244    info <general>: bool GUIFontManager::LoadFontsFromFile(const std::string &, const std::string &, std::string &): Loading <fontset> with name 'Default' from '/data/user/0/org.xbmc.kodi/cache/apk/assets/addons/skin.estuary/xml/Font.xml'
09-13 23:47:35.256 20221 20244 I Kodi    : 2025-09-13 23:47:35.256 T:20244    info <general>: void ADDON::CSkinInfo::LoadTimers(): Trying to load skin timers from /data/user/0/org.xbmc.kodi/cache/apk/assets/addons/skin.estuary/xml/Timers.xml
09-13 23:47:35.256 20221 20244 I Kodi    : 2025-09-13 23:47:35.256 T:20244    info <general>:   load new skin...
09-13 23:47:35.256 20221 20244 I Kodi    : 2025-09-13 23:47:35.256 T:20244    info <general>: Loading custom window XMLs from skin path /data/user/0/org.xbmc.kodi/cache/apk/assets/addons/skin.estuary/xml
09-13 23:47:35.264 20221 20244 I Kodi    : 2025-09-13 23:47:35.264 T:20244    info <general>:   initialize new skin...
09-13 23:47:35.264 20221 20244 I Kodi    : 2025-09-13 23:47:35.264 T:20244    info <general>: Loading skin file: DialogBusy.xml, load type: LOAD_ON_GUI_INIT
09-13 23:47:35.265 20221 20244 I Kodi    : 2025-09-13 23:47:35.265 T:20244    info <general>: Loading skin file: DialogBusy.xml, load type: LOAD_ON_GUI_INIT
09-13 23:47:35.266 20221 20244 I Kodi    : 2025-09-13 23:47:35.266 T:20244    info <general>: Loading skin file: DialogNotification.xml, load type: LOAD_ON_GUI_INIT
09-13 23:47:35.267 20221 20244 I Kodi    : 2025-09-13 23:47:35.267 T:20244    info <general>: Loading skin file: DialogVolumeBar.xml, load type: LOAD_ON_GUI_INIT
09-13 23:47:35.270 20221 20244 I Kodi    : 2025-09-13 23:47:35.270 T:20244    info <general>: Loading skin file: DialogExtendedProgressBar.xml, load type: LOAD_ON_GUI_INIT
09-13 23:47:35.272 20221 20244 I Kodi    : 2025-09-13 23:47:35.272 T:20244    info <general>: Loading skin file: Pointer.xml, load type: LOAD_ON_GUI_INIT
09-13 23:47:35.273 20221 20244 I Kodi    : 2025-09-13 23:47:35.273 T:20244    info <general>: Loading skin file: DialogSeekBar.xml, load type: LOAD_ON_GUI_INIT
09-13 23:47:35.298 20221 20244 I Kodi    : 2025-09-13 23:47:35.298 T:20244    info <general>: Loading skin file: Custom_1109_TopBarOverlay.xml, load type: LOAD_ON_GUI_INIT
09-13 23:47:35.307 20221 20244 I Kodi    : 2025-09-13 23:47:35.307 T:20244    info <general>: Loading resource://resource.uisounds.kodi/sounds.xml
09-13 23:47:35.336 20221 20244 I Kodi    : 2025-09-13 23:47:35.336 T:20244    info <general>:   skin loaded...
09-13 23:47:35.337 20221 20244 I Kodi    : 2025-09-13 23:47:35.337 T:20244    info <general>: Loading skin file: Startup.xml, load type: LOAD_EVERY_TIME
09-13 23:47:35.337 20221 20244 I Kodi    : 2025-09-13 23:47:35.337 T:20244    info <general>: Loading skin file: Home.xml, load type: KEEP_IN_MEMORY
09-13 23:47:35.429 20221 20276 E Kodi    : 2025-09-13 23:47:35.429 T:20276   error <general>: CFavouritesURL::CFavouritesURL(const std::string &): Invalid protocol
09-13 23:47:35.439 20221 20244 W Kodi    : 2025-09-13 23:47:35.439 T:20244 warning <general>: JSONRPC: Could not parse type "Setting.Details.SettingList"
09-13 23:47:35.439 20221 20244 I Kodi    : 2025-09-13 23:47:35.439 T:20244    info <general>: JSONRPC: Adding type "Setting.Details.SettingList" to list of incomplete definitions (waiting for "Setting.Details.Setting")
09-13 23:47:35.439 20221 20244 I Kodi    : 2025-09-13 23:47:35.439 T:20244    info <general>: JSONRPC: Resolving incomplete types/methods referencing Setting.Details.Setting
09-13 23:47:35.468 20221 20244 I Kodi    : 2025-09-13 23:47:35.468 T:20244    info <general>: JSONRPC v13.8.0: Successfully initialized
09-13 23:47:35.472 20221 20244 I Kodi    : 2025-09-13 23:47:35.472 T:20244    info <general>: CPeripheralBusAndroid: scanning for input devices...
09-13 23:47:35.484 20221 20244 I Kodi    : 2025-09-13 23:47:35.484 T:20244    info <general>: Loading controller layout: /data/user/0/org.xbmc.kodi/cache/apk/assets/addons/game.controller.keyboard/resources/layout.xml
09-13 23:47:35.485 20221 20244 I Kodi    : 2025-09-13 23:47:35.485 T:20244    info <general>: Register - new keyboard device registered on application->keyboard: Keyboard (0000:0000)
09-13 23:47:35.485 20221 20244 I Kodi    : 2025-09-13 23:47:35.485 T:20244    info <general>: Loading controller layout: /data/user/0/org.xbmc.kodi/cache/apk/assets/addons/game.controller.mouse/resources/layout.xml
09-13 23:47:35.485 20221 20244 I Kodi    : 2025-09-13 23:47:35.485 T:20244    info <general>: Register - new mouse device registered on application->mouse: Mouse (0000:0000)
09-13 23:47:35.486 20221 20244 I Kodi    : 2025-09-13 23:47:35.486 T:20244    info <general>: Loading player core factory settings from special://xbmc/system/playercorefactory.xml.
09-13 23:47:35.486 20221 20244 I Kodi    : 2025-09-13 23:47:35.486 T:20244    info <general>: Loaded playercorefactory configuration
09-13 23:47:35.486 20221 20244 I Kodi    : 2025-09-13 23:47:35.486 T:20244    info <general>: Loading player core factory settings from special://masterprofile/playercorefactory.xml.
09-13 23:47:35.487 20221 20244 I Kodi    : 2025-09-13 23:47:35.487 T:20244    info <general>: special://masterprofile/playercorefactory.xml does not exist. Skipping.
09-13 23:47:35.487 20221 20244 I Kodi    : 2025-09-13 23:47:35.487 T:20244    info <general>: removing tempfiles
09-13 23:47:35.490 20221 20244 I Kodi    : 2025-09-13 23:47:35.490 T:20244    info <general>: initialize done
09-13 23:47:35.490 20221 20244 I Kodi    : 2025-09-13 23:47:35.490 T:20244    info <general>: Running the application...
09-13 23:47:35.494 20221 20244 I Kodi    : 2025-09-13 23:47:35.494 T:20244    info <general>: starting zeroconf publishing
09-13 23:47:35.494 20221 20284 I Kodi    : 2025-09-13 23:47:35.494 T:20284    info <general>: ES: Starting UDP Event server on port 9777
09-13 23:47:35.494 20221 20284 I Kodi    : 2025-09-13 23:47:35.494 T:20284    info <general>: UDP: Listening on port 9777 (ipv6 : false)
09-13 23:47:35.495 20221 20244 I Kodi    : 2025-09-13 23:47:35.495 T:20244    info <general>: JSONRPC Server: Successfully initialized
09-13 23:47:35.496 20221 20244 I Kodi    : 2025-09-13 23:47:35.496 T:20244    info <general>: CWSDiscoveryListenerUDP::Start - Started
09-13 23:47:35.739 20221 20277 W org.xbmc.kodi: Unknown chunk type '200'.
