09-13 22:36:51.389   596   596 I perfmonitord:ProcessCpuMonitor: org.xbmc.kodi        7566  : 2.64% 
09-13 22:36:59.451   596 16159 I perfmonitord:ProcessRssMonitor: org.xbmc.kodi        7566  : 197756     5452       203208    
09-13 23:07:28.451  7566  7566 I Kodi    : 2025-09-13 23:07:28.451 T:7566     info <general>: Got device wakeup intent
09-13 23:07:28.567  7566  7654 I Kodi    : 2025-09-13 23:07:28.567 T:7654     info <general>: OnWake: Running resume jobs
09-13 23:07:28.568  7566  7682 I Kodi    : 2025-09-13 23:07:28.568 T:7682     info <general>: Float is supported
09-13 23:07:28.568  7566  7682 I Kodi    : 2025-09-13 23:07:28.568 T:7682     info <general>: Multi channel Float is supported
09-13 23:07:28.572  7566  7682 I Kodi    : 2025-09-13 23:07:28.572 T:7682     info <general>: Float is supported
09-13 23:07:28.572  7566  7682 I Kodi    : 2025-09-13 23:07:28.572 T:7682     info <general>: Multi channel Float is supported
09-13 23:07:28.575  7566  7682 I Kodi    : 2025-09-13 23:07:28.575 T:7682     info <general>: Found 1 Lists of Devices
09-13 23:07:28.575  7566  7682 I Kodi    : 2025-09-13 23:07:28.575 T:7682     info <general>: Enumerated AUDIOTRACK devices:
09-13 23:07:28.575  7566  7682 I Kodi    : 2025-09-13 23:07:28.575 T:7682     info <general>:     Device 1
09-13 23:07:28.575  7566  7682 I Kodi    : 2025-09-13 23:07:28.575 T:7682     info <general>:         m_deviceName      : AudioTrack (IEC)
09-13 23:07:28.575  7566  7682 I Kodi    : 2025-09-13 23:07:28.575 T:7682     info <general>:         m_displayName     : AudioTrack (IEC)
09-13 23:07:28.575  7566  7682 I Kodi    : 2025-09-13 23:07:28.575 T:7682     info <general>:         m_displayNameExtra: Kodi IEC packer (recommended)
09-13 23:07:28.576  7566  7682 I Kodi    : 2025-09-13 23:07:28.576 T:7682     info <general>:         m_deviceType      : AE_DEVTYPE_HDMI
09-13 23:07:28.576  7566  7682 I Kodi    : 2025-09-13 23:07:28.576 T:7682     info <general>:         m_channels        : FL, FR, FC, LFE, SL, SR, BL, BR, BC, BLOC, BROC
09-13 23:07:28.576  7566  7682 I Kodi    : 2025-09-13 23:07:28.576 T:7682     info <general>:         m_sampleRates     : 32000,44100,48000,88200,96000,176400,192000
09-13 23:07:28.576  7566  7682 I Kodi    : 2025-09-13 23:07:28.576 T:7682     info <general>:         m_dataFormats     : AE_FMT_S16LE,AE_FMT_FLOAT,AE_FMT_RAW,AE_FMT_RAW
09-13 23:07:28.576  7566  7682 I Kodi    : 2025-09-13 23:07:28.576 T:7682     info <general>:         m_streamTypes     : STREAM_TYPE_AC3,STREAM_TYPE_DTSHD_CORE,STREAM_TYPE_DTS_1024,STREAM_TYPE_DTS_2048,STREAM_TYPE_DTS_512,STREAM_TYPE_EAC3,STREAM_TYPE_DTSHD,STREAM_TYPE_DTSHD_MA,STREAM_TYPE_TRUEHD
09-13 23:07:28.576  7566  7682 I Kodi    : 2025-09-13 23:07:28.576 T:7682     info <general>:     Device 2
09-13 23:07:28.576  7566  7682 I Kodi    : 2025-09-13 23:07:28.576 T:7682     info <general>:         m_deviceName      : AudioTrack (RAW)
09-13 23:07:28.576  7566  7682 I Kodi    : 2025-09-13 23:07:28.576 T:7682     info <general>:         m_displayName     : AudioTrack (RAW)
09-13 23:07:28.576  7566  7682 I Kodi    : 2025-09-13 23:07:28.576 T:7682     info <general>:         m_displayNameExtra: Android IEC packer
09-13 23:07:28.577  7566  7682 I Kodi    : 2025-09-13 23:07:28.577 T:7682     info <general>:         m_deviceType      : AE_DEVTYPE_HDMI
09-13 23:07:28.577  7566  7682 I Kodi    : 2025-09-13 23:07:28.577 T:7682     info <general>:         m_channels        : FL, FR, FC, LFE, SL, SR, BL, BR, BC, BLOC, BROC
09-13 23:07:28.577  7566  7682 I Kodi    : 2025-09-13 23:07:28.577 T:7682     info <general>:         m_sampleRates     : 32000,44100,48000,88200,96000,176400,192000,32000,44100,48000,88200,96000,176400,192000
09-13 23:07:28.577  7566  7682 I Kodi    : 2025-09-13 23:07:28.577 T:7682     info <general>:         m_dataFormats     : AE_FMT_S16LE,AE_FMT_FLOAT,AE_FMT_RAW,AE_FMT_RAW,AE_FMT_S16LE,AE_FMT_FLOAT,AE_FMT_RAW
09-13 23:07:28.577  7566  7682 I Kodi    : 2025-09-13 23:07:28.577 T:7682     info <general>:         m_streamTypes     : STREAM_TYPE_AC3,STREAM_TYPE_EAC3,STREAM_TYPE_DTSHD_CORE,STREAM_TYPE_DTS_1024,STREAM_TYPE_DTS_2048,STREAM_TYPE_DTS_512,STREAM_TYPE_DTSHD,STREAM_TYPE_DTSHD_MA,STREAM_TYPE_TRUEHD
09-13 23:07:28.577  7566  7682 W Kodi    : 2025-09-13 23:07:28.577 T:7682  warning <general>: void ActiveAE::CActiveAE::ValidateOutputDevices(bool): audio output device setting has been updated from 'Default' to 'AUDIOTRACK:AudioTrack (IEC)|Kodi IEC packer (recommended)'
09-13 23:07:28.577  7566  7682 W Kodi    : 2025-09-13 23:07:28.577 T:7682  warning <general>: void ActiveAE::CActiveAE::ValidateOutputDevices(bool): passthrough output device setting has been updated from 'Default' to 'AUDIOTRACK:AudioTrack (IEC)|Kodi IEC packer (recommended)'
09-13 23:07:28.577  7566  7683 I Kodi    : 2025-09-13 23:07:28.577 T:7683     info <general>: CActiveAESink::OpenSink - initialize sink
09-13 23:07:28.578  7566  7683 I Kodi    : 2025-09-13 23:07:28.578 T:7683     info <general>: Trying to open: samplerate: 44100, channelMask: 12, encoding: 4
09-13 23:07:28.578  7566  7683 I Kodi    : 2025-09-13 23:07:28.578 T:7683     info <general>: Minimum size we need for stream: 22640 Bytes
09-13 23:07:28.578  7566  7683 I Kodi    : 2025-09-13 23:07:28.578 T:7683     info <general>: Audiotrack buffer params are: period time = 32.086 ms, period size = 11320 bytes, num periods = 4
09-13 23:07:28.578  7566  7683 I Kodi    : 2025-09-13 23:07:28.578 T:7683     info <general>: Created Audiotrackbuffer with playing time of 128.344671 ms min buffer size: 45280 bytes
09-13 23:07:28.585  7566  7683 I Kodi    : 2025-09-13 23:07:28.585 T:7683     info <general>: CAESinkAUDIOTRACK::Initializing with: m_sampleRate: 44100 format: AE_FMT_FLOAT (AE) method: PCM stream-type: PCM-STREAM min_buffer_size: 45280 m_frames: 1415 m_frameSize: 8 channels: 2
09-13 23:07:28.588  7566  7654 I Kodi    : 2025-09-13 23:07:28.588 T:7654     info <general>: PumpPowerEvents: OnWake called
09-13 23:07:50.256   781 17077 I ActivityManager: START u0 {act=android.intent.action.MAIN cat=[android.intent.category.LEANBACK_LAUNCHER] flg=0x10000000 pkg=org.xbmc.kodi cmp=org.xbmc.kodi/.Splash (has extras)} from uid 1000
09-13 23:07:50.306   781  1517 I PackageRecency: Queuing notification(s) to package for ActivityInfo{768460c org.xbmc.kodi.Splash}
09-13 23:07:50.307  2240  2240 I UICM_Service_ForegroundAppMonitor_1.0.46088.0: current foreground app: org.xbmc.kodi
09-13 23:07:50.314  2240 16740 I Vizzini_3.0.1436.0:AppCache: App not found in cache: org.xbmc.kodi
09-13 23:07:50.321  7566  7566 I Kodi    : XBMCProperties: Expected at /storage/emulated/0/xbmc_env.properties
09-13 23:07:50.323   781  3560 I ActivityManager: START u0 {act=android.intent.action.MAIN cat=[android.intent.category.LEANBACK_LAUNCHER] flg=0x11000000 pkg=org.xbmc.kodi cmp=org.xbmc.kodi/.Main (has extras)} from uid 10221
09-13 23:07:50.327  2240  2240 W AlexaFocusPackageManagerParser: Package (org.xbmc.kodi) has not declared permission (amazon.speech.permission.SEND_DATA_TO_ALEXA) for implicit focus
09-13 23:07:50.327  2240  2240 W AlexaFocusVisualChannelSet: Package (org.xbmc.kodi) has not registered a namespace; attempting clear
09-13 23:07:50.355  2240  2240 I UICM_Service_ForegroundAppMonitor_1.0.46088.0: current foreground app: org.xbmc.kodi
09-13 23:07:50.360  2240 16740 I Vizzini_3.0.1436.0:AppCache: App not found in cache: org.xbmc.kodi
09-13 23:07:50.374  2240  2240 W AlexaFocusPackageManagerParser: Package (org.xbmc.kodi) has not declared permission (amazon.speech.permission.SEND_DATA_TO_ALEXA) for implicit focus
09-13 23:07:50.374  2240  2240 W AlexaFocusVisualChannelSet: Package (org.xbmc.kodi) has not registered a namespace; attempting clear
09-13 23:07:50.395  7566  7654 I Kodi    : 2025-09-13 23:07:50.395 T:7654     info <general>: CAndroidUtils: SetNativeResolution: 11: 1920x1080 1920x1080@59.940060
09-13 23:07:50.411  7566  7654 I Kodi    : 2025-09-13 23:07:50.411 T:7654     info <general>: GL_VENDOR = ARM
09-13 23:07:50.411  7566  7654 I Kodi    : 2025-09-13 23:07:50.411 T:7654     info <general>: GL_RENDERER = Mali-G52
09-13 23:07:50.411  7566  7654 I Kodi    : 2025-09-13 23:07:50.411 T:7654     info <general>: GL_VERSION = OpenGL ES 3.2 v1.r16p0-01rel0-9332282c8.f4b763fd52a5ea0ebb47d0b46c8a07ce
09-13 23:07:50.421  7566  7654 I Kodi    : 2025-09-13 23:07:50.421 T:7654     info <general>: GL_SHADING_LANGUAGE_VERSION = OpenGL ES GLSL ES 3.20
09-13 23:07:50.421  7566  7654 I Kodi    : 2025-09-13 23:07:50.421 T:7654     info <general>: GL_EXTENSIONS = GL_EXT_debug_marker GL_ARM_rgba8 GL_ARM_mali_shader_binary GL_OES_depth24 GL_OES_depth_texture GL_OES_depth_texture_cube_map GL_OES_packed_depth_stencil GL_OES_rgb8_rgba8 GL_EXT_read_format_bgra GL_OES_compressed_paletted_texture GL_OES_compressed_ETC1_RGB8_texture GL_OES_standard_derivatives GL_OES_EGL_image GL_OES_EGL_image_external GL_OES_EGL_image_external_essl3 GL_OES_EGL_sync GL_OES_texture_npot GL_OES_vertex_half_float GL_OES_required_internalformat GL_OES_vertex_array_object GL_OES_mapbuffer GL_EXT_texture_format_BGRA8888 GL_EXT_texture_rg GL_EXT_texture_type_2_10_10_10_REV GL_OES_fbo_render_mipmap GL_OES_element_index_uint GL_EXT_shadow_samplers GL_OES_texture_compression_astc GL_KHR_texture_compression_astc_ldr GL_KHR_texture_compression_astc_hdr GL_KHR_texture_compression_astc_sliced_3d GL_EXT_texture_compression_astc_decode_mode GL_EXT_texture_compression_astc_decode_mode_rgb9e5 GL_KHR_debug GL_EXT_occlusion_query_boolean GL_EXT_disjoint_timer_query GL_EXT_blend_minmax GL_EXT_discard_framebuffer GL_OES_get_program_binary GL_OES_texture_3D GL_EXT_texture_storage GL_EXT_multisampled_render_to_texture GL_EXT_multisampled_render_to_texture2 GL_OES_surfaceless_context GL_OES_texture_stencil8 GL_EXT_shader_pixel_local_storage GL_ARM_shader_framebuffer_fetch GL_ARM_shader_framebuffer_fetch_depth_stencil GL_ARM_mali_program_binary GL_EXT_sRGB GL_EXT_sRGB_write_control GL_EXT_texture_sRGB_decode GL_EXT_texture_sRGB_R8 GL_EXT_texture_sRGB_RG8 GL_KHR_blend_equation_advanced GL_KHR_blend_equation_advanced_coherent GL_OES_texture_storage_multisample_2d_array GL_OES_shader_image_atomic GL_EXT_robustness GL_EXT_draw_buffers_indexed GL_OES_draw_buffers_indexed GL_EXT_texture_border_clamp GL_OES_texture_border_clamp GL_EXT_texture_cube_map_array GL_OES_texture_cube_map_array GL_OES_sample_variables GL_OES_sample_shading GL_OES_shader_multisample_interpolation GL_EXT_shader_io_blocks GL_OES_shader_io_blocks GL_EXT_tessellation_shader GL_OES_tessellation_shader GL_EXT_primitive_bounding_box GL_OES_primitive_bounding_box GL_EXT_geometry_shader GL_OES_geometry_shader GL_ANDROID_extension_pack_es31a GL_EXT_gpu_shader5 GL_OES_gpu_shader5 GL_EXT_texture_buffer GL_OES_texture_buffer GL_EXT_copy_image GL_OES_copy_image GL_EXT_shader_non_constant_global_initializers GL_EXT_color_buffer_half_float GL_EXT_color_buffer_float GL_EXT_YUV_target GL_OVR_multiview GL_OVR_multiview2 GL_OVR_multiview_multisampled_render_to_texture GL_KHR_robustness GL_KHR_robust_buffer_access_behavior GL_EXT_draw_elements_base_vertex GL_OES_draw_elements_base_vertex GL_EXT_protected_textures GL_EXT_buffer_storage GL_EXT_external_buffer GL_EXT_EGL_image_array GL_EXT_texture_filter_anisotropic 
09-13 23:07:50.514   781   806 I ActivityManager: Displayed org.xbmc.kodi/.Main: +159ms
09-13 23:07:50.514   781  1255 I LaunchTimeProcessor: warm_app_warm_transition_launch_time of org.xbmc.kodi is 160ms with activity = org.xbmc.kodi/.Main, app_version = 2190700, prev_activity = org.xbmc.kodi/.Splash, isChild = false, context = S1T0A1D0I0L1E0M9999R0
09-13 23:07:50.522   781  1255 I LaunchTimeProcessor: warm_activity_launch_time of org.xbmc.kodi is 160ms with activity = org.xbmc.kodi/.Main, app_version = 2190700, prev_activity = org.xbmc.kodi/.Splash, isChild = false, context = S1T0A1D0I0L1E0M9999R0
09-13 23:07:50.541   441   471 W SurfaceFlinger: Attempting to destroy on removed layer: AppWindowToken{49a9eb0 token=Token{a53d1f3 ActivityRecord{3de8c62 u0 org.xbmc.kodi/.Splash t46}}}#0
09-13 23:07:55.499  7566  7654 I Kodi    : 2025-09-13 23:07:55.499 T:7654     info <general>: Loading skin file: FileBrowser.xml, load type: KEEP_IN_MEMORY
09-13 23:08:00.345   781   793 I PackageRecency: Intent triggered to package: ComponentInfo{com.amazon.tv.launcher/com.amazon.tv.launcher.util.AppRecencyReceiver} for Intent { act=android.intent.action.MAIN cat=[android.intent.category.LEANBACK_LAUNCHER] flg=0x10000000 pkg=org.xbmc.kodi cmp=org.xbmc.kodi/.Splash (has extras) }
09-13 23:08:00.356  3455 17081 I RecentRefreshManager: ignoreList contains: org.xbmc.kodi?:false
09-13 23:08:00.356  3455 17081 I RecentRefreshManager: Recent App Package was: org.xbmc.kodi
09-13 23:08:00.393  3455 18309 I RecentRefreshManager: update appStore cda card: amzn1.actor.person.did.ANYVXT2HIFFRQ6BWNRMETOTSLWFXLP2RTHZKIZR6V6SILLA7OTX6KEMAPESJAB4Q5TRI5DLP @@ library @@ recents @@ org.xbmc.kodi
09-13 23:08:04.904  7566  7654 E Kodi    : 2025-09-13 23:08:04.904 T:7654    error <general>: static AddonInfoPtr ADDON::CAddonInfoBuilder::Generate(const std::string &, bool): Unable to load 'zip://%2fstorage%2femulated%2f0%2fDownload%2frepo-v22.zip/repository.pigeonhole.streaming/addon.xml', Line: 0, Error: 
09-13 23:13:04.669  2240  2240 I AlexaFocusInFocusChannel: Releasing all system focus for org.xbmc.kodi with client null
09-13 23:13:04.669  2240  2240 I AlexaFocusInFocusChannel: No system focus to release for org.xbmc.kodi with client null
09-13 23:13:04.988  7566  7654 I Kodi    : 2025-09-13 23:13:04.988 T:7654     info <general>: CWinSystemAndroid::DestroyWindow
09-13 23:14:04.045   441  2951 E BufferQueueProducer: [org.xbmc.kodi/org.xbmc.kodi.Main#0] disconnect: not connected (req=1)
09-13 23:14:04.235  3455  3660 I RecentRefreshManager: ignoreList contains: org.xbmc.kodi?:false
09-13 23:14:04.235  3455  3660 I RecentRefreshManager: Recent App Package was: org.xbmc.kodi
09-13 23:14:04.287  3455 18309 I RecentRefreshManager: update appStore cda card: amzn1.actor.person.did.ANYVXT2HIFFRQ6BWNRMETOTSLWFXLP2RTHZKIZR6V6SILLA7OTX6KEMAPESJAB4Q5TRI5DLP @@ library @@ recents @@ org.xbmc.kodi
09-13 23:14:11.725   781 17678 I ActivityManager: START u0 {act=android.intent.action.MAIN cat=[android.intent.category.LEANBACK_LAUNCHER] flg=0x10000000 pkg=org.xbmc.kodi cmp=org.xbmc.kodi/.Splash (has extras)} from uid 1000
09-13 23:14:11.767   781  1517 I PackageRecency: Queuing notification(s) to package for ActivityInfo{768460c org.xbmc.kodi.Splash}
09-13 23:14:11.770  2240  2240 I UICM_Service_ForegroundAppMonitor_1.0.46088.0: current foreground app: org.xbmc.kodi
09-13 23:14:11.775  2240 17493 I Vizzini_3.0.1436.0:AppCache: App not found in cache: org.xbmc.kodi
09-13 23:14:11.782  7566  7566 I Kodi    : XBMCProperties: Expected at /storage/emulated/0/xbmc_env.properties
09-13 23:14:11.783   781  1220 I ActivityManager: START u0 {act=android.intent.action.MAIN cat=[android.intent.category.LEANBACK_LAUNCHER] flg=0x11000000 pkg=org.xbmc.kodi cmp=org.xbmc.kodi/.Main (has extras)} from uid 10221
09-13 23:14:11.787  2240  2240 W AlexaFocusPackageManagerParser: Package (org.xbmc.kodi) has not declared permission (amazon.speech.permission.SEND_DATA_TO_ALEXA) for implicit focus
09-13 23:14:11.787  2240  2240 W AlexaFocusVisualChannelSet: Package (org.xbmc.kodi) has not registered a namespace; attempting clear
09-13 23:14:11.810  2240  2240 I UICM_Service_ForegroundAppMonitor_1.0.46088.0: current foreground app: org.xbmc.kodi
09-13 23:14:11.816  2240 17493 I Vizzini_3.0.1436.0:AppCache: App not found in cache: org.xbmc.kodi
09-13 23:14:11.826  2240  2240 W AlexaFocusPackageManagerParser: Package (org.xbmc.kodi) has not declared permission (amazon.speech.permission.SEND_DATA_TO_ALEXA) for implicit focus
09-13 23:14:11.827  2240  2240 W AlexaFocusVisualChannelSet: Package (org.xbmc.kodi) has not registered a namespace; attempting clear
09-13 23:14:11.852  7566  7654 I Kodi    : 2025-09-13 23:14:11.852 T:7654     info <general>: CAndroidUtils: SetNativeResolution: 11: 1920x1080 1920x1080@59.940060
09-13 23:14:11.853  7566  7654 I Kodi    : 2025-09-13 23:14:11.853 T:7654     info <general>: GL_VENDOR = ARM
09-13 23:14:11.853  7566  7654 I Kodi    : 2025-09-13 23:14:11.853 T:7654     info <general>: GL_RENDERER = Mali-G52
09-13 23:14:11.853  7566  7654 I Kodi    : 2025-09-13 23:14:11.853 T:7654     info <general>: GL_VERSION = OpenGL ES 3.2 v1.r16p0-01rel0-9332282c8.f4b763fd52a5ea0ebb47d0b46c8a07ce
09-13 23:14:11.854  7566  7654 I Kodi    : 2025-09-13 23:14:11.854 T:7654     info <general>: GL_SHADING_LANGUAGE_VERSION = OpenGL ES GLSL ES 3.20
09-13 23:14:11.854  7566  7654 I Kodi    : 2025-09-13 23:14:11.854 T:7654     info <general>: GL_EXTENSIONS = GL_EXT_debug_marker GL_ARM_rgba8 GL_ARM_mali_shader_binary GL_OES_depth24 GL_OES_depth_texture GL_OES_depth_texture_cube_map GL_OES_packed_depth_stencil GL_OES_rgb8_rgba8 GL_EXT_read_format_bgra GL_OES_compressed_paletted_texture GL_OES_compressed_ETC1_RGB8_texture GL_OES_standard_derivatives GL_OES_EGL_image GL_OES_EGL_image_external GL_OES_EGL_image_external_essl3 GL_OES_EGL_sync GL_OES_texture_npot GL_OES_vertex_half_float GL_OES_required_internalformat GL_OES_vertex_array_object GL_OES_mapbuffer GL_EXT_texture_format_BGRA8888 GL_EXT_texture_rg GL_EXT_texture_type_2_10_10_10_REV GL_OES_fbo_render_mipmap GL_OES_element_index_uint GL_EXT_shadow_samplers GL_OES_texture_compression_astc GL_KHR_texture_compression_astc_ldr GL_KHR_texture_compression_astc_hdr GL_KHR_texture_compression_astc_sliced_3d GL_EXT_texture_compression_astc_decode_mode GL_EXT_texture_compression_astc_decode_mode_rgb9e5 GL_KHR_debug GL_EXT_occlusion_query_boolean GL_EXT_disjoint_timer_query GL_EXT_blend_minmax GL_EXT_discard_framebuffer GL_OES_get_program_binary GL_OES_texture_3D GL_EXT_texture_storage GL_EXT_multisampled_render_to_texture GL_EXT_multisampled_render_to_texture2 GL_OES_surfaceless_context GL_OES_texture_stencil8 GL_EXT_shader_pixel_local_storage GL_ARM_shader_framebuffer_fetch GL_ARM_shader_framebuffer_fetch_depth_stencil GL_ARM_mali_program_binary GL_EXT_sRGB GL_EXT_sRGB_write_control GL_EXT_texture_sRGB_decode GL_EXT_texture_sRGB_R8 GL_EXT_texture_sRGB_RG8 GL_KHR_blend_equation_advanced GL_KHR_blend_equation_advanced_coherent GL_OES_texture_storage_multisample_2d_array GL_OES_shader_image_atomic GL_EXT_robustness GL_EXT_draw_buffers_indexed GL_OES_draw_buffers_indexed GL_EXT_texture_border_clamp GL_OES_texture_border_clamp GL_EXT_texture_cube_map_array GL_OES_texture_cube_map_array GL_OES_sample_variables GL_OES_sample_shading GL_OES_shader_multisample_interpolation GL_EXT_shader_io_blocks GL_OES_shader_io_blocks GL_EXT_tessellation_shader GL_OES_tessellation_shader GL_EXT_primitive_bounding_box GL_OES_primitive_bounding_box GL_EXT_geometry_shader GL_OES_geometry_shader GL_ANDROID_extension_pack_es31a GL_EXT_gpu_shader5 GL_OES_gpu_shader5 GL_EXT_texture_buffer GL_OES_texture_buffer GL_EXT_copy_image GL_OES_copy_image GL_EXT_shader_non_constant_global_initializers GL_EXT_color_buffer_half_float GL_EXT_color_buffer_float GL_EXT_YUV_target GL_OVR_multiview GL_OVR_multiview2 GL_OVR_multiview_multisampled_render_to_texture GL_KHR_robustness GL_KHR_robust_buffer_access_behavior GL_EXT_draw_elements_base_vertex GL_OES_draw_elements_base_vertex GL_EXT_protected_textures GL_EXT_buffer_storage GL_EXT_external_buffer GL_EXT_EGL_image_array GL_EXT_texture_filter_anisotropic 
09-13 23:14:11.901   781   806 I ActivityManager: Displayed org.xbmc.kodi/.Main: +94ms
09-13 23:14:11.902   781  1255 I LaunchTimeProcessor: warm_app_warm_transition_launch_time of org.xbmc.kodi is 93ms with activity = org.xbmc.kodi/.Main, app_version = 2190700, prev_activity = org.xbmc.kodi/.Splash, isChild = false, context = S1T0A1D0I0L1E0M9999R0
09-13 23:14:11.905   781  1255 I LaunchTimeProcessor: warm_activity_launch_time of org.xbmc.kodi is 93ms with activity = org.xbmc.kodi/.Main, app_version = 2190700, prev_activity = org.xbmc.kodi/.Splash, isChild = false, context = S1T0A1D0I0L1E0M9999R0
09-13 23:14:11.916   441  2951 W SurfaceFlinger: Attempting to destroy on removed layer: AppWindowToken{cc8f849 token=Token{e6d9e50 ActivityRecord{5da8c13 u0 org.xbmc.kodi/.Splash t47}}}#0
09-13 23:14:13.189  7566  7683 I Kodi    : 2025-09-13 23:14:13.189 T:7683     info <general>: CActiveAESink::OpenSink - initialize sink
09-13 23:14:13.189  7566  7683 I Kodi    : 2025-09-13 23:14:13.189 T:7683     info <general>: Trying to open: samplerate: 44100, channelMask: 12, encoding: 4
09-13 23:14:13.190  7566  7683 I Kodi    : 2025-09-13 23:14:13.190 T:7683     info <general>: Minimum size we need for stream: 22640 Bytes
09-13 23:14:13.190  7566  7683 I Kodi    : 2025-09-13 23:14:13.190 T:7683     info <general>: Audiotrack buffer params are: period time = 32.086 ms, period size = 11320 bytes, num periods = 4
09-13 23:14:13.190  7566  7683 I Kodi    : 2025-09-13 23:14:13.190 T:7683     info <general>: Created Audiotrackbuffer with playing time of 128.344671 ms min buffer size: 45280 bytes
09-13 23:14:13.198  7566  7683 I Kodi    : 2025-09-13 23:14:13.198 T:7683     info <general>: CAESinkAUDIOTRACK::Initializing with: m_sampleRate: 44100 format: AE_FMT_FLOAT (AE) method: PCM stream-type: PCM-STREAM min_buffer_size: 45280 m_frames: 1415 m_frameSize: 8 channels: 2
09-13 23:14:13.200  7566  7654 I Kodi    : 2025-09-13 23:14:13.200 T:7654     info <general>: Loading skin file: FileBrowser.xml, load type: KEEP_IN_MEMORY
09-13 23:14:20.989  7566  7654 E Kodi    : 2025-09-13 23:14:20.989 T:7654    error <general>: static AddonInfoPtr ADDON::CAddonInfoBuilder::Generate(const std::string &, bool): Unable to load 'zip://%2fstorage%2femulated%2f0%2fDownload%2frepo-v22-fixed.zip/repository.pigeonhole.streaming/addon.xml', Line: 0, Error: 
09-13 23:14:21.781   781   793 I PackageRecency: Intent triggered to package: ComponentInfo{com.amazon.tv.launcher/com.amazon.tv.launcher.util.AppRecencyReceiver} for Intent { act=android.intent.action.MAIN cat=[android.intent.category.LEANBACK_LAUNCHER] flg=0x10000000 pkg=org.xbmc.kodi cmp=org.xbmc.kodi/.Splash (has extras) }
09-13 23:14:21.794  3455 17720 I RecentRefreshManager: ignoreList contains: org.xbmc.kodi?:false
09-13 23:14:21.795  3455 17720 I RecentRefreshManager: Recent App Package was: org.xbmc.kodi
09-13 23:14:21.850  3455 18309 I RecentRefreshManager: update appStore cda card: amzn1.actor.person.did.ANYVXT2HIFFRQ6BWNRMETOTSLWFXLP2RTHZKIZR6V6SILLA7OTX6KEMAPESJAB4Q5TRI5DLP @@ library @@ recents @@ org.xbmc.kodi
09-13 23:14:35.842  7566  7654 I Kodi    : 2025-09-13 23:14:35.842 T:7654     info <general>: Loading skin file: FileBrowser.xml, load type: KEEP_IN_MEMORY
09-13 23:14:39.403  7566  7654 E Kodi    : 2025-09-13 23:14:39.403 T:7654    error <general>: NFS: Failed to mount nfs share:  (nfs_mount_async failed. Failed to start connection. )
09-13 23:14:42.412  7566  7654 E Kodi    : 2025-09-13 23:14:42.412 T:7654    error <general>: GetDirectory - Error getting nfs://
09-13 23:14:42.412  7566  7654 E Kodi    : 2025-09-13 23:14:42.412 T:7654    error <general>: CGUIDialogFileBrowser::GetDirectory(nfs://) failed
09-13 23:14:45.619  7566  7654 I Kodi    : 2025-09-13 23:14:45.619 T:7654     info <general>: Loading skin file: FileBrowser.xml, load type: KEEP_IN_MEMORY
09-13 23:15:12.781  7566  7654 I Kodi    : 2025-09-13 23:15:12.781 T:7654     info <general>: NFS is idle. Closing the remaining connections.
09-13 23:18:25.537  1377  4670 I NwkMonitor.NwkMonitor: foreground app org.xbmc.kodi
09-13 23:18:28.545  1377  4670 I NwkMonitor.NwkMonitor: foreground app org.xbmc.kodi
09-13 23:19:47.220  2240  2240 I AlexaFocusInFocusChannel: Releasing all system focus for org.xbmc.kodi with client null
09-13 23:19:47.220  2240  2240 I AlexaFocusInFocusChannel: No system focus to release for org.xbmc.kodi with client null
09-13 23:19:47.408  7566  7654 I Kodi    : 2025-09-13 23:19:47.408 T:7654     info <general>: CWinSystemAndroid::DestroyWindow
09-13 23:22:13.295  7566  7654 I Kodi    : 2025-09-13 23:22:13.295 T:7654     info <general>: CAndroidUtils: SetNativeResolution: 11: 1920x1080 1920x1080@59.940060
09-13 23:22:13.296  7566  7654 I Kodi    : 2025-09-13 23:22:13.296 T:7654     info <general>: GL_VENDOR = ARM
09-13 23:22:13.296  7566  7654 I Kodi    : 2025-09-13 23:22:13.296 T:7654     info <general>: GL_RENDERER = Mali-G52
09-13 23:22:13.296  7566  7654 I Kodi    : 2025-09-13 23:22:13.296 T:7654     info <general>: GL_VERSION = OpenGL ES 3.2 v1.r16p0-01rel0-9332282c8.f4b763fd52a5ea0ebb47d0b46c8a07ce
09-13 23:22:13.296  7566  7654 I Kodi    : 2025-09-13 23:22:13.296 T:7654     info <general>: GL_SHADING_LANGUAGE_VERSION = OpenGL ES GLSL ES 3.20
09-13 23:22:13.296  7566  7654 I Kodi    : 2025-09-13 23:22:13.296 T:7654     info <general>: GL_EXTENSIONS = GL_EXT_debug_marker GL_ARM_rgba8 GL_ARM_mali_shader_binary GL_OES_depth24 GL_OES_depth_texture GL_OES_depth_texture_cube_map GL_OES_packed_depth_stencil GL_OES_rgb8_rgba8 GL_EXT_read_format_bgra GL_OES_compressed_paletted_texture GL_OES_compressed_ETC1_RGB8_texture GL_OES_standard_derivatives GL_OES_EGL_image GL_OES_EGL_image_external GL_OES_EGL_image_external_essl3 GL_OES_EGL_sync GL_OES_texture_npot GL_OES_vertex_half_float GL_OES_required_internalformat GL_OES_vertex_array_object GL_OES_mapbuffer GL_EXT_texture_format_BGRA8888 GL_EXT_texture_rg GL_EXT_texture_type_2_10_10_10_REV GL_OES_fbo_render_mipmap GL_OES_element_index_uint GL_EXT_shadow_samplers GL_OES_texture_compression_astc GL_KHR_texture_compression_astc_ldr GL_KHR_texture_compression_astc_hdr GL_KHR_texture_compression_astc_sliced_3d GL_EXT_texture_compression_astc_decode_mode GL_EXT_texture_compression_astc_decode_mode_rgb9e5 GL_KHR_debug GL_EXT_occlusion_query_boolean GL_EXT_disjoint_timer_query GL_EXT_blend_minmax GL_EXT_discard_framebuffer GL_OES_get_program_binary GL_OES_texture_3D GL_EXT_texture_storage GL_EXT_multisampled_render_to_texture GL_EXT_multisampled_render_to_texture2 GL_OES_surfaceless_context GL_OES_texture_stencil8 GL_EXT_shader_pixel_local_storage GL_ARM_shader_framebuffer_fetch GL_ARM_shader_framebuffer_fetch_depth_stencil GL_ARM_mali_program_binary GL_EXT_sRGB GL_EXT_sRGB_write_control GL_EXT_texture_sRGB_decode GL_EXT_texture_sRGB_R8 GL_EXT_texture_sRGB_RG8 GL_KHR_blend_equation_advanced GL_KHR_blend_equation_advanced_coherent GL_OES_texture_storage_multisample_2d_array GL_OES_shader_image_atomic GL_EXT_robustness GL_EXT_draw_buffers_indexed GL_OES_draw_buffers_indexed GL_EXT_texture_border_clamp GL_OES_texture_border_clamp GL_EXT_texture_cube_map_array GL_OES_texture_cube_map_array GL_OES_sample_variables GL_OES_sample_shading GL_OES_shader_multisample_interpolation GL_EXT_shader_io_blocks GL_OES_shader_io_blocks GL_EXT_tessellation_shader GL_OES_tessellation_shader GL_EXT_primitive_bounding_box GL_OES_primitive_bounding_box GL_EXT_geometry_shader GL_OES_geometry_shader GL_ANDROID_extension_pack_es31a GL_EXT_gpu_shader5 GL_OES_gpu_shader5 GL_EXT_texture_buffer GL_OES_texture_buffer GL_EXT_copy_image GL_OES_copy_image GL_EXT_shader_non_constant_global_initializers GL_EXT_color_buffer_half_float GL_EXT_color_buffer_float GL_EXT_YUV_target GL_OVR_multiview GL_OVR_multiview2 GL_OVR_multiview_multisampled_render_to_texture GL_KHR_robustness GL_KHR_robust_buffer_access_behavior GL_EXT_draw_elements_base_vertex GL_OES_draw_elements_base_vertex GL_EXT_protected_textures GL_EXT_buffer_storage GL_EXT_external_buffer GL_EXT_EGL_image_array GL_EXT_texture_filter_anisotropic 
09-13 23:22:13.302  2240  2240 I UICM_Service_ForegroundAppMonitor_1.0.46088.0: current foreground app: org.xbmc.kodi
09-13 23:22:13.303   781 18026 W MouseModeService: Switched to same activity:org.xbmc.kodi.Main
09-13 23:22:13.307  2240 18003 I Vizzini_3.0.1436.0:AppCache: App not found in cache: org.xbmc.kodi
09-13 23:22:13.310  2240  2240 W AlexaFocusPackageManagerParser: Package (org.xbmc.kodi) has not declared permission (amazon.speech.permission.SEND_DATA_TO_ALEXA) for implicit focus
09-13 23:22:13.310  2240  2240 W AlexaFocusVisualChannelSet: Package (org.xbmc.kodi) has not registered a namespace; attempting clear
09-13 23:22:14.435  7566  7683 I Kodi    : 2025-09-13 23:22:14.435 T:7683     info <general>: CActiveAESink::OpenSink - initialize sink
09-13 23:22:14.436  7566  7683 I Kodi    : 2025-09-13 23:22:14.436 T:7683     info <general>: Trying to open: samplerate: 44100, channelMask: 12, encoding: 4
09-13 23:22:14.438  7566  7683 I Kodi    : 2025-09-13 23:22:14.438 T:7683     info <general>: Minimum size we need for stream: 22640 Bytes
09-13 23:22:14.438  7566  7683 I Kodi    : 2025-09-13 23:22:14.438 T:7683     info <general>: Audiotrack buffer params are: period time = 32.086 ms, period size = 11320 bytes, num periods = 4
09-13 23:22:14.438  7566  7683 I Kodi    : 2025-09-13 23:22:14.438 T:7683     info <general>: Created Audiotrackbuffer with playing time of 128.344671 ms min buffer size: 45280 bytes
09-13 23:22:14.449  7566  7683 I Kodi    : 2025-09-13 23:22:14.449 T:7683     info <general>: CAESinkAUDIOTRACK::Initializing with: m_sampleRate: 44100 format: AE_FMT_FLOAT (AE) method: PCM stream-type: PCM-STREAM min_buffer_size: 45280 m_frames: 1415 m_frameSize: 8 channels: 2
09-13 23:22:18.575  7566  7654 I Kodi    : 2025-09-13 23:22:18.575 T:7654     info <general>: Loading skin file: FileBrowser.xml, load type: KEEP_IN_MEMORY
09-13 23:22:24.911  7566  7654 E Kodi    : 2025-09-13 23:22:24.911 T:7654    error <general>: CAddonInstaller: installing addon failed '/storage/emulated/0/Download/repository-final.zip' - itemsize: 6, first item is folder: false
09-13 23:23:46.792  7566  7654 I Kodi    : 2025-09-13 23:23:46.791 T:7654     info <general>: Loading skin file: FileBrowser.xml, load type: KEEP_IN_MEMORY
09-13 23:23:53.465  7566  7654 E Kodi    : 2025-09-13 23:23:53.465 T:7654    error <general>: CAddonInstaller: installing addon failed '/storage/emulated/0/Download/repository-final.zip' - itemsize: 6, first item is folder: false
09-13 23:27:09.287  7566  7683 I Kodi    : 2025-09-13 23:27:09.287 T:7683     info <general>: CActiveAESink::OpenSink - initialize sink
09-13 23:27:09.288  7566  7683 I Kodi    : 2025-09-13 23:27:09.288 T:7683     info <general>: Trying to open: samplerate: 44100, channelMask: 12, encoding: 4
09-13 23:27:09.289  7566  7683 I Kodi    : 2025-09-13 23:27:09.289 T:7683     info <general>: Minimum size we need for stream: 22640 Bytes
09-13 23:27:09.289  7566  7683 I Kodi    : 2025-09-13 23:27:09.289 T:7683     info <general>: Audiotrack buffer params are: period time = 32.086 ms, period size = 11320 bytes, num periods = 4
09-13 23:27:09.289  7566  7683 I Kodi    : 2025-09-13 23:27:09.289 T:7683     info <general>: Created Audiotrackbuffer with playing time of 128.344671 ms min buffer size: 45280 bytes
09-13 23:27:09.298  7566  7683 I Kodi    : 2025-09-13 23:27:09.298 T:7683     info <general>: CAESinkAUDIOTRACK::Initializing with: m_sampleRate: 44100 format: AE_FMT_FLOAT (AE) method: PCM stream-type: PCM-STREAM min_buffer_size: 45280 m_frames: 1415 m_frameSize: 8 channels: 2
09-13 23:27:10.819  7566  7654 I Kodi    : 2025-09-13 23:27:10.819 T:7654     info <general>: Loading skin file: FileBrowser.xml, load type: KEEP_IN_MEMORY
09-13 23:27:18.136  7566  7654 E Kodi    : 2025-09-13 23:27:18.136 T:7654    error <general>: CAddonInstaller: installing addon failed '/storage/emulated/0/Download/repo-minimal.zip' - itemsize: 4, first item is folder: false
09-13 23:28:36.322   781  2381 I ActivityManager: Force stopping org.xbmc.kodi appid=10221 user=0: from pid 18198
09-13 23:28:36.322   781  2381 I ActivityManager: Killing 7566:org.xbmc.kodi/u0a221 (adj 0): stop org.xbmc.kodi
09-13 23:28:36.323   781  2381 W ActivityManager: Force removing ActivityRecord{7599b73 u0 org.xbmc.kodi/.Main t44}: app died, no saved state
09-13 23:28:36.457   781  1255 I LaunchTimeProcessor: warm_app_warm_transition_launch_time of com.amazon.venezia is 99ms with activity = com.amazon.venezia/.grid.AppsGridLauncherActivity, app_version = 427448510, prev_activity = org.xbmc.kodi/.Main, isChild = false, context = S1T0A1D0I0L0E0M9999R0
09-13 23:28:36.459   781  1255 I LaunchTimeProcessor: warm_activity_launch_time of com.amazon.venezia is 99ms with activity = com.amazon.venezia/.grid.AppsGridLauncherActivity, app_version = 427448510, prev_activity = org.xbmc.kodi/.Main, isChild = false, context = S1T0A1D0I0L0E0M9999R0
09-13 23:28:36.459   781  1255 I LaunchTimeProcessor: warm_app_warm_transition_draw_time of com.amazon.venezia is 100ms with activity = com.amazon.venezia/.grid.AppsGridLauncherActivity, app_version = 427448510, prev_activity = org.xbmc.kodi/.Main, isChild = false, context = S1T0A1D0I0L0E0M9999R0
09-13 23:28:36.461   781  1255 I LaunchTimeProcessor: warm_activity_draw_time of com.amazon.venezia is 100ms with activity = com.amazon.venezia/.grid.AppsGridLauncherActivity, app_version = 427448510, prev_activity = org.xbmc.kodi/.Main, isChild = false, context = S1T0A1D0I0L0E0M9999R0
09-13 23:28:43.610   781  3536 I ActivityManager: START u0 {flg=0x10000000 cmp=org.xbmc.kodi/.Splash} from uid 2000
09-13 23:28:43.658   781   800 I ActivityManager: Start proc 18224:org.xbmc.kodi/u0a221 for activity org.xbmc.kodi/.Splash
09-13 23:28:43.663 18224 18224 E org.xbmc.kodi: Not starting debugger since process cannot load the jdwp agent.
09-13 23:28:43.663 18224 18230 I org.xbmc.kodi: Bumping SignalCatcher priority from 5 to 10
09-13 23:28:43.693  2240  2240 I UICM_Service_ForegroundAppMonitor_1.0.46088.0: current foreground app: org.xbmc.kodi
09-13 23:28:43.697  2240 18217 I Vizzini_3.0.1436.0:AppCache: App not found in cache: org.xbmc.kodi
09-13 23:28:43.699  2240  2240 W AlexaFocusPackageManagerParser: Package (org.xbmc.kodi) has not declared permission (amazon.speech.permission.SEND_DATA_TO_ALEXA) for implicit focus
09-13 23:28:43.700  2240  2240 W AlexaFocusVisualChannelSet: Package (org.xbmc.kodi) has not registered a namespace; attempting clear
09-13 23:28:43.747 18224 18224 I Kodi    : XBMCProperties: Expected at /storage/emulated/0/xbmc_env.properties
09-13 23:28:43.782   781  1465 I ActivityManager: START u0 {flg=0x11000000 cmp=org.xbmc.kodi/.Main} from uid 10221
09-13 23:28:43.781 18224 18224 I chatty  : uid=10221(org.xbmc.kodi) identical 6 lines
09-13 23:28:43.781 18224 18224 I Kodi    : XBMCProperties: Expected at /storage/emulated/0/xbmc_env.properties
09-13 23:28:43.817  2240  2240 I UICM_Service_ForegroundAppMonitor_1.0.46088.0: current foreground app: org.xbmc.kodi
09-13 23:28:43.827  2240 18217 I Vizzini_3.0.1436.0:AppCache: App not found in cache: org.xbmc.kodi
09-13 23:28:43.834  2240  2240 W AlexaFocusPackageManagerParser: Package (org.xbmc.kodi) has not declared permission (amazon.speech.permission.SEND_DATA_TO_ALEXA) for implicit focus
09-13 23:28:43.834  2240  2240 W AlexaFocusVisualChannelSet: Package (org.xbmc.kodi) has not registered a namespace; attempting clear
09-13 23:28:44.156 18224 18246 I Kodi    : 2025-09-13 23:28:44.155 T:18246    info <general>: Log level changed to "trace"
09-13 23:28:44.172 18224 18246 W Kodi    : 2025-09-13 23:28:44.172 T:18246 warning <CSettingDependencyCondition>: missing setting for dependency
09-13 23:28:44.173 18224 18246 W Kodi    : 2025-09-13 23:28:44.173 T:18246 warning <CSetting>: error reading <dependency> tag of "videoplayer.convertdovi"
09-13 23:28:44.192 18224 18246 I Kodi    : 2025-09-13 23:28:44.192 T:18246    info <general>: -----------------------------------------------------------------------
09-13 23:28:44.192 18224 18246 I Kodi    : 2025-09-13 23:28:44.192 T:18246    info <general>: Starting Kodi (22.0-ALPHA1 (21.90.700) Git:20250818-93aa9b2b85). Platform: Android ARM 32-bit
09-13 23:28:44.192 18224 18246 I Kodi    : 2025-09-13 23:28:44.192 T:18246    info <general>: Using Release Kodi x32
09-13 23:28:44.192 18224 18246 I Kodi    : 2025-09-13 23:28:44.192 T:18246    info <general>: Kodi compiled 2025-08-19 by Clang 19.0.1 (https://android.googlesource.com/toolchain/llvm-project 97a699bf4812a18fb657c2779f5296a4ab2694d2) for Android ARM 32-bit API level 24 (API level 24)
09-13 23:28:44.193 18224 18246 I Kodi    : 2025-09-13 23:28:44.192 T:18246    info <general>: Running on Amazon AFTGAZL with Android TV 9.0.0 API level 28, kernel: Linux ARM 32-bit version 5.4.125-ab23
09-13 23:28:44.193 18224 18246 I Kodi    : 2025-09-13 23:28:44.193 T:18246    info <general>: FFmpeg version/source: 7.1.1-Kodi
09-13 23:28:44.193 18224 18246 I Kodi    : 2025-09-13 23:28:44.193 T:18246    info <general>: Host CPU: ARMv8 Processor rev 4 (v8l), 8 cores available
09-13 23:28:44.193 18224 18246 I Kodi    : 2025-09-13 23:28:44.193 T:18246    info <general>: Product: gazelle, Device: gazelle, Board: gazelle - Manufacturer: Amazon, Brand: Amazon, Model: AFTGAZL, Hardware: amlogic
09-13 23:28:44.194 18224 18246 I Kodi    : 2025-09-13 23:28:44.194 T:18246    info <general>: External storage path = /storage/emulated/0; status = ok; Permissions = WRITE_EXTERNAL_STORAGE
09-13 23:28:44.194 18224 18246 I Kodi    : 2025-09-13 23:28:44.194 T:18246    info <general>: ARM Features: Neon enabled
09-13 23:28:44.194 18224 18246 I Kodi    : 2025-09-13 23:28:44.194 T:18246    info <general>: special://xbmc/ is mapped to: /data/user/0/org.xbmc.kodi/cache/apk/assets
09-13 23:28:44.194 18224 18246 I Kodi    : 2025-09-13 23:28:44.194 T:18246    info <general>: special://xbmcbin/ is mapped to: /data/user/0/org.xbmc.kodi/cache/apk/assets
09-13 23:28:44.194 18224 18246 I Kodi    : 2025-09-13 23:28:44.194 T:18246    info <general>: special://xbmcbinaddons/ is mapped to: /data/user/0/org.xbmc.kodi/cache/apk/assets/addons
09-13 23:28:44.194 18224 18246 I Kodi    : 2025-09-13 23:28:44.194 T:18246    info <general>: special://masterprofile/ is mapped to: /storage/emulated/0/Android/data/org.xbmc.kodi/files/.kodi/userdata
09-13 23:28:44.194 18224 18246 I Kodi    : 2025-09-13 23:28:44.194 T:18246    info <general>: special://envhome/ is mapped to: /storage/emulated/0/Android/data/org.xbmc.kodi/files
09-13 23:28:44.194 18224 18246 I Kodi    : 2025-09-13 23:28:44.194 T:18246    info <general>: special://home/ is mapped to: /storage/emulated/0/Android/data/org.xbmc.kodi/files/.kodi
09-13 23:28:44.194 18224 18246 I Kodi    : 2025-09-13 23:28:44.194 T:18246    info <general>: special://temp/ is mapped to: /storage/emulated/0/Android/data/org.xbmc.kodi/files/.kodi/temp
09-13 23:28:44.194 18224 18246 I Kodi    : 2025-09-13 23:28:44.194 T:18246    info <general>: special://logpath/ is mapped to: /storage/emulated/0/Android/data/org.xbmc.kodi/files/.kodi/temp
09-13 23:28:44.195 18224 18246 I Kodi    : 2025-09-13 23:28:44.195 T:18246    info <general>: Webserver extra whitelist paths: 
09-13 23:28:44.195 18224 18246 I Kodi    : 2025-09-13 23:28:44.195 T:18246    info <general>: The executable running is: /data/app/org.xbmc.kodi-yc6yg_UvxlOmUCBl3ztoWw==/lib/arm/libkodi.so
09-13 23:28:44.209   781   806 I ActivityManager: Displayed org.xbmc.kodi/.Main: +391ms (total +386ms)
09-13 23:28:44.209   781  1255 I LaunchTimeProcessor: cool_app_launch_time of org.xbmc.kodi is 394ms with activity = org.xbmc.kodi/.Main, app_version = 2190700, prev_activity = org.xbmc.kodi/.Splash, isChild = false, context = S1T0A1D0I0L1E0M9999R0
09-13 23:28:44.211   781  1255 I LaunchTimeProcessor: cool_activity_launch_time of org.xbmc.kodi is 394ms with activity = org.xbmc.kodi/.Main, app_version = 2190700, prev_activity = org.xbmc.kodi/.Splash, isChild = false, context = S1T0A1D0I0L1E0M9999R0
09-13 23:28:44.260 18224 18246 I Kodi    : 2025-09-13 23:28:44.260 T:18246    info <general>: Local hostname: 192.168.1.130
09-13 23:28:44.260 18224 18246 I Kodi    : 2025-09-13 23:28:44.260 T:18246    info <general>: Log File is located: /storage/emulated/0/Android/data/org.xbmc.kodi/files/.kodi/temp/kodi.log
09-13 23:28:44.260 18224 18246 I Kodi    : 2025-09-13 23:28:44.260 T:18246    info <general>: -----------------------------------------------------------------------
09-13 23:28:44.262 18224 18246 I Kodi    : 2025-09-13 23:28:44.262 T:18246    info <general>: loading settings
09-13 23:28:44.263 18224 18246 I Kodi    : 2025-09-13 23:28:44.263 T:18246    info <general>: special://profile/ is mapped to: special://masterprofile/
09-13 23:28:44.281 18224 18246 I Kodi    : 2025-09-13 23:28:44.281 T:18246    info <general>: No settings file to load (special://xbmc/system/advancedsettings.xml)
09-13 23:28:44.281 18224 18246 I Kodi    : 2025-09-13 23:28:44.281 T:18246    info <general>: No settings file to load (special://masterprofile/advancedsettings.xml)
09-13 23:28:44.281 18224 18246 I Kodi    : 2025-09-13 23:28:44.281 T:18246    info <general>: Default Video Player: VideoPlayer
09-13 23:28:44.281 18224 18246 I Kodi    : 2025-09-13 23:28:44.281 T:18246    info <general>: Default Audio Player: paplayer
09-13 23:28:44.281 18224 18246 I Kodi    : 2025-09-13 23:28:44.281 T:18246    info <general>: Disabled debug logging due to GUI setting. Level 0.
09-13 23:28:44.281 18224 18246 I Kodi    : 2025-09-13 23:28:44.281 T:18246    info <general>: Log level changed to "info"
09-13 23:28:44.283 18224 18246 I Kodi    : 2025-09-13 23:28:44.283 T:18246    info <general>: New Cache GUI Settings (replacement of cache in advancedsettings.xml) are:
09-13 23:28:44.283 18224 18246 I Kodi    :                                                      Buffer Mode: 4
09-13 23:28:44.283 18224 18246 I Kodi    :                                                      Memory Size: 64 MB
09-13 23:28:44.283 18224 18246 I Kodi    :                                                      Read Factor: 0.00 x (adaptive)
09-13 23:28:44.283 18224 18246 I Kodi    :                                                      Chunk Size : 131072 bytes
09-13 23:28:44.283 18224 18246 I Kodi    : 2025-09-13 23:28:44.283 T:18246    info <general>: creating subdirectories
09-13 23:28:44.283 18224 18246 I Kodi    : 2025-09-13 23:28:44.283 T:18246    info <general>: userdata folder: special://masterprofile/
09-13 23:28:44.284 18224 18246 I Kodi    : 2025-09-13 23:28:44.284 T:18246    info <general>: recording folder: 
09-13 23:28:44.284 18224 18246 I Kodi    : 2025-09-13 23:28:44.284 T:18246    info <general>: screenshots folder: 
09-13 23:28:44.296 18224 18246 I Kodi    : 2025-09-13 23:28:44.296 T:18246    info <general>: Running database version Addons33
09-13 23:28:44.382   441   470 W SurfaceFlinger: Attempting to set client state on removed layer: Splash Screen org.xbmc.kodi#1
09-13 23:28:44.382   441   470 W SurfaceFlinger: Attempting to destroy on removed layer: Splash Screen org.xbmc.kodi#1
09-13 23:28:44.423 18224 18246 I Kodi    : 2025-09-13 23:28:44.423 T:18246    info <general>: Addon Mananger: Found addon: 'audioencoder.kodi.builtin.aac v1.0.2'
09-13 23:28:44.424 18224 18246 I Kodi    : 2025-09-13 23:28:44.424 T:18246    info <general>: Addon Mananger: Found addon: 'audioencoder.kodi.builtin.wma v1.0.2'
09-13 23:28:44.424 18224 18246 I Kodi    : 2025-09-13 23:28:44.424 T:18246    info <general>: Addon Mananger: Found addon: 'game.controller.default v1.0.45'
09-13 23:28:44.424 18224 18246 I Kodi    : 2025-09-13 23:28:44.424 T:18246    info <general>: Addon Mananger: Found addon: 'game.controller.keyboard v1.1.46'
09-13 23:28:44.424 18224 18246 I Kodi    : 2025-09-13 23:28:44.424 T:18246    info <general>: Addon Mananger: Found addon: 'game.controller.mouse v1.0.29'
09-13 23:28:44.425 18224 18246 I Kodi    : 2025-09-13 23:28:44.425 T:18246    info <general>: Addon Mananger: Found addon: 'game.controller.snes v1.0.44'
09-13 23:28:44.425 18224 18246 I Kodi    : 2025-09-13 23:28:44.425 T:18246    info <general>: Addon Mananger: Found addon: 'kodi.binary.global.audioengine v1.1.1'
09-13 23:28:44.425 18224 18246 I Kodi    : 2025-09-13 23:28:44.425 T:18246    info <general>: Addon Mananger: Found addon: 'kodi.binary.global.filesystem v1.1.9'
09-13 23:28:44.425 18224 18246 I Kodi    : 2025-09-13 23:28:44.425 T:18246    info <general>: Addon Mananger: Found addon: 'kodi.binary.global.general v1.0.5'
09-13 23:28:44.426 18224 18246 I Kodi    : 2025-09-13 23:28:44.426 T:18246    info <general>: Addon Mananger: Found addon: 'kodi.binary.global.gui v5.15.1'
09-13 23:28:44.426 18224 18246 I Kodi    : 2025-09-13 23:28:44.426 T:18246    info <general>: Addon Mananger: Found addon: 'kodi.binary.global.main v2.0.2'
09-13 23:28:44.426 18224 18246 I Kodi    : 2025-09-13 23:28:44.426 T:18246    info <general>: Addon Mananger: Found addon: 'kodi.binary.global.network v1.0.4'
09-13 23:28:44.426 18224 18246 I Kodi    : 2025-09-13 23:28:44.426 T:18246    info <general>: Addon Mananger: Found addon: 'kodi.binary.global.tools v1.0.4'
09-13 23:28:44.427 18224 18246 I Kodi    : 2025-09-13 23:28:44.427 T:18246    info <general>: Addon Mananger: Found addon: 'kodi.binary.instance.audiodecoder v4.0.0'
09-13 23:28:44.427 18224 18246 I Kodi    : 2025-09-13 23:28:44.427 T:18246    info <general>: Addon Mananger: Found addon: 'kodi.binary.instance.audioencoder v3.0.0'
09-13 23:28:44.427 18224 18246 I Kodi    : 2025-09-13 23:28:44.427 T:18246    info <general>: Addon Mananger: Found addon: 'kodi.binary.instance.game v4.1.0'
09-13 23:28:44.427 18224 18246 I Kodi    : 2025-09-13 23:28:44.427 T:18246    info <general>: Addon Mananger: Found addon: 'kodi.binary.instance.imagedecoder v3.0.1'
09-13 23:28:44.427 18224 18246 I Kodi    : 2025-09-13 23:28:44.427 T:18246    info <general>: Addon Mananger: Found addon: 'kodi.binary.instance.inputstream v3.3.0'
09-13 23:28:44.428 18224 18246 I Kodi    : 2025-09-13 23:28:44.428 T:18246    info <general>: Addon Mananger: Found addon: 'kodi.binary.instance.peripheral v3.0.2'
09-13 23:28:44.428 18224 18246 I Kodi    : 2025-09-13 23:28:44.428 T:18246    info <general>: Addon Mananger: Found addon: 'kodi.binary.instance.pvr v9.2.0'
09-13 23:28:44.428 18224 18246 I Kodi    : 2025-09-13 23:28:44.428 T:18246    info <general>: Addon Mananger: Found addon: 'kodi.binary.instance.screensaver v2.2.0'
09-13 23:28:44.428 18224 18246 I Kodi    : 2025-09-13 23:28:44.428 T:18246    info <general>: Addon Mananger: Found addon: 'kodi.binary.instance.shaderpreset v1.1.0'
09-13 23:28:44.429 18224 18246 I Kodi    : 2025-09-13 23:28:44.429 T:18246    info <general>: Addon Mananger: Found addon: 'kodi.binary.instance.vfs v3.0.1'
09-13 23:28:44.429 18224 18246 I Kodi    : 2025-09-13 23:28:44.429 T:18246    info <general>: Addon Mananger: Found addon: 'kodi.binary.instance.videocodec v2.1.0'
09-13 23:28:44.429 18224 18246 I Kodi    : 2025-09-13 23:28:44.429 T:18246    info <general>: Addon Mananger: Found addon: 'kodi.binary.instance.visualization v4.0.0'
09-13 23:28:44.429 18224 18246 I Kodi    : 2025-09-13 23:28:44.429 T:18246    info <general>: Addon Mananger: Found addon: 'kodi.resource v1.0.0'
09-13 23:28:44.430 18224 18246 I Kodi    : 2025-09-13 23:28:44.430 T:18246    info <general>: Addon Mananger: Found addon: 'metadata.album.universal v3.1.16'
09-13 23:28:44.430 18224 18246 I Kodi    : 2025-09-13 23:28:44.430 T:18246    info <general>: Addon Mananger: Found addon: 'metadata.artists.universal v4.3.18'
09-13 23:28:44.430 18224 18246 I Kodi    : 2025-09-13 23:28:44.430 T:18246    info <general>: Addon Mananger: Found addon: 'metadata.common.allmusic.com v3.2.2'
09-13 23:28:44.431 18224 18246 I Kodi    : 2025-09-13 23:28:44.431 T:18246    info <general>: Addon Mananger: Found addon: 'metadata.common.fanart.tv v3.6.4'
09-13 23:28:44.431 18224 18246 I Kodi    : 2025-09-13 23:28:44.431 T:18246    info <general>: Addon Mananger: Found addon: 'metadata.common.musicbrainz.org v2.2.4'
09-13 23:28:44.431 18224 18246 I Kodi    : 2025-09-13 23:28:44.431 T:18246    info <general>: Addon Mananger: Found addon: 'metadata.common.theaudiodb.com v2.0.3'
09-13 23:28:44.431 18224 18246 I Kodi    : 2025-09-13 23:28:44.431 T:18246    info <general>: Addon Mananger: Found addon: 'metadata.generic.albums v1.0.18'
09-13 23:28:44.432 18224 18246 I Kodi    : 2025-09-13 23:28:44.432 T:18246    info <general>: Addon Mananger: Found addon: 'metadata.generic.artists v1.0.18'
09-13 23:28:44.432 18224 18246 I Kodi    : 2025-09-13 23:28:44.432 T:18246    info <general>: Addon Mananger: Found addon: 'metadata.local v1.0.1'
09-13 23:28:44.432 18224 18246 I Kodi    : 2025-09-13 23:28:44.432 T:18246    info <general>: Addon Mananger: Found addon: 'metadata.themoviedb.org.python v3.1.1'
09-13 23:28:44.432 18224 18246 I Kodi    : 2025-09-13 23:28:44.432 T:18246    info <general>: Addon Mananger: Found addon: 'metadata.tvshows.themoviedb.org.python v1.7.3'
09-13 23:28:44.433 18224 18246 I Kodi    : 2025-09-13 23:28:44.433 T:18246    info <general>: Addon Mananger: Found addon: 'peripheral.joystick v22.0.4'
09-13 23:28:44.433 18224 18246 I Kodi    : 2025-09-13 23:28:44.433 T:18246    info <general>: Addon Mananger: Found addon: 'repository.pigeonhole.streaming v1.0.1'
09-13 23:28:44.433 18224 18246 I Kodi    : 2025-09-13 23:28:44.433 T:18246    info <general>: Addon Mananger: Found addon: 'repository.xbmc.org v3.5.0'
09-13 23:28:44.433 18224 18246 I Kodi    : 2025-09-13 23:28:44.433 T:18246    info <general>: Addon Mananger: Found addon: 'resource.images.weathericons.default v1.1.9'
09-13 23:28:44.434 18224 18246 I Kodi    : 2025-09-13 23:28:44.434 T:18246    info <general>: Addon Mananger: Found addon: 'resource.language.en_gb v2.0.2'
09-13 23:28:44.434 18224 18246 I Kodi    : 2025-09-13 23:28:44.434 T:18246    info <general>: Addon Mananger: Found addon: 'resource.uisounds.kodi v1.0.1'
09-13 23:28:44.434 18224 18246 I Kodi    : 2025-09-13 23:28:44.434 T:18246    info <general>: Addon Mananger: Found addon: 'screensaver.xbmc.builtin.black v1.0.34'
09-13 23:28:44.434 18224 18246 I Kodi    : 2025-09-13 23:28:44.434 T:18246    info <general>: Addon Mananger: Found addon: 'screensaver.xbmc.builtin.dim v1.0.66'
09-13 23:28:44.434 18224 18246 I Kodi    : 2025-09-13 23:28:44.434 T:18246    info <general>: Addon Mananger: Found addon: 'script.module.pil v5.1.0'
